12-25 01:02:42.901  2027  2035 D BootAnimation: Playing files = /product/media/bootanimation.zip/part1, Requested repeat = 0, playUntilComplete = true
12-25 01:02:43.045  1847  1847 W libbinder.ServiceManagerCppClient: Waited one second for android.hardware.power.IPower/default (is service started? Number of threads started in the threadpool: 32. Are binder threads started and available?)
12-25 01:02:43.046   647  2520 W libc    : Unable to set property "ctl.interface_start" to "aidl/android.hardware.power.IPower/default": PROP_ERROR_HANDLE_CONTROL_MESSAGE (0x20)
12-25 01:02:43.262  1334  1334 W libbinder.ServiceManagerCppClient: Waited one second for activity (is service started? Number of threads started in the threadpool: 16. Are binder threads started and available?)
12-25 01:02:43.263   647  2521 W libc    : Unable to set property "ctl.interface_start" to "aidl/activity": PROP_ERROR_HANDLE_CONTROL_MESSAGE (0x20)
12-25 01:02:43.538  1363  1363 I tftp_server: pid=1363 tid=1363 tftp-server : INF :[tftp_server.c, 659] rcvd request [3] [73] [1] [3] [92]
12-25 01:02:43.539  1363  2527 I tftp_server: pid=1363 tid=2527 tftp-server : INF :[tftp_server_utils.c, 136] file [readwrite/mcfg.tmp] : [/vendor/rfs/mdm/mpss/readwrite/mcfg.tmp]
12-25 01:02:43.539  1363  2527 I tftp_server: pid=1363 tid=2527 tftp-server : INF :[tftp_server.c, 1211] OACK options [port: 92] : [7680, 1000, 0, 10, 0, 0, 0, 0]
12-25 01:02:43.539  1363  2527 I tftp_server: pid=1363 tid=2527 tftp-server : INF :[tftp_os_la.c, 63] open : [-1] [-1] [384] [0] [/vendor/rfs/mdm/mpss/readwrite/mcfg.tmp]
12-25 01:02:43.539  1363  2527 E tftp_server: pid=1363 tid=2527 tftp-server : ERR :[tftp_os_la.c, 70] open failed: [2] [No such file or directory]
12-25 01:02:43.539  1363  2527 E tftp_server: pid=1363 tid=2527 tftp-server : ERR :[tftp_server.c, 1750] open failed : [-2] [Unknown error -2]
12-25 01:02:43.543  1363  2527 E tftp_server: pid=1363 tid=2527 tftp-server : ERR :[tftp_protocol.c, 1231] sending error-pkt. Code = 1, Msg = Err=2 String=No such file or directory
12-25 01:02:43.543  1363  2527 I tftp_server: pid=1363 tid=2527 tftp-server : INF :[tftp_server.c, 1817] RRQ Total API = 3981
12-25 01:02:43.548  1363  1363 I tftp_server: pid=1363 tid=1363 tftp-server : INF :[tftp_server.c, 659] rcvd request [3] [65] [2] [3] [93]
12-25 01:02:43.548  1363  2528 I tftp_server: pid=1363 tid=2528 tftp-server : INF :[tftp_server_utils.c, 136] file [readwrite/mcfg.tmp] : [/vendor/rfs/mdm/mpss/readwrite/mcfg.tmp]
12-25 01:02:43.549  1363  2528 I tftp_server: pid=1363 tid=2528 tftp-server : INF :[tftp_server.c, 1211] OACK options [port: 93] : [7680, 1000, 10, 0, 0, 0, 0, 0]
12-25 01:02:43.549  1363  2528 I tftp_server: pid=1363 tid=2528 tftp-server : INF :[tftp_os_la.c, 63] open : [-1] [-1] [384] [577] [/vendor/rfs/mdm/mpss/readwrite/mcfg.tmp]
12-25 01:02:43.561  1363  1363 I tftp_server: pid=1363 tid=1363 tftp-server : INF :[tftp_server.c, 659] rcvd request [3] [73] [1] [3] [94]
12-25 01:02:43.561  1363  2529 I tftp_server: pid=1363 tid=2529 tftp-server : INF :[tftp_server_utils.c, 136] file [readwrite/mcfg.tmp] : [/vendor/rfs/mdm/mpss/readwrite/mcfg.tmp]
12-25 01:02:43.561  1363  2529 I tftp_server: pid=1363 tid=2529 tftp-server : INF :[tftp_server.c, 1211] OACK options [port: 94] : [7680, 1000, 1, 10, 0, 0, 0, 0]
12-25 01:02:43.561  1363  2529 I tftp_server: pid=1363 tid=2529 tftp-server : INF :[tftp_os_la.c, 63] open : [-1] [-1] [384] [0] [/vendor/rfs/mdm/mpss/readwrite/mcfg.tmp]
12-25 01:02:43.566  1363  2529 I tftp_server: pid=1363 tid=2529 tftp-server : INF :[tftp_protocol.c, 744] Recd END OF TRANSFER pkt. Code = 9, Msg = End of Transfer
12-25 01:02:43.566  1363  2529 I tftp_server: pid=1363 tid=2529 tftp-server : INF :[tftp_server.c, 1328] RRQ stats [port: 0]: sent_size = 94 total-blocks = 0 total-bytes = 0 timedout-pkts = 0, wrong-pkts 
12-25 01:02:43.566  1363  2529 I tftp_server: pid=1363 tid=2529 tftp-server : INF :[tftp_server.c, 1335] RRQ file stats [port: 94]: fread [Total, Max, Min] = [0, 0, 0]
12-25 01:02:43.566  1363  2529 I tftp_server: pid=1363 tid=2529 tftp-server : INF :[tftp_server.c, 1339] RRQ time stats : Total : [TX, RX] = [2847, 1892]
12-25 01:02:43.566  1363  2529 I tftp_server: pid=1363 tid=2529 tftp-server : INF :[tftp_server.c, 1346] RRQ time stats [port: 94]: Tx/Rx [Min, Max] = [2847, 2847, 1892, 1892]
12-25 01:02:43.566  1363  2529 I tftp_server: pid=1363 tid=2529 tftp-server : INF :[tftp_server.c, 1362] RRQ was successfully processed.
12-25 01:02:43.566  1363  2529 I tftp_server: pid=1363 tid=2529 tftp-server : INF :[tftp_server.c, 1817] RRQ Total API = 5122
12-25 01:02:43.571  1363  1363 I tftp_server: pid=1363 tid=1363 tftp-server : INF :[tftp_server.c, 659] rcvd request [3] [65] [2] [3] [95]
12-25 01:02:43.571  1363  2530 I tftp_server: pid=1363 tid=2530 tftp-server : INF :[tftp_server_utils.c, 136] file [readwrite/mcfg.tmp] : [/vendor/rfs/mdm/mpss/readwrite/mcfg.tmp]
12-25 01:02:43.571  1363  2530 I tftp_server: pid=1363 tid=2530 tftp-server : INF :[tftp_server.c, 1211] OACK options [port: 95] : [7680, 1000, 0, 0, 0, 0, 0, 0]
12-25 01:02:43.571  1363  2530 I tftp_server: pid=1363 tid=2530 tftp-server : INF :[tftp_server.c, 1606] unlink was success
12-25 01:02:43.573  1363  2530 I tftp_server: pid=1363 tid=2530 tftp-server : INF :[tftp_server.c, 1817] WRQ Total API = 2356
12-25 01:02:43.581  1363  1363 I tftp_server: pid=1363 tid=1363 tftp-server : INF :[tftp_server.c, 659] rcvd request [3] [119] [1] [3] [96]
12-25 01:02:43.581  1363  2531 I tftp_server: pid=1363 tid=2531 tftp-server : INF :[tftp_server_utils.c, 136] file [readonly/firmware/image/modem_pr/mcfg/configs/mcfg_hw/mbn_hw.dig] : [/vendor/rfs/mdm/mps
12-25 01:02:43.581  1363  2531 I tftp_server: pid=1363 tid=2531 tftp-server : INF :[tftp_server.c, 1211] OACK options [port: 96] : [7680, 1000, 32, 10, 0, 0, 0, 0]
12-25 01:02:43.581  1363  2531 I tftp_server: pid=1363 tid=2531 tftp-server : INF :[tftp_os_la.c, 63] open : [-1] [-1] [384] [0] [/vendor/rfs/mdm/mpss/readonly/firmware/image/modem_pr/mcfg/configs/mcfg_hw
12-25 01:02:43.585  1363  2531 I tftp_server: pid=1363 tid=2531 tftp-server : INF :[tftp_protocol.c, 744] Recd END OF TRANSFER pkt. Code = 9, Msg = End of Transfer
12-25 01:02:43.585  1363  2531 I tftp_server: pid=1363 tid=2531 tftp-server : INF :[tftp_server.c, 1328] RRQ stats [port: 0]: sent_size = 96 total-blocks = 0 total-bytes = 0 timedout-pkts = 0, wrong-pkts 
12-25 01:02:43.585  1363  2531 I tftp_server: pid=1363 tid=2531 tftp-server : INF :[tftp_server.c, 1335] RRQ file stats [port: 96]: fread [Total, Max, Min] = [0, 0, 0]
12-25 01:02:43.585  1363  2531 I tftp_server: pid=1363 tid=2531 tftp-server : INF :[tftp_server.c, 1339] RRQ time stats : Total : [TX, RX] = [1732, 1958]
12-25 01:02:43.585  1363  2531 I tftp_server: pid=1363 tid=2531 tftp-server : INF :[tftp_server.c, 1346] RRQ time stats [port: 96]: Tx/Rx [Min, Max] = [1732, 1732, 1958, 1958]
12-25 01:02:43.585  1363  2531 I tftp_server: pid=1363 tid=2531 tftp-server : INF :[tftp_server.c, 1362] RRQ was successfully processed.
12-25 01:02:43.585  1363  2531 I tftp_server: pid=1363 tid=2531 tftp-server : INF :[tftp_server.c, 1817] RRQ Total API = 4123
12-25 01:02:43.590  1363  1363 I tftp_server: pid=1363 tid=1363 tftp-server : INF :[tftp_server.c, 659] rcvd request [3] [127] [1] [3] [97]
12-25 01:02:43.590  1363  2532 I tftp_server: pid=1363 tid=2532 tftp-server : INF :[tftp_server_utils.c, 136] file [readonly/firmware/image/modem_pr/mcfg/configs/mcfg_hw/mbn_hw.dig] : [/vendor/rfs/mdm/mps
12-25 01:02:43.590  1363  2532 I tftp_server: pid=1363 tid=2532 tftp-server : INF :[tftp_server.c, 1211] OACK options [port: 97] : [7680, 1000, 0, 10, 32, 0, 0, 0]
12-25 01:02:43.590  1363  2532 I tftp_server: pid=1363 tid=2532 tftp-server : INF :[tftp_os_la.c, 63] open : [-1] [-1] [384] [0] [/vendor/rfs/mdm/mpss/readonly/firmware/image/modem_pr/mcfg/configs/mcfg_hw
12-25 01:02:43.598  1363  2532 I tftp_server: pid=1363 tid=2532 tftp-server : INF :[tftp_server.c, 1328] RRQ stats [port: 32]: sent_size = 97 total-blocks = 1 total-bytes = 32 timedout-pkts = 0, wrong-pkt
12-25 01:02:43.598  1363  2532 I tftp_server: pid=1363 tid=2532 tftp-server : INF :[tftp_server.c, 1335] RRQ file stats [port: 97]: fread [Total, Max, Min] = [10, 10, 0]
12-25 01:02:43.598  1363  2532 I tftp_server: pid=1363 tid=2532 tftp-server : INF :[tftp_server.c, 1339] RRQ time stats : Total : [TX, RX] = [3168, 4112]
12-25 01:02:43.598  1363  2532 I tftp_server: pid=1363 tid=2532 tftp-server : INF :[tftp_server.c, 1346] RRQ time stats [port: 97]: Tx/Rx [Min, Max] = [1545, 1623, 2011, 2101]
12-25 01:02:43.598  1363  2532 I tftp_server: pid=1363 tid=2532 tftp-server : INF :[tftp_server.c, 1362] RRQ was successfully processed.
12-25 01:02:43.598  1363  2532 I tftp_server: pid=1363 tid=2532 tftp-server : INF :[tftp_server.c, 1817] RRQ Total API = 7663
12-25 01:02:43.603  1363  1363 I tftp_server: pid=1363 tid=1363 tftp-server : INF :[tftp_server.c, 659] rcvd request [3] [119] [1] [3] [98]
12-25 01:02:43.603  1363  2533 I tftp_server: pid=1363 tid=2533 tftp-server : INF :[tftp_server_utils.c, 136] file [readonly/firmware/image/modem_pr/mcfg/configs/mcfg_sw/mbn_sw.dig] : [/vendor/rfs/mdm/mps
12-25 01:02:43.603  1363  2533 I tftp_server: pid=1363 tid=2533 tftp-server : INF :[tftp_server.c, 1211] OACK options [port: 98] : [7680, 1000, 32, 10, 0, 0, 0, 0]
12-25 01:02:43.603  1363  2533 I tftp_server: pid=1363 tid=2533 tftp-server : INF :[tftp_os_la.c, 63] open : [-1] [-1] [384] [0] [/vendor/rfs/mdm/mpss/readonly/firmware/image/modem_pr/mcfg/configs/mcfg_sw
12-25 01:02:43.606  1363  2533 I tftp_server: pid=1363 tid=2533 tftp-server : INF :[tftp_protocol.c, 744] Recd END OF TRANSFER pkt. Code = 9, Msg = End of Transfer
12-25 01:02:43.606  1363  2533 I tftp_server: pid=1363 tid=2533 tftp-server : INF :[tftp_server.c, 1328] RRQ stats [port: 0]: sent_size = 98 total-blocks = 0 total-bytes = 0 timedout-pkts = 0, wrong-pkts 
12-25 01:02:43.606  1363  2533 I tftp_server: pid=1363 tid=2533 tftp-server : INF :[tftp_server.c, 1335] RRQ file stats [port: 98]: fread [Total, Max, Min] = [0, 0, 0]
12-25 01:02:43.606  1363  2533 I tftp_server: pid=1363 tid=2533 tftp-server : INF :[tftp_server.c, 1339] RRQ time stats : Total : [TX, RX] = [1657, 1769]
12-25 01:02:43.606  1363  2533 I tftp_server: pid=1363 tid=2533 tftp-server : INF :[tftp_server.c, 1346] RRQ time stats [port: 98]: Tx/Rx [Min, Max] = [1657, 1657, 1769, 1769]
12-25 01:02:43.606  1363  2533 I tftp_server: pid=1363 tid=2533 tftp-server : INF :[tftp_server.c, 1362] RRQ was successfully processed.
12-25 01:02:43.606  1363  2533 I tftp_server: pid=1363 tid=2533 tftp-server : INF :[tftp_server.c, 1817] RRQ Total API = 3800
12-25 01:02:43.611  1363  1363 I tftp_server: pid=1363 tid=1363 tftp-server : INF :[tftp_server.c, 659] rcvd request [3] [127] [1] [3] [99]
12-25 01:02:43.611  1363  2534 I tftp_server: pid=1363 tid=2534 tftp-server : INF :[tftp_server_utils.c, 136] file [readonly/firmware/image/modem_pr/mcfg/configs/mcfg_sw/mbn_sw.dig] : [/vendor/rfs/mdm/mps
12-25 01:02:43.611  1363  2534 I tftp_server: pid=1363 tid=2534 tftp-server : INF :[tftp_server.c, 1211] OACK options [port: 99] : [7680, 1000, 0, 10, 32, 0, 0, 0]
12-25 01:02:43.611  1363  2534 I tftp_server: pid=1363 tid=2534 tftp-server : INF :[tftp_os_la.c, 63] open : [-1] [-1] [384] [0] [/vendor/rfs/mdm/mpss/readonly/firmware/image/modem_pr/mcfg/configs/mcfg_sw
12-25 01:02:43.619  1363  2534 I tftp_server: pid=1363 tid=2534 tftp-server : INF :[tftp_server.c, 1328] RRQ stats [port: 32]: sent_size = 99 total-blocks = 1 total-bytes = 32 timedout-pkts = 0, wrong-pkt
12-25 01:02:43.619  1363  2534 I tftp_server: pid=1363 tid=2534 tftp-server : INF :[tftp_server.c, 1335] RRQ file stats [port: 99]: fread [Total, Max, Min] = [7, 7, 0]
12-25 01:02:43.619  1363  2534 I tftp_server: pid=1363 tid=2534 tftp-server : INF :[tftp_server.c, 1339] RRQ time stats : Total : [TX, RX] = [3161, 4335]
12-25 01:02:43.619  1363  2534 I tftp_server: pid=1363 tid=2534 tftp-server : INF :[tftp_server.c, 1346] RRQ time stats [port: 99]: Tx/Rx [Min, Max] = [1532, 1629, 2107, 2228]
12-25 01:02:43.619  1363  2534 I tftp_server: pid=1363 tid=2534 tftp-server : INF :[tftp_server.c, 1362] RRQ was successfully processed.
12-25 01:02:43.619  1363  2534 I tftp_server: pid=1363 tid=2534 tftp-server : INF :[tftp_server.c, 1817] RRQ Total API = 7864
12-25 01:02:43.905  2027  2035 D BootAnimation: Playing files = /product/media/bootanimation.zip/part1, Requested repeat = 0, playUntilComplete = true
12-25 01:02:44.046  1847  1847 W libbinder.ServiceManagerCppClient: Waited one second for android.hardware.power.IPower/default (is service started? Number of threads started in the threadpool: 32. Are binder threads started and available?)
12-25 01:02:44.047   647  2535 W libc    : Unable to set property "ctl.interface_start" to "aidl/android.hardware.power.IPower/default": PROP_ERROR_HANDLE_CONTROL_MESSAGE (0x20)
12-25 01:02:44.263  1334  1334 W libbinder.ServiceManagerCppClient: Waited one second for activity (is service started? Number of threads started in the threadpool: 16. Are binder threads started and available?)
12-25 01:02:44.263   647  2536 W libc    : Unable to set property "ctl.interface_start" to "aidl/activity": PROP_ERROR_HANDLE_CONTROL_MESSAGE (0x20)
12-25 01:02:44.608  1363  2528 I tftp_server: pid=1363 tid=2528 tftp-server : INF :[tftp_server.c, 1509] WRQ stats : total-blocks = 1 : total-bytes = 1 : 1 timedout-pkts = 0, wrong-pkts = 0
12-25 01:02:44.608  1363  2528 I tftp_server: pid=1363 tid=2528 tftp-server : INF :[tftp_server.c, 1517] WRQ file stats [port: 93]: Total : [fwrite, fflush] = [2, 1491] max: 2 min: 0
12-25 01:02:44.608  1363  2528 I tftp_server: pid=1363 tid=2528 tftp-server : INF :[tftp_server.c, 1521] WRQ time stats : Total : [TX, RX] = [5138, 1887]
12-25 01:02:44.608  1363  2528 I tftp_server: pid=1363 tid=2528 tftp-server : INF :[tftp_server.c, 1525] WRQ time stats : Tx [Min, Max] = [2379, 2759]
12-25 01:02:44.608  1363  2528 I tftp_server: pid=1363 tid=2528 tftp-server : INF :[tftp_server.c, 1530] WRQ time stats [port : 93]: Rx [Min, Max] = [1887, 1887]
12-25 01:02:44.609  1363  2528 I tftp_server: pid=1363 tid=2528 tftp-server : INF :[tftp_server.c, 1817] WRQ Total API = 1060090
12-25 01:02:44.909  2027  2035 D BootAnimation: Playing files = /product/media/bootanimation.zip/part1, Requested repeat = 0, playUntilComplete = true
12-25 01:02:45.047  1847  1847 W libbinder.ServiceManagerCppClient: Waited one second for android.hardware.power.IPower/default (is service started? Number of threads started in the threadpool: 32. Are binder threads started and available?)
12-25 01:02:45.048   647  2542 W libc    : Unable to set property "ctl.interface_start" to "aidl/android.hardware.power.IPower/default": PROP_ERROR_HANDLE_CONTROL_MESSAGE (0x20)
12-25 01:02:45.203  1805  1805 E Diag_Lib:  Diag_LSM_Init: Failed to open handle to diag driver, error = 13
12-25 01:02:45.203  1805  1805 E Diag_Lib: qpLogDiagInit <== result : 0
12-25 01:02:45.203  1805  1805 E Diag_Lib: DATAD : gIsQXDMDisabled 0, gIsADBDisabled 1, gIsDebugDisabled 0, gIsIMSLogsDisabled 0
12-25 01:02:45.203  1805  1805 E Diag_Lib:  Diag_LSM_Init: Failed to open handle to diag driver, error = 13
12-25 01:02:45.203  1805  1805 E Diag_Lib: qpLogDiagInit <== result : 0
12-25 01:02:45.203  1805  1805 E Diag_Lib: DATAD : gIsQXDMDisabled 0, gIsADBDisabled 1, gIsDebugDisabled 0, gIsIMSLogsDisabled 0
12-25 01:02:45.203  1805  1805 E Diag_Lib:  Diag_LSM_Init: Failed to open handle to diag driver, error = 13
12-25 01:02:45.203  1805  1805 E Diag_Lib: qpLogDiagInit <== result : 0
12-25 01:02:45.203  1805  1805 E Diag_Lib: DATAD : gIsQXDMDisabled 0, gIsADBDisabled 1, gIsDebugDisabled 0, gIsIMSLogsDisabled 0
12-25 01:02:45.203  1805  1805 E Diag_Lib:  Diag_LSM_Init: Failed to open handle to diag driver, error = 13
12-25 01:02:45.203  1805  1805 E Diag_Lib: qpLogDiagInit <== result : 0
12-25 01:02:45.203  1805  1805 E Diag_Lib: DATAD : gIsQXDMDisabled 0, gIsADBDisabled 1, gIsDebugDisabled 0, gIsIMSLogsDisabled 0
12-25 01:02:45.204  2396  2403 E Diag_Lib: [IMS_AP_RTP]"qvp_rtp_deregister_cmd :: remaining num_users 1 "
12-25 01:02:45.206  1805  1805 E Diag_Lib:  Diag_LSM_Init: Failed to open handle to diag driver, error = 13
12-25 01:02:45.206  1805  1805 E Diag_Lib: qpLogDiagInit <== result : 0
12-25 01:02:45.206  1805  1805 E Diag_Lib: DATAD : gIsQXDMDisabled 0, gIsADBDisabled 1, gIsDebugDisabled 0, gIsIMSLogsDisabled 0
12-25 01:02:45.263  1334  1334 W libbinder.ServiceManagerCppClient: Waited one second for activity (is service started? Number of threads started in the threadpool: 16. Are binder threads started and available?)
12-25 01:02:45.264   647  2543 W libc    : Unable to set property "ctl.interface_start" to "aidl/activity": PROP_ERROR_HANDLE_CONTROL_MESSAGE (0x20)
12-25 01:02:45.457  2544  2544 I libperfmgr: Pixel Power HAL AIDL Service with Extension is starting with config: /vendor/etc/powerhint.json
12-25 01:02:45.459  2544  2544 W libperfmgr: In nodeCPULittleClusterMaxFreq old node path format detected.
12-25 01:02:45.459  2544  2544 E libperfmgr: Failed to read Node[0]'s Paths
12-25 01:02:45.459  2544  2544 I libperfmgr: Failed to read Node[0]'s Truncate, set to 'true'
12-25 01:02:45.459  2544  2544 I libperfmgr: Failed to read Node[0]'s HoldFd, set to 'false'
12-25 01:02:45.459  2544  2544 I libperfmgr: Failed to read Node[0]'s WriteOnly, set to 'false'
12-25 01:02:45.459  2544  2544 I libperfmgr: Failed to read Node[0]'s AllowFailure, set to 'false'
12-25 01:02:45.459  2544  2544 W libperfmgr: In nodeCPULittleClusterMinFreq old node path format detected.
12-25 01:02:45.459  2544  2544 E libperfmgr: Failed to read Node[1]'s Paths
12-25 01:02:45.459  2544  2544 I libperfmgr: Failed to read Node[1]'s DefaultIndex, set to last index: 4
12-25 01:02:45.459  2544  2544 I libperfmgr: Failed to read Node[1]'s Truncate, set to 'true'
12-25 01:02:45.459  2544  2544 I libperfmgr: Failed to read Node[1]'s HoldFd, set to 'false'
12-25 01:02:45.459  2544  2544 I libperfmgr: Failed to read Node[1]'s WriteOnly, set to 'false'
12-25 01:02:45.459  2544  2544 I libperfmgr: Failed to read Node[1]'s AllowFailure, set to 'false'
12-25 01:02:45.459  2544  2544 W libperfmgr: In nodeCPUBigClusterMaxFreq old node path format detected.
12-25 01:02:45.459  2544  2544 E libperfmgr: Failed to read Node[2]'s Paths
12-25 01:02:45.459  2544  2544 I libperfmgr: Failed to read Node[2]'s Truncate, set to 'true'
12-25 01:02:45.459  2544  2544 I libperfmgr: Failed to read Node[2]'s HoldFd, set to 'false'
12-25 01:02:45.459  2544  2544 I libperfmgr: Failed to read Node[2]'s WriteOnly, set to 'false'
12-25 01:02:45.459  2544  2544 I libperfmgr: Failed to read Node[2]'s AllowFailure, set to 'false'
12-25 01:02:45.459  2544  2544 W libperfmgr: In nodeCPUBigClusterMinFreq old node path format detected.
12-25 01:02:45.459  2544  2544 E libperfmgr: Failed to read Node[3]'s Paths
12-25 01:02:45.459  2544  2544 I libperfmgr: Failed to read Node[3]'s DefaultIndex, set to last index: 5
12-25 01:02:45.459  2544  2544 I libperfmgr: Failed to read Node[3]'s Truncate, set to 'true'
12-25 01:02:45.459  2544  2544 I libperfmgr: Failed to read Node[3]'s HoldFd, set to 'false'
12-25 01:02:45.459  2544  2544 I libperfmgr: Failed to read Node[3]'s WriteOnly, set to 'false'
12-25 01:02:45.459  2544  2544 I libperfmgr: Failed to read Node[3]'s AllowFailure, set to 'false'
12-25 01:02:45.459  2544  2544 W libperfmgr: In nodeCPUBigPlusClusterMaxFreq old node path format detected.
12-25 01:02:45.459  2544  2544 E libperfmgr: Failed to read Node[4]'s Paths
12-25 01:02:45.459  2544  2544 I libperfmgr: Failed to read Node[4]'s Truncate, set to 'true'
12-25 01:02:45.459  2544  2544 I libperfmgr: Failed to read Node[4]'s HoldFd, set to 'false'
12-25 01:02:45.459  2544  2544 I libperfmgr: Failed to read Node[4]'s WriteOnly, set to 'false'
12-25 01:02:45.459  2544  2544 I libperfmgr: Failed to read Node[4]'s AllowFailure, set to 'false'
12-25 01:02:45.459  2544  2544 W libperfmgr: In nodeCPUBigPlusClusterMinFreq old node path format detected.
12-25 01:02:45.459  2544  2544 E libperfmgr: Failed to read Node[5]'s Paths
12-25 01:02:45.459  2544  2544 I libperfmgr: Failed to read Node[5]'s DefaultIndex, set to last index: 6
12-25 01:02:45.459  2544  2544 I libperfmgr: Failed to read Node[5]'s Truncate, set to 'true'
12-25 01:02:45.459  2544  2544 I libperfmgr: Failed to read Node[5]'s HoldFd, set to 'false'
12-25 01:02:45.459  2544  2544 I libperfmgr: Failed to read Node[5]'s WriteOnly, set to 'false'
12-25 01:02:45.459  2544  2544 I libperfmgr: Failed to read Node[5]'s AllowFailure, set to 'false'
12-25 01:02:45.459  2544  2544 W libperfmgr: In nodeGPUMaxFreq old node path format detected.
12-25 01:02:45.459  2544  2544 E libperfmgr: Failed to read Node[6]'s Paths
12-25 01:02:45.459  2544  2544 I libperfmgr: Failed to read Node[6]'s Truncate, set to 'true'
12-25 01:02:45.459  2544  2544 I libperfmgr: Failed to read Node[6]'s HoldFd, set to 'false'
12-25 01:02:45.459  2544  2544 I libperfmgr: Failed to read Node[6]'s WriteOnly, set to 'false'
12-25 01:02:45.459  2544  2544 I libperfmgr: Failed to read Node[6]'s AllowFailure, set to 'false'
12-25 01:02:45.459  2544  2544 W libperfmgr: In nodeGPUMinFreq old node path format detected.
12-25 01:02:45.459  2544  2544 E libperfmgr: Failed to read Node[7]'s Paths
12-25 01:02:45.459  2544  2544 I libperfmgr: Failed to read Node[7]'s DefaultIndex, set to last index: 7
12-25 01:02:45.459  2544  2544 I libperfmgr: Failed to read Node[7]'s Truncate, set to 'true'
12-25 01:02:45.459  2544  2544 I libperfmgr: Failed to read Node[7]'s HoldFd, set to 'false'
12-25 01:02:45.459  2544  2544 I libperfmgr: Failed to read Node[7]'s WriteOnly, set to 'false'
12-25 01:02:45.459  2544  2544 I libperfmgr: Failed to read Node[7]'s AllowFailure, set to 'false'
12-25 01:02:45.459  2544  2544 W libperfmgr: In nodeGPUForceRailOn old node path format detected.
12-25 01:02:45.459  2544  2544 E libperfmgr: Failed to read Node[8]'s Paths
12-25 01:02:45.459  2544  2544 I libperfmgr: Failed to read Node[8]'s DefaultIndex, set to last index: 1
12-25 01:02:45.459  2544  2544 I libperfmgr: Failed to read Node[8]'s Truncate, set to 'true'
12-25 01:02:45.459  2544  2544 I libperfmgr: Failed to read Node[8]'s HoldFd, set to 'false'
12-25 01:02:45.459  2544  2544 I libperfmgr: Failed to read Node[8]'s WriteOnly, set to 'false'
12-25 01:02:45.460  2544  2544 I libperfmgr: Failed to read Node[8]'s AllowFailure, set to 'false'
12-25 01:02:45.460  2544  2544 W libperfmgr: In nodeGPUForceClkOn old node path format detected.
12-25 01:02:45.460  2544  2544 E libperfmgr: Failed to read Node[9]'s Paths
12-25 01:02:45.460  2544  2544 I libperfmgr: Failed to read Node[9]'s DefaultIndex, set to last index: 1
12-25 01:02:45.460  2544  2544 I libperfmgr: Failed to read Node[9]'s Truncate, set to 'true'
12-25 01:02:45.460  2544  2544 I libperfmgr: Failed to read Node[9]'s HoldFd, set to 'false'
12-25 01:02:45.460  2544  2544 I libperfmgr: Failed to read Node[9]'s WriteOnly, set to 'false'
12-25 01:02:45.460  2544  2544 I libperfmgr: Failed to read Node[9]'s AllowFailure, set to 'false'
12-25 01:02:45.460  2544  2544 W libperfmgr: In nodeGPUIdleTimer old node path format detected.
12-25 01:02:45.460  2544  2544 E libperfmgr: Failed to read Node[10]'s Paths
12-25 01:02:45.460  2544  2544 I libperfmgr: Failed to read Node[10]'s DefaultIndex, set to last index: 1
12-25 01:02:45.460  2544  2544 I libperfmgr: Failed to read Node[10]'s Truncate, set to 'true'
12-25 01:02:45.460  2544  2544 I libperfmgr: Failed to read Node[10]'s HoldFd, set to 'false'
12-25 01:02:45.460  2544  2544 I libperfmgr: Failed to read Node[10]'s WriteOnly, set to 'false'
12-25 01:02:45.460  2544  2544 I libperfmgr: Failed to read Node[10]'s AllowFailure, set to 'false'
12-25 01:02:45.460  2544  2544 W libperfmgr: In nodeCPUBWHystTriggerCount old node path format detected.
12-25 01:02:45.460  2544  2544 E libperfmgr: Failed to read Node[11]'s Paths
12-25 01:02:45.460  2544  2544 I libperfmgr: Failed to read Node[11]'s DefaultIndex, set to last index: 1
12-25 01:02:45.460  2544  2544 I libperfmgr: Failed to read Node[11]'s Truncate, set to 'true'
12-25 01:02:45.460  2544  2544 I libperfmgr: Failed to read Node[11]'s HoldFd, set to 'false'
12-25 01:02:45.460  2544  2544 I libperfmgr: Failed to read Node[11]'s WriteOnly, set to 'false'
12-25 01:02:45.460  2544  2544 I libperfmgr: Failed to read Node[11]'s AllowFailure, set to 'false'
12-25 01:02:45.460  2544  2544 W libperfmgr: In nodeCPUBWHistMemory old node path format detected.
12-25 01:02:45.460  2544  2544 E libperfmgr: Failed to read Node[12]'s Paths
12-25 01:02:45.460  2544  2544 I libperfmgr: Failed to read Node[12]'s DefaultIndex, set to last index: 1
12-25 01:02:45.460  2544  2544 I libperfmgr: Failed to read Node[12]'s Truncate, set to 'true'
12-25 01:02:45.460  2544  2544 I libperfmgr: Failed to read Node[12]'s HoldFd, set to 'false'
12-25 01:02:45.460  2544  2544 I libperfmgr: Failed to read Node[12]'s WriteOnly, set to 'false'
12-25 01:02:45.460  2544  2544 I libperfmgr: Failed to read Node[12]'s AllowFailure, set to 'false'
12-25 01:02:45.460  2544  2544 W libperfmgr: In nodeCPUBWHystLength old node path format detected.
12-25 01:02:45.460  2544  2544 E libperfmgr: Failed to read Node[13]'s Paths
12-25 01:02:45.460  2544  2544 I libperfmgr: Failed to read Node[13]'s DefaultIndex, set to last index: 1
12-25 01:02:45.460  2544  2544 I libperfmgr: Failed to read Node[13]'s Truncate, set to 'true'
12-25 01:02:45.460  2544  2544 I libperfmgr: Failed to read Node[13]'s HoldFd, set to 'false'
12-25 01:02:45.460  2544  2544 I libperfmgr: Failed to read Node[13]'s WriteOnly, set to 'false'
12-25 01:02:45.460  2544  2544 I libperfmgr: Failed to read Node[13]'s AllowFailure, set to 'false'
12-25 01:02:45.460  2544  2544 W libperfmgr: In nodeCPUBWSampleMs old node path format detected.
12-25 01:02:45.460  2544  2544 E libperfmgr: Failed to read Node[14]'s Paths
12-25 01:02:45.460  2544  2544 I libperfmgr: Failed to read Node[14]'s DefaultIndex, set to last index: 1
12-25 01:02:45.460  2544  2544 I libperfmgr: Failed to read Node[14]'s Truncate, set to 'true'
12-25 01:02:45.460  2544  2544 I libperfmgr: Failed to read Node[14]'s HoldFd, set to 'false'
12-25 01:02:45.460  2544  2544 I libperfmgr: Failed to read Node[14]'s WriteOnly, set to 'false'
12-25 01:02:45.460  2544  2544 I libperfmgr: Failed to read Node[14]'s AllowFailure, set to 'false'
12-25 01:02:45.460  2544  2544 W libperfmgr: In nodeCPUBWIOPercent old node path format detected.
12-25 01:02:45.460  2544  2544 E libperfmgr: Failed to read Node[15]'s Paths
12-25 01:02:45.460  2544  2544 I libperfmgr: Failed to read Node[15]'s DefaultIndex, set to last index: 1
12-25 01:02:45.460  2544  2544 I libperfmgr: Failed to read Node[15]'s Truncate, set to 'true'
12-25 01:02:45.460  2544  2544 I libperfmgr: Failed to read Node[15]'s HoldFd, set to 'false'
12-25 01:02:45.460  2544  2544 I libperfmgr: Failed to read Node[15]'s WriteOnly, set to 'false'
12-25 01:02:45.460  2544  2544 I libperfmgr: Failed to read Node[15]'s AllowFailure, set to 'false'
12-25 01:02:45.460  2544  2544 W libperfmgr: In nodeCPUBWMinFreq old node path format detected.
12-25 01:02:45.460  2544  2544 E libperfmgr: Failed to read Node[16]'s Paths
12-25 01:02:45.460  2544  2544 I libperfmgr: Failed to read Node[16]'s DefaultIndex, set to last index: 2
12-25 01:02:45.460  2544  2544 I libperfmgr: Failed to read Node[16]'s Truncate, set to 'true'
12-25 01:02:45.460  2544  2544 I libperfmgr: Failed to read Node[16]'s HoldFd, set to 'false'
12-25 01:02:45.460  2544  2544 I libperfmgr: Failed to read Node[16]'s WriteOnly, set to 'false'
12-25 01:02:45.460  2544  2544 I libperfmgr: Failed to read Node[16]'s AllowFailure, set to 'false'
12-25 01:02:45.460  2544  2544 W libperfmgr: In nodeLLCCBWMinFreq old node path format detected.
12-25 01:02:45.460  2544  2544 E libperfmgr: Failed to read Node[17]'s Paths
12-25 01:02:45.460  2544  2544 I libperfmgr: Failed to read Node[17]'s DefaultIndex, set to last index: 2
12-25 01:02:45.460  2544  2544 I libperfmgr: Failed to read Node[17]'s Truncate, set to 'true'
12-25 01:02:45.460  2544  2544 I libperfmgr: Failed to read Node[17]'s HoldFd, set to 'false'
12-25 01:02:45.460  2544  2544 I libperfmgr: Failed to read Node[17]'s WriteOnly, set to 'false'
12-25 01:02:45.460  2544  2544 I libperfmgr: Failed to read Node[17]'s AllowFailure, set to 'false'
12-25 01:02:45.460  2544  2544 W libperfmgr: In nodeLLCCBWSampleMs old node path format detected.
12-25 01:02:45.460  2544  2544 E libperfmgr: Failed to read Node[18]'s Paths
12-25 01:02:45.460  2544  2544 I libperfmgr: Failed to read Node[18]'s DefaultIndex, set to last index: 1
12-25 01:02:45.460  2544  2544 I libperfmgr: Failed to read Node[18]'s Truncate, set to 'true'
12-25 01:02:45.460  2544  2544 I libperfmgr: Failed to read Node[18]'s HoldFd, set to 'false'
12-25 01:02:45.460  2544  2544 I libperfmgr: Failed to read Node[18]'s WriteOnly, set to 'false'
12-25 01:02:45.460  2544  2544 I libperfmgr: Failed to read Node[18]'s AllowFailure, set to 'false'
12-25 01:02:45.460  2544  2544 W libperfmgr: In nodeLLCCBWHystLength old node path format detected.
12-25 01:02:45.460  2544  2544 E libperfmgr: Failed to read Node[19]'s Paths
12-25 01:02:45.460  2544  2544 I libperfmgr: Failed to read Node[19]'s DefaultIndex, set to last index: 1
12-25 01:02:45.460  2544  2544 I libperfmgr: Failed to read Node[19]'s Truncate, set to 'true'
12-25 01:02:45.460  2544  2544 I libperfmgr: Failed to read Node[19]'s HoldFd, set to 'false'
12-25 01:02:45.460  2544  2544 I libperfmgr: Failed to read Node[19]'s WriteOnly, set to 'false'
12-25 01:02:45.460  2544  2544 I libperfmgr: Failed to read Node[19]'s AllowFailure, set to 'false'
12-25 01:02:45.460  2544  2544 W libperfmgr: In nodeL3LittleClusterMinFreq old node path format detected.
12-25 01:02:45.460  2544  2544 E libperfmgr: Failed to read Node[20]'s Paths
12-25 01:02:45.460  2544  2544 I libperfmgr: Failed to read Node[20]'s DefaultIndex, set to last index: 1
12-25 01:02:45.460  2544  2544 I libperfmgr: Failed to read Node[20]'s Truncate, set to 'true'
12-25 01:02:45.460  2544  2544 I libperfmgr: Failed to read Node[20]'s HoldFd, set to 'false'
12-25 01:02:45.460  2544  2544 I libperfmgr: Failed to read Node[20]'s WriteOnly, set to 'false'
12-25 01:02:45.460  2544  2544 I libperfmgr: Failed to read Node[20]'s AllowFailure, set to 'false'
12-25 01:02:45.460  2544  2544 W libperfmgr: In nodeLLCCBWHystTriggerCount old node path format detected.
12-25 01:02:45.460  2544  2544 E libperfmgr: Failed to read Node[21]'s Paths
12-25 01:02:45.460  2544  2544 I libperfmgr: Failed to read Node[21]'s DefaultIndex, set to last index: 1
12-25 01:02:45.460  2544  2544 I libperfmgr: Failed to read Node[21]'s Truncate, set to 'true'
12-25 01:02:45.460  2544  2544 I libperfmgr: Failed to read Node[21]'s HoldFd, set to 'false'
12-25 01:02:45.460  2544  2544 I libperfmgr: Failed to read Node[21]'s WriteOnly, set to 'false'
12-25 01:02:45.460  2544  2544 I libperfmgr: Failed to read Node[21]'s AllowFailure, set to 'false'
12-25 01:02:45.460  2544  2544 W libperfmgr: In nodeL3BigClusterMinFreq old node path format detected.
12-25 01:02:45.460  2544  2544 E libperfmgr: Failed to read Node[22]'s Paths
12-25 01:02:45.460  2544  2544 I libperfmgr: Failed to read Node[22]'s DefaultIndex, set to last index: 1
12-25 01:02:45.460  2544  2544 I libperfmgr: Failed to read Node[22]'s Truncate, set to 'true'
12-25 01:02:45.460  2544  2544 I libperfmgr: Failed to read Node[22]'s HoldFd, set to 'false'
12-25 01:02:45.460  2544  2544 I libperfmgr: Failed to read Node[22]'s WriteOnly, set to 'false'
12-25 01:02:45.460  2544  2544 I libperfmgr: Failed to read Node[22]'s AllowFailure, set to 'false'
12-25 01:02:45.460  2544  2544 W libperfmgr: In nodeL3BigPlusClusterMinFreq old node path format detected.
12-25 01:02:45.460  2544  2544 E libperfmgr: Failed to read Node[23]'s Paths
12-25 01:02:45.460  2544  2544 I libperfmgr: Failed to read Node[23]'s DefaultIndex, set to last index: 1
12-25 01:02:45.460  2544  2544 I libperfmgr: Failed to read Node[23]'s Truncate, set to 'true'
12-25 01:02:45.460  2544  2544 I libperfmgr: Failed to read Node[23]'s HoldFd, set to 'false'
12-25 01:02:45.460  2544  2544 I libperfmgr: Failed to read Node[23]'s WriteOnly, set to 'false'
12-25 01:02:45.460  2544  2544 I libperfmgr: Failed to read Node[23]'s AllowFailure, set to 'false'
12-25 01:02:45.460  2544  2544 W libperfmgr: In nodePowerHALMainState old node path format detected.
12-25 01:02:45.460  2544  2544 E libperfmgr: Failed to read Node[24]'s Paths
12-25 01:02:45.460  2544  2544 I libperfmgr: Failed to read Node[24]'s DefaultIndex, set to last index: 1
12-25 01:02:45.460  2544  2544 I libperfmgr: Failed to read Node[24]'s ResetOnInit, set to 'false'
12-25 01:02:45.460  2544  2544 W libperfmgr: In nodePowerHALAudioState old node path format detected.
12-25 01:02:45.460  2544  2544 E libperfmgr: Failed to read Node[25]'s Paths
12-25 01:02:45.460  2544  2544 I libperfmgr: Failed to read Node[25]'s DefaultIndex, set to last index: 1
12-25 01:02:45.460  2544  2544 I libperfmgr: Failed to read Node[25]'s ResetOnInit, set to 'false'
12-25 01:02:45.460  2544  2544 W libperfmgr: In nodePowerHALRenderingState old node path format detected.
12-25 01:02:45.460  2544  2544 E libperfmgr: Failed to read Node[26]'s Paths
12-25 01:02:45.460  2544  2544 I libperfmgr: Failed to read Node[26]'s DefaultIndex, set to last index: 1
12-25 01:02:45.460  2544  2544 I libperfmgr: Failed to read Node[26]'s ResetOnInit, set to 'false'
12-25 01:02:45.460  2544  2544 W libperfmgr: In nodeDoubleTapToWake old node path format detected.
12-25 01:02:45.460  2544  2544 E libperfmgr: Failed to read Node[27]'s Paths
12-25 01:02:45.460  2544  2544 I libperfmgr: Failed to read Node[27]'s Truncate, set to 'true'
12-25 01:02:45.460  2544  2544 I libperfmgr: Failed to read Node[27]'s HoldFd, set to 'false'
12-25 01:02:45.460  2544  2544 I libperfmgr: Failed to read Node[27]'s WriteOnly, set to 'false'
12-25 01:02:45.460  2544  2544 I libperfmgr: Failed to read Node[27]'s AllowFailure, set to 'false'
12-25 01:02:45.460  2544  2544 I libperfmgr: 28 Nodes parsed successfully
12-25 01:02:45.462  2544  2544 I libperfmgr: 0 AdpfConfigs parsed successfully
12-25 01:02:45.462  2544  2544 I libperfmgr: No AdpfConfig section in the /vendor/etc/powerhint.json
12-25 01:02:45.463  2544  2544 E libperfmgr: Failed to read Action[24]'s Value
12-25 01:02:45.464  2544  2544 E libperfmgr: Action[24]'s Value 120 is not defined in Node[GPUIdleTimer]
12-25 01:02:45.464  2544  2544 E libperfmgr: Failed to parse Actions section from /vendor/etc/powerhint.json
12-25 01:02:45.464  2544  2544 F libperfmgr: Invalid config: /vendor/etc/powerhint.json
12-25 01:02:45.464  2544  2544 F libc    : Fatal signal 6 (SIGABRT), code -1 (SI_QUEUE) in tid 2544 (android.hardwar), pid 2544 (android.hardwar)
12-25 01:02:45.470  2547  2547 E cutils-trace: Error opening trace file: No such file or directory (2)
12-25 01:02:45.472  2548  2548 I crash_dump64: obtaining output fd from tombstoned, type: kDebuggerdTombstoneProto
12-25 01:02:45.472   747   747 I tombstoned: received crash request for pid 2544
12-25 01:02:45.472  2548  2548 I crash_dump64: performing dump of process 2544 (target tid = 2544)
12-25 01:02:45.473  2548  2548 E DEBUG   : failed to read process info: failed to open /proc/2544: No such file or directory
12-25 01:02:45.482  2548  2548 F DEBUG   : *** *** *** *** *** *** *** *** *** *** *** *** *** *** *** ***
12-25 01:02:45.482  2548  2548 F DEBUG   : PixelOS Version: 'ASCP_alioth-16.1-20251224-1908'
12-25 01:02:45.482  2548  2548 F DEBUG   : Build fingerprint: 'Mi/aliothin/aliothin:13/TKQ1.221114.001/V816.0.2.0.TKHINXM:user/release-keys'
12-25 01:02:45.482  2548  2548 F DEBUG   : Kernel Release: '4.19.404R'
12-25 01:02:45.482  2548  2548 F DEBUG   : Revision: '0'
12-25 01:02:45.482  2548  2548 F DEBUG   : ABI: 'arm64'
12-25 01:02:45.482  2548  2548 F DEBUG   : Timestamp: 2025-12-25 01:02:45.473082129+0530
12-25 01:02:45.482  2548  2548 F DEBUG   : Process uptime: 0s
12-25 01:02:45.482  2548  2548 F DEBUG   : Executable: /vendor/bin/hw/android.hardware.power-service.pixel-libperfmgr
12-25 01:02:45.482  2548  2548 F DEBUG   : Cmdline: /vendor/bin/hw/android.hardware.power-service.pixel-libperfmgr
12-25 01:02:45.482  2548  2548 F DEBUG   : pid: 2544, tid: 2544, name: android.hardwar  >>> /vendor/bin/hw/android.hardware.power-service.pixel-libperfmgr <<<
12-25 01:02:45.482  2548  2548 F DEBUG   : uid: 0
12-25 01:02:45.482  2548  2548 F DEBUG   : signal 6 (SIGABRT), code -1 (SI_QUEUE), fault addr --------
12-25 01:02:45.482  2548  2548 F DEBUG   : Abort message: 'Invalid config: /vendor/etc/powerhint.json'
12-25 01:02:45.482  2548  2548 F DEBUG   :     x0  0000000000000000  x1  00000000000009f0  x2  0000000000000006  x3  0000007fc28c98f0
12-25 01:02:45.482  2548  2548 F DEBUG   :     x4  64766e6f2e627364  x5  64766e6f2e627364  x6  64766e6f2e627364  x7  7f7f7f7f7f7f7f7f
12-25 01:02:45.482  2548  2548 F DEBUG   :     x8  00000000000000f0  x9  e8b61b454910ae87  x10 000000ff00000020  x11 000000003b9ac9ff
12-25 01:02:45.482  2548  2548 F DEBUG   :     x12 00000000244c1e6a  x13 0000000034155555  x14 0000000000000018  x15 00000000244b194d
12-25 01:02:45.482  2548  2548 F DEBUG   :     x16 0000007f7eb3c108  x17 0000007f7eb23480  x18 0000007f87b58000  x19 00000000000009f0
12-25 01:02:45.482  2548  2548 F DEBUG   :     x20 00000000000009f0  x21 00000000ffffffff  x22 b400007e8bfe4dd0  x23 0000000000000030
12-25 01:02:45.482  2548  2548 F DEBUG   :     x24 0000007f876c0f40  x25 0000000000000000  x26 0000000000000000  x27 0000000000000000
12-25 01:02:45.482  2548  2548 F DEBUG   :     x28 0000000000000000  x29 0000007fc28c9970
12-25 01:02:45.482  2548  2548 F DEBUG   :     lr  0000007f7eab71e8  sp  0000007fc28c98f0  pc  0000007f7eab7208  pst 0000000000001000
12-25 01:02:45.482  2548  2548 F DEBUG   :     esr 0000000000000000
12-25 01:02:45.482  2548  2548 F DEBUG   : 7 total frames
12-25 01:02:45.482  2548  2548 F DEBUG   : backtrace:
12-25 01:02:45.482  2548  2548 F DEBUG   :       #00 pc 0000000000075208  /apex/com.android.runtime/lib64/bionic/libc.so (abort+152) (BuildId: 2f42983ccdb45643436e85afb73bebf6)
12-25 01:02:45.482  2548  2548 F DEBUG   :       #01 pc 000000000000b18c  /system/lib64/liblog.so (__android_log_default_aborter+12) (BuildId: 22e37af1f39e2e998181ae3d3d9722d4)
12-25 01:02:45.482  2548  2548 F DEBUG   :       #02 pc 0000000000014cc0  /vendor/lib64/libbase.so (android::base::LogMessage::~LogMessage()+544) (BuildId: 590f4f9a6018ea02b768bd717b76e5ee)
12-25 01:02:45.482  2548  2548 F DEBUG   :       #03 pc 0000000000021a18  /vendor/lib64/libperfmgr.so (android::perfmgr::HintManager::Reload(bool)+1320) (BuildId: 3d75f3d53258be441a58b3f6883d61b8)
12-25 01:02:45.482  2548  2548 F DEBUG   :       #04 pc 000000000002356c  /vendor/lib64/libperfmgr.so (android::perfmgr::HintManager::GetInstance()+28) (BuildId: 3d75f3d53258be441a58b3f6883d61b8)
12-25 01:02:45.482  2548  2548 F DEBUG   :       #05 pc 000000000001ab2c  /vendor/bin/hw/android.hardware.power-service.pixel-libperfmgr (main+124) (BuildId: d1240194223b74bc6ef2a7c60110beb2)
12-25 01:02:45.482  2548  2548 F DEBUG   :       #06 pc 0000000000069e68  /apex/com.android.runtime/lib64/bionic/libc.so (__libc_init+120) (BuildId: 2f42983ccdb45643436e85afb73bebf6)
12-25 01:02:45.483  2548  2548 E crash_dump64: unable to connect to activity manager: Connection refused
12-25 01:02:45.483   747   747 E tombstoned: Tombstone written to: tombstone_04
12-25 01:02:45.913  2027  2035 D BootAnimation: Playing files = /product/media/bootanimation.zip/part1, Requested repeat = 0, playUntilComplete = true
12-25 01:02:46.048  1847  1847 W libbinder.ServiceManagerCppClient: Waited one second for android.hardware.power.IPower/default (is service started? Number of threads started in the threadpool: 32. Are binder threads started and available?)
12-25 01:02:46.048   647  2555 W libc    : Unable to set property "ctl.interface_start" to "aidl/android.hardware.power.IPower/default": PROP_ERROR_HANDLE_CONTROL_MESSAGE (0x20)
12-25 01:02:46.263  1334  1334 W libbinder.ServiceManagerCppClient: Waited one second for activity (is service started? Number of threads started in the threadpool: 16. Are binder threads started and available?)
12-25 01:02:46.264   647  2556 W libc    : Unable to set property "ctl.interface_start" to "aidl/activity": PROP_ERROR_HANDLE_CONTROL_MESSAGE (0x20)
12-25 01:02:46.551  1192  1287 E android.hardware.sensors@1.0-service: ERROR: Fix ultrasound sensor so it does not return error from poll()
12-25 01:02:46.900  1847  1927 I Watchdog: WAITED_UNTIL_PRE_WATCHDOG
12-25 01:02:46.906  1847  1927 I android_os_HwBinder: HwBinder: Starting thread pool for getting: android.hidl.manager@1.0::IServiceManager/default
12-25 01:02:46.917  2027  2035 D BootAnimation: Playing files = /product/media/bootanimation.zip/part1, Requested repeat = 0, playUntilComplete = true
12-25 01:02:46.928  1847  1927 I ActivityManager: dumpStackTraces pids={}
12-25 01:02:47.048  1847  1847 W libbinder.ServiceManagerCppClient: Waited one second for android.hardware.power.IPower/default (is service started? Number of threads started in the threadpool: 32. Are binder threads started and available?)
12-25 01:02:47.049   647  2563 W libc    : Unable to set property "ctl.interface_start" to "aidl/android.hardware.power.IPower/default": PROP_ERROR_HANDLE_CONTROL_MESSAGE (0x20)
12-25 01:02:47.192  1847  1927 I ActivityManager: Skipping next CPU consuming process, not a java proc: 1847
12-25 01:02:47.192  1847  1927 I ActivityManager: Skipping next CPU consuming process, not a java proc: 273
12-25 01:02:47.192  1847  1927 I ActivityManager: Skipping next CPU consuming process, not a java proc: 1155
12-25 01:02:47.192  1847  1927 I ActivityManager: Skipping next CPU consuming process, not a java proc: 1354
12-25 01:02:47.193  1847  1927 I ActivityManager: Dumping to /data/anr/anr_2025-12-25-01-02-47-192
12-25 01:02:47.193  1847  1927 I ActivityManager: Collecting stacks for pid 1847
12-25 01:02:47.193  1847  1927 E system_server: Could not open /dev/binderfs/binder_logs/transactions. Likely a permissions issue. errno: 2
12-25 01:02:47.193  1847  1927 E android.os.Debug: Failed to get binder state info for pid: 1847 status: -2: No such file or directory
12-25 01:02:47.193  1847  1927 E system_server: libdebuggerd_client: failed to read "/proc/1847/task/1847/wchan": No such file or directory
12-25 01:02:47.193  1847  1927 E system_server: libdebuggerd_client: failed to read "/proc/1847/task/1895/wchan": No such file or directory
12-25 01:02:47.193  1847  1927 E system_server: libdebuggerd_client: failed to read "/proc/1847/task/1896/wchan": No such file or directory
12-25 01:02:47.193  1847  1927 E system_server: libdebuggerd_client: failed to read "/proc/1847/task/1897/wchan": No such file or directory
12-25 01:02:47.193  1847  1927 E system_server: libdebuggerd_client: failed to read "/proc/1847/task/1898/wchan": No such file or directory
12-25 01:02:47.193  1847  1927 E system_server: libdebuggerd_client: failed to read "/proc/1847/task/1899/wchan": No such file or directory
12-25 01:02:47.193  1847  1927 E system_server: libdebuggerd_client: failed to read "/proc/1847/task/1900/wchan": No such file or directory
12-25 01:02:47.193  1847  1927 E system_server: libdebuggerd_client: failed to read "/proc/1847/task/1901/wchan": No such file or directory
12-25 01:02:47.193  1847  1927 E system_server: libdebuggerd_client: failed to read "/proc/1847/task/1902/wchan": No such file or directory
12-25 01:02:47.193  1847  1927 E system_server: libdebuggerd_client: failed to read "/proc/1847/task/1903/wchan": No such file or directory
12-25 01:02:47.193  1847  1927 E system_server: libdebuggerd_client: failed to read "/proc/1847/task/1904/wchan": No such file or directory
12-25 01:02:47.193  1847  1927 E system_server: libdebuggerd_client: failed to read "/proc/1847/task/1905/wchan": No such file or directory
12-25 01:02:47.193  1847  1927 E system_server: libdebuggerd_client: failed to read "/proc/1847/task/1908/wchan": No such file or directory
12-25 01:02:47.193  1847  1927 E system_server: libdebuggerd_client: failed to read "/proc/1847/task/1920/wchan": No such file or directory
12-25 01:02:47.193  1847  1927 E system_server: libdebuggerd_client: failed to read "/proc/1847/task/1921/wchan": No such file or directory
12-25 01:02:47.193  1847  1927 E system_server: libdebuggerd_client: failed to read "/proc/1847/task/1922/wchan": No such file or directory
12-25 01:02:47.193  1847  1927 E system_server: libdebuggerd_client: failed to read "/proc/1847/task/1923/wchan": No such file or directory
12-25 01:02:47.193  1847  1927 E system_server: libdebuggerd_client: failed to read "/proc/1847/task/1924/wchan": No such file or directory
12-25 01:02:47.193  1847  1927 E system_server: libdebuggerd_client: failed to read "/proc/1847/task/1925/wchan": No such file or directory
12-25 01:02:47.193  1847  1927 E system_server: libdebuggerd_client: failed to read "/proc/1847/task/1926/wchan": No such file or directory
12-25 01:02:47.193  1847  1927 E system_server: libdebuggerd_client: failed to read "/proc/1847/task/1927/wchan": No such file or directory
12-25 01:02:47.193  1847  1927 E system_server: libdebuggerd_client: failed to read "/proc/1847/task/1928/wchan": No such file or directory
12-25 01:02:47.193  1847  1927 E system_server: libdebuggerd_client: failed to read "/proc/1847/task/1929/wchan": No such file or directory
12-25 01:02:47.193  1847  1927 E system_server: libdebuggerd_client: failed to read "/proc/1847/task/1930/wchan": No such file or directory
12-25 01:02:47.193  1847  1927 E system_server: libdebuggerd_client: failed to read "/proc/1847/task/1931/wchan": No such file or directory
12-25 01:02:47.193  1847  1927 E system_server: libdebuggerd_client: failed to read "/proc/1847/task/1932/wchan": No such file or directory
12-25 01:02:47.193  1847  1927 E system_server: libdebuggerd_client: failed to read "/proc/1847/task/1933/wchan": No such file or directory
12-25 01:02:47.193  1847  1927 E system_server: libdebuggerd_client: failed to read "/proc/1847/task/1935/wchan": No such file or directory
12-25 01:02:47.193  1847  1927 E system_server: libdebuggerd_client: failed to read "/proc/1847/task/1936/wchan": No such file or directory
12-25 01:02:47.193  1847  1927 E system_server: libdebuggerd_client: failed to read "/proc/1847/task/1937/wchan": No such file or directory
12-25 01:02:47.193  1847  1927 E system_server: libdebuggerd_client: failed to read "/proc/1847/task/1938/wchan": No such file or directory
12-25 01:02:47.194  1847  1927 E system_server: libdebuggerd_client: failed to read "/proc/1847/task/1939/wchan": No such file or directory
12-25 01:02:47.194  1847  1927 E system_server: libdebuggerd_client: failed to read "/proc/1847/task/1940/wchan": No such file or directory
12-25 01:02:47.194  1847  1927 E system_server: libdebuggerd_client: failed to read "/proc/1847/task/1941/wchan": No such file or directory
12-25 01:02:47.194  1847  1927 E system_server: libdebuggerd_client: failed to read "/proc/1847/task/1943/wchan": No such file or directory
12-25 01:02:47.194  1847  1927 E system_server: libdebuggerd_client: failed to read "/proc/1847/task/1944/wchan": No such file or directory
12-25 01:02:47.194  1847  1927 E system_server: libdebuggerd_client: failed to read "/proc/1847/task/1945/wchan": No such file or directory
12-25 01:02:47.194  1847  1927 E system_server: libdebuggerd_client: failed to read "/proc/1847/task/1946/wchan": No such file or directory
12-25 01:02:47.194  1847  1927 E system_server: libdebuggerd_client: failed to read "/proc/1847/task/1947/wchan": No such file or directory
12-25 01:02:47.194  1847  1927 E system_server: libdebuggerd_client: failed to read "/proc/1847/task/1948/wchan": No such file or directory
12-25 01:02:47.194  1847  1927 E system_server: libdebuggerd_client: failed to read "/proc/1847/task/2562/wchan": No such file or directory
12-25 01:02:47.194  1847  1927 I system_server: libdebuggerd_client: started dumping process 1847
12-25 01:02:47.194  1847  1895 I system_server: Thread[2,tid=1895,WaitingInMainSignalCatcherLoop,Thread*=0xb400007aa2411380,peer=0x2010020,"Signal Catcher"]: reacting to signal 3
12-25 01:02:47.194  1847  1895 I system_server: 
12-25 01:02:47.194   747   747 I tombstoned: registered intercept for pid 1847 and type kDebuggerdJavaBacktrace
12-25 01:02:47.264  1334  1334 W libbinder.ServiceManagerCppClient: Waited one second for activity (is service started? Number of threads started in the threadpool: 16. Are binder threads started and available?)
12-25 01:02:47.264   647  2564 W libc    : Unable to set property "ctl.interface_start" to "aidl/activity": PROP_ERROR_HANDLE_CONTROL_MESSAGE (0x20)
12-25 01:02:47.276   747   747 I tombstoned: received crash request for pid 1847
12-25 01:02:47.276   747   747 I tombstoned: found intercept fd 512 for pid 1847 and type kDebuggerdJavaBacktrace
12-25 01:02:47.276  1847  1895 I system_server: Wrote stack traces to tombstoned
12-25 01:02:47.276   747   747 W tombstoned: skipping tombstone file creation due to intercept
12-25 01:02:47.276  1847  1927 I system_server: libdebuggerd_client: done dumping process 1847
12-25 01:02:47.277  1847  1927 I ActivityManager: dumpStackTraces nativepids=[1154, 1155, 1667, 1157, 647, 1673, 1354, 1228, 1169, 661, 1176, 985, 987, 1180, 1310, 1182, 1694, 1183, 1312, 1762, 1188, 1189, 1192, 1650, 1334, 695, 696, 1593, 1659, 1213, 1662]
12-25 01:02:47.277  1847  1927 I ActivityManager: Collecting stacks for native pid 1154
