12-25 01:02:35.327  1182  1302 I LocSvc_api_v02: ---> locClientSendReq line 2409 QMI_LOC_REGISTER_MASTER_CLIENT_REQ_V02
12-25 01:02:35.329  1730  1757 I LocSvc_api_v02: ---> locClientSupportMsgCheck line 2536 QMI_LOC_GET_SUPPORTED_MSGS_REQ_V02
12-25 01:02:35.338  1681  1681 I QC-NETMGR-LIB: NetmgrNetdClientInit(): Looking for Netd service
12-25 01:02:35.338  1681  2276 I QC-NETMGR-LIB: onRegistration(): Starting Netd getService thread
12-25 01:02:35.338  1681  1681 D QC-NETMGR-LIB: registerServerNotification(): Successfully registered for Netd HAL service
12-25 01:02:35.340  1681  2277 I QC-NETMGR-LIB: getServiceImpl(): INetd discovered
12-25 01:02:35.340  1681  2277 I QC-NETMGR-LIB: registerLinkToDeath(): Success registerLinkToDeath!
12-25 01:02:35.340  1681  2276 I QC-NETMGR-LIB: onRegistration(): Service exists, not a restart
12-25 01:02:35.340  1681  1681 I QC-NETMGR-LIB: NetmgrNetdClientInit(): Created netd client
12-25 01:02:35.341  1681  1681 I QC-NETMGR-LIB: NetmgrNetdClientRegisterNetwork(): Looking for Netd service
12-25 01:02:35.341  1681  1681 I QC-NETMGR-LIB: NetmgrNetdClientRegisterNetwork(): register to create new OEM network
12-25 01:02:35.341  1681  1681 I QC-NETMGR-LIB: registerNetwork(): Attempting createOemNetwork
12-25 01:02:35.341  1681  1681 I QC-NETMGR-LIB: registerNetwork(): command completed!
12-25 01:02:35.341  1681  1681 I QC-NETMGR-LIB: registerNetwork(): createOemNetwork succeeded [packet mark : 0xf0001] [net id : 1] [network handle : 0x1cafed00d]
12-25 01:02:35.341  1681  1681 I QC-NETMGR-LIB: NetmgrNetdClientRegisterNetwork(): [packet mark : 0xf0001] [network handle : 0x1cafed00d]
12-25 01:02:35.346  1182  2274 I LocSvc_ApiV02: <--- globalRespCb line 221 QMI_LOC_REGISTER_MASTER_CLIENT_REQ_V02
12-25 01:02:35.346  1182  1302 I LocSvc_api_v02: ---> locClientSendReq line 2409 QMI_LOC_SET_GNSS_CONSTELL_REPORT_CONFIG_V02
12-25 01:02:35.348  1730  1757 I LocSvc_api_v02: ---> locClientSendReq line 2409 QMI_LOC_QUERY_AON_CONFIG_REQ_V02
12-25 01:02:35.364  1730  2273 I LocSvc_ApiV02: <--- globalRespCb line 221 QMI_LOC_QUERY_AON_CONFIG_REQ_V02
12-25 01:02:35.364  1730  1757 I LocSvc_api_v02: ---> locClientSendReq line 2409 QMI_LOC_GET_SUPPORTED_FEATURE_REQ_V02
12-25 01:02:35.369  1182  2274 I LocSvc_ApiV02: <--- globalRespCb line 221 QMI_LOC_SET_GNSS_CONSTELL_REPORT_CONFIG_V02
12-25 01:02:35.369  1182  1302 I LocSvc_api_v02: ---> locClientSupportMsgCheck line 2536 QMI_LOC_GET_SUPPORTED_MSGS_REQ_V02
12-25 01:02:35.375  1767  1833 E cutils-trace: Error opening trace file: No such file or directory (2)
12-25 01:02:35.376  1767  1833 W qcrild  : Thread Pool max thread count is 0. Cannot cache binder as linkToDeath cannot be implemented. serviceName: android.system.suspend.ISystemSuspend/default
12-25 01:02:35.381  1792  1792 E QTI_SDM_INFO: [qti_rmnet_peripheral.c:768] qti_file_open():Could not open device file. Errno 2 error msg=No such file or directory
12-25 01:02:35.384  1730  2273 I LocSvc_ApiV02: <--- globalRespCb line 221 QMI_LOC_GET_SUPPORTED_FEATURE_REQ_V02
12-25 01:02:35.385  1730  1757 I LocSvc_api_v02: ---> locClientSendReq line 2409 QMI_LOC_REG_EVENTS_REQ_V02
12-25 01:02:35.386  1182  1302 I LocSvc_api_v02: ---> locClientSendReq line 2409 QMI_LOC_QUERY_AON_CONFIG_REQ_V02
12-25 01:02:35.398  1730  1757 I LocSvc_xtra2: ===> injectIzatPcid line 32 
12-25 01:02:35.398  1730  1757 I LocSvc_api_v02: ---> locClientSendReq line 2409 QMI_LOC_INJECT_XTRA_PCID_REQ_V02
12-25 01:02:35.400  1182  2274 I LocSvc_ApiV02: <--- globalRespCb line 221 QMI_LOC_QUERY_AON_CONFIG_REQ_V02
12-25 01:02:35.400  1182  1302 I LocSvc_api_v02: ---> locClientSendReq line 2409 QMI_LOC_GET_SUPPORTED_FEATURE_REQ_V02
12-25 01:02:35.417  1730  2273 I LocSvc_ApiV02: <--- globalRespCb line 221 QMI_LOC_INJECT_XTRA_PCID_REQ_V02
12-25 01:02:35.420  1182  2274 I LocSvc_ApiV02: <--- globalRespCb line 221 QMI_LOC_GET_SUPPORTED_FEATURE_REQ_V02
12-25 01:02:35.420  1182  1302 I LocSvc_api_v02: ---> locClientSendReq line 2409 QMI_LOC_REG_EVENTS_REQ_V02
12-25 01:02:35.458  1701  2299 W libc    : Access denied finding property "persist.vendor.pd_locater_debug"
12-25 01:02:35.459  1701  2299 W libc    : Access denied finding property "persist.vendor.pd_locater_debug"
12-25 01:02:35.459  2295  2295 I libperfmgr: Pixel Power HAL AIDL Service with Extension is starting with config: /vendor/etc/powerhint.json
12-25 01:02:35.461  2295  2295 W libperfmgr: In nodeCPULittleClusterMaxFreq old node path format detected.
12-25 01:02:35.461  2295  2295 E libperfmgr: Failed to read Node[0]'s Paths
12-25 01:02:35.461  2295  2295 I libperfmgr: Failed to read Node[0]'s Truncate, set to 'true'
12-25 01:02:35.461  2295  2295 I libperfmgr: Failed to read Node[0]'s HoldFd, set to 'false'
12-25 01:02:35.461  2295  2295 I libperfmgr: Failed to read Node[0]'s WriteOnly, set to 'false'
12-25 01:02:35.461  2295  2295 I libperfmgr: Failed to read Node[0]'s AllowFailure, set to 'false'
12-25 01:02:35.461  2295  2295 W libperfmgr: In nodeCPULittleClusterMinFreq old node path format detected.
12-25 01:02:35.461  2295  2295 E libperfmgr: Failed to read Node[1]'s Paths
12-25 01:02:35.461  2295  2295 I libperfmgr: Failed to read Node[1]'s DefaultIndex, set to last index: 4
12-25 01:02:35.461  2295  2295 I libperfmgr: Failed to read Node[1]'s Truncate, set to 'true'
12-25 01:02:35.461  2295  2295 I libperfmgr: Failed to read Node[1]'s HoldFd, set to 'false'
12-25 01:02:35.461  2295  2295 I libperfmgr: Failed to read Node[1]'s WriteOnly, set to 'false'
12-25 01:02:35.461  2295  2295 I libperfmgr: Failed to read Node[1]'s AllowFailure, set to 'false'
12-25 01:02:35.461  2295  2295 W libperfmgr: In nodeCPUBigClusterMaxFreq old node path format detected.
12-25 01:02:35.461  2295  2295 E libperfmgr: Failed to read Node[2]'s Paths
12-25 01:02:35.461  2295  2295 I libperfmgr: Failed to read Node[2]'s Truncate, set to 'true'
12-25 01:02:35.461  2295  2295 I libperfmgr: Failed to read Node[2]'s HoldFd, set to 'false'
12-25 01:02:35.461  2295  2295 I libperfmgr: Failed to read Node[2]'s WriteOnly, set to 'false'
12-25 01:02:35.461  2295  2295 I libperfmgr: Failed to read Node[2]'s AllowFailure, set to 'false'
12-25 01:02:35.461  2295  2295 W libperfmgr: In nodeCPUBigClusterMinFreq old node path format detected.
12-25 01:02:35.461  2295  2295 E libperfmgr: Failed to read Node[3]'s Paths
12-25 01:02:35.461  2295  2295 I libperfmgr: Failed to read Node[3]'s DefaultIndex, set to last index: 5
12-25 01:02:35.461  2295  2295 I libperfmgr: Failed to read Node[3]'s Truncate, set to 'true'
12-25 01:02:35.461  2295  2295 I libperfmgr: Failed to read Node[3]'s HoldFd, set to 'false'
12-25 01:02:35.461  2295  2295 I libperfmgr: Failed to read Node[3]'s WriteOnly, set to 'false'
12-25 01:02:35.461  2295  2295 I libperfmgr: Failed to read Node[3]'s AllowFailure, set to 'false'
12-25 01:02:35.461  2295  2295 W libperfmgr: In nodeCPUBigPlusClusterMaxFreq old node path format detected.
12-25 01:02:35.461  2295  2295 E libperfmgr: Failed to read Node[4]'s Paths
12-25 01:02:35.461  2295  2295 I libperfmgr: Failed to read Node[4]'s Truncate, set to 'true'
12-25 01:02:35.461  2295  2295 I libperfmgr: Failed to read Node[4]'s HoldFd, set to 'false'
12-25 01:02:35.461  2295  2295 I libperfmgr: Failed to read Node[4]'s WriteOnly, set to 'false'
12-25 01:02:35.461  2295  2295 I libperfmgr: Failed to read Node[4]'s AllowFailure, set to 'false'
12-25 01:02:35.461  2295  2295 W libperfmgr: In nodeCPUBigPlusClusterMinFreq old node path format detected.
12-25 01:02:35.461  2295  2295 E libperfmgr: Failed to read Node[5]'s Paths
12-25 01:02:35.461  2295  2295 I libperfmgr: Failed to read Node[5]'s DefaultIndex, set to last index: 6
12-25 01:02:35.461  2295  2295 I libperfmgr: Failed to read Node[5]'s Truncate, set to 'true'
12-25 01:02:35.461  2295  2295 I libperfmgr: Failed to read Node[5]'s HoldFd, set to 'false'
12-25 01:02:35.461  2295  2295 I libperfmgr: Failed to read Node[5]'s WriteOnly, set to 'false'
12-25 01:02:35.461  2295  2295 I libperfmgr: Failed to read Node[5]'s AllowFailure, set to 'false'
12-25 01:02:35.461  2295  2295 W libperfmgr: In nodeGPUMaxFreq old node path format detected.
12-25 01:02:35.461  2295  2295 E libperfmgr: Failed to read Node[6]'s Paths
12-25 01:02:35.461  2295  2295 I libperfmgr: Failed to read Node[6]'s Truncate, set to 'true'
12-25 01:02:35.461  2295  2295 I libperfmgr: Failed to read Node[6]'s HoldFd, set to 'false'
12-25 01:02:35.461  2295  2295 I libperfmgr: Failed to read Node[6]'s WriteOnly, set to 'false'
12-25 01:02:35.461  2295  2295 I libperfmgr: Failed to read Node[6]'s AllowFailure, set to 'false'
12-25 01:02:35.461  2295  2295 W libperfmgr: In nodeGPUMinFreq old node path format detected.
12-25 01:02:35.461  2295  2295 E libperfmgr: Failed to read Node[7]'s Paths
12-25 01:02:35.461  2295  2295 I libperfmgr: Failed to read Node[7]'s DefaultIndex, set to last index: 7
12-25 01:02:35.461  2295  2295 I libperfmgr: Failed to read Node[7]'s Truncate, set to 'true'
12-25 01:02:35.461  2295  2295 I libperfmgr: Failed to read Node[7]'s HoldFd, set to 'false'
12-25 01:02:35.461  2295  2295 I libperfmgr: Failed to read Node[7]'s WriteOnly, set to 'false'
12-25 01:02:35.461  2295  2295 I libperfmgr: Failed to read Node[7]'s AllowFailure, set to 'false'
12-25 01:02:35.461  2295  2295 W libperfmgr: In nodeGPUForceRailOn old node path format detected.
12-25 01:02:35.461  2295  2295 E libperfmgr: Failed to read Node[8]'s Paths
12-25 01:02:35.461  2295  2295 I libperfmgr: Failed to read Node[8]'s DefaultIndex, set to last index: 1
12-25 01:02:35.461  2295  2295 I libperfmgr: Failed to read Node[8]'s Truncate, set to 'true'
12-25 01:02:35.461  2295  2295 I libperfmgr: Failed to read Node[8]'s HoldFd, set to 'false'
12-25 01:02:35.461  2295  2295 I libperfmgr: Failed to read Node[8]'s WriteOnly, set to 'false'
12-25 01:02:35.461  2295  2295 I libperfmgr: Failed to read Node[8]'s AllowFailure, set to 'false'
12-25 01:02:35.461  2295  2295 W libperfmgr: In nodeGPUForceClkOn old node path format detected.
12-25 01:02:35.461  2295  2295 E libperfmgr: Failed to read Node[9]'s Paths
12-25 01:02:35.461  2295  2295 I libperfmgr: Failed to read Node[9]'s DefaultIndex, set to last index: 1
12-25 01:02:35.461  2295  2295 I libperfmgr: Failed to read Node[9]'s Truncate, set to 'true'
12-25 01:02:35.461  2295  2295 I libperfmgr: Failed to read Node[9]'s HoldFd, set to 'false'
12-25 01:02:35.461  2295  2295 I libperfmgr: Failed to read Node[9]'s WriteOnly, set to 'false'
12-25 01:02:35.461  2295  2295 I libperfmgr: Failed to read Node[9]'s AllowFailure, set to 'false'
12-25 01:02:35.461  2295  2295 W libperfmgr: In nodeGPUIdleTimer old node path format detected.
12-25 01:02:35.461  2295  2295 E libperfmgr: Failed to read Node[10]'s Paths
12-25 01:02:35.461  2295  2295 I libperfmgr: Failed to read Node[10]'s DefaultIndex, set to last index: 1
12-25 01:02:35.461  2295  2295 I libperfmgr: Failed to read Node[10]'s Truncate, set to 'true'
12-25 01:02:35.461  2295  2295 I libperfmgr: Failed to read Node[10]'s HoldFd, set to 'false'
12-25 01:02:35.461  2295  2295 I libperfmgr: Failed to read Node[10]'s WriteOnly, set to 'false'
12-25 01:02:35.461  2295  2295 I libperfmgr: Failed to read Node[10]'s AllowFailure, set to 'false'
12-25 01:02:35.461  2295  2295 W libperfmgr: In nodeCPUBWHystTriggerCount old node path format detected.
12-25 01:02:35.461  2295  2295 E libperfmgr: Failed to read Node[11]'s Paths
12-25 01:02:35.461  2295  2295 I libperfmgr: Failed to read Node[11]'s DefaultIndex, set to last index: 1
12-25 01:02:35.461  2295  2295 I libperfmgr: Failed to read Node[11]'s Truncate, set to 'true'
12-25 01:02:35.461  2295  2295 I libperfmgr: Failed to read Node[11]'s HoldFd, set to 'false'
12-25 01:02:35.461  2295  2295 I libperfmgr: Failed to read Node[11]'s WriteOnly, set to 'false'
12-25 01:02:35.461  2295  2295 I libperfmgr: Failed to read Node[11]'s AllowFailure, set to 'false'
12-25 01:02:35.461  2295  2295 W libperfmgr: In nodeCPUBWHistMemory old node path format detected.
12-25 01:02:35.461  2295  2295 E libperfmgr: Failed to read Node[12]'s Paths
12-25 01:02:35.462  2295  2295 I libperfmgr: Failed to read Node[12]'s DefaultIndex, set to last index: 1
12-25 01:02:35.462  2295  2295 I libperfmgr: Failed to read Node[12]'s Truncate, set to 'true'
12-25 01:02:35.462  2295  2295 I libperfmgr: Failed to read Node[12]'s HoldFd, set to 'false'
12-25 01:02:35.462  2295  2295 I libperfmgr: Failed to read Node[12]'s WriteOnly, set to 'false'
12-25 01:02:35.462  2295  2295 I libperfmgr: Failed to read Node[12]'s AllowFailure, set to 'false'
12-25 01:02:35.462  2295  2295 W libperfmgr: In nodeCPUBWHystLength old node path format detected.
12-25 01:02:35.462  2295  2295 E libperfmgr: Failed to read Node[13]'s Paths
12-25 01:02:35.462  2295  2295 I libperfmgr: Failed to read Node[13]'s DefaultIndex, set to last index: 1
12-25 01:02:35.462  2295  2295 I libperfmgr: Failed to read Node[13]'s Truncate, set to 'true'
12-25 01:02:35.462  2295  2295 I libperfmgr: Failed to read Node[13]'s HoldFd, set to 'false'
12-25 01:02:35.462  2295  2295 I libperfmgr: Failed to read Node[13]'s WriteOnly, set to 'false'
12-25 01:02:35.462  2295  2295 I libperfmgr: Failed to read Node[13]'s AllowFailure, set to 'false'
12-25 01:02:35.462  2295  2295 W libperfmgr: In nodeCPUBWSampleMs old node path format detected.
12-25 01:02:35.462  2295  2295 E libperfmgr: Failed to read Node[14]'s Paths
12-25 01:02:35.462  2295  2295 I libperfmgr: Failed to read Node[14]'s DefaultIndex, set to last index: 1
12-25 01:02:35.462  2295  2295 I libperfmgr: Failed to read Node[14]'s Truncate, set to 'true'
12-25 01:02:35.462  2295  2295 I libperfmgr: Failed to read Node[14]'s HoldFd, set to 'false'
12-25 01:02:35.462  2295  2295 I libperfmgr: Failed to read Node[14]'s WriteOnly, set to 'false'
12-25 01:02:35.462  2295  2295 I libperfmgr: Failed to read Node[14]'s AllowFailure, set to 'false'
12-25 01:02:35.462  2295  2295 W libperfmgr: In nodeCPUBWIOPercent old node path format detected.
12-25 01:02:35.462  2295  2295 E libperfmgr: Failed to read Node[15]'s Paths
12-25 01:02:35.462  2295  2295 I libperfmgr: Failed to read Node[15]'s DefaultIndex, set to last index: 1
12-25 01:02:35.462  2295  2295 I libperfmgr: Failed to read Node[15]'s Truncate, set to 'true'
12-25 01:02:35.462  2295  2295 I libperfmgr: Failed to read Node[15]'s HoldFd, set to 'false'
12-25 01:02:35.462  2295  2295 I libperfmgr: Failed to read Node[15]'s WriteOnly, set to 'false'
12-25 01:02:35.462  2295  2295 I libperfmgr: Failed to read Node[15]'s AllowFailure, set to 'false'
12-25 01:02:35.462  2295  2295 W libperfmgr: In nodeCPUBWMinFreq old node path format detected.
12-25 01:02:35.462  2295  2295 E libperfmgr: Failed to read Node[16]'s Paths
12-25 01:02:35.462  2295  2295 I libperfmgr: Failed to read Node[16]'s DefaultIndex, set to last index: 2
12-25 01:02:35.462  2295  2295 I libperfmgr: Failed to read Node[16]'s Truncate, set to 'true'
12-25 01:02:35.462  2295  2295 I libperfmgr: Failed to read Node[16]'s HoldFd, set to 'false'
12-25 01:02:35.462  2295  2295 I libperfmgr: Failed to read Node[16]'s WriteOnly, set to 'false'
12-25 01:02:35.462  2295  2295 I libperfmgr: Failed to read Node[16]'s AllowFailure, set to 'false'
12-25 01:02:35.462  2295  2295 W libperfmgr: In nodeLLCCBWMinFreq old node path format detected.
12-25 01:02:35.462  2295  2295 E libperfmgr: Failed to read Node[17]'s Paths
12-25 01:02:35.462  2295  2295 I libperfmgr: Failed to read Node[17]'s DefaultIndex, set to last index: 2
12-25 01:02:35.462  2295  2295 I libperfmgr: Failed to read Node[17]'s Truncate, set to 'true'
12-25 01:02:35.462  2295  2295 I libperfmgr: Failed to read Node[17]'s HoldFd, set to 'false'
12-25 01:02:35.462  2295  2295 I libperfmgr: Failed to read Node[17]'s WriteOnly, set to 'false'
12-25 01:02:35.462  2295  2295 I libperfmgr: Failed to read Node[17]'s AllowFailure, set to 'false'
12-25 01:02:35.462  2295  2295 W libperfmgr: In nodeLLCCBWSampleMs old node path format detected.
12-25 01:02:35.462  2295  2295 E libperfmgr: Failed to read Node[18]'s Paths
12-25 01:02:35.462  2295  2295 I libperfmgr: Failed to read Node[18]'s DefaultIndex, set to last index: 1
12-25 01:02:35.462  2295  2295 I libperfmgr: Failed to read Node[18]'s Truncate, set to 'true'
12-25 01:02:35.462  2295  2295 I libperfmgr: Failed to read Node[18]'s HoldFd, set to 'false'
12-25 01:02:35.462  2295  2295 I libperfmgr: Failed to read Node[18]'s WriteOnly, set to 'false'
12-25 01:02:35.462  2295  2295 I libperfmgr: Failed to read Node[18]'s AllowFailure, set to 'false'
12-25 01:02:35.462  2295  2295 W libperfmgr: In nodeLLCCBWHystLength old node path format detected.
12-25 01:02:35.462  2295  2295 E libperfmgr: Failed to read Node[19]'s Paths
12-25 01:02:35.462  2295  2295 I libperfmgr: Failed to read Node[19]'s DefaultIndex, set to last index: 1
12-25 01:02:35.462  2295  2295 I libperfmgr: Failed to read Node[19]'s Truncate, set to 'true'
12-25 01:02:35.462  2295  2295 I libperfmgr: Failed to read Node[19]'s HoldFd, set to 'false'
12-25 01:02:35.462  2295  2295 I libperfmgr: Failed to read Node[19]'s WriteOnly, set to 'false'
12-25 01:02:35.462  2295  2295 I libperfmgr: Failed to read Node[19]'s AllowFailure, set to 'false'
12-25 01:02:35.462  2295  2295 W libperfmgr: In nodeL3LittleClusterMinFreq old node path format detected.
12-25 01:02:35.462  2295  2295 E libperfmgr: Failed to read Node[20]'s Paths
12-25 01:02:35.462  2295  2295 I libperfmgr: Failed to read Node[20]'s DefaultIndex, set to last index: 1
12-25 01:02:35.462  2295  2295 I libperfmgr: Failed to read Node[20]'s Truncate, set to 'true'
12-25 01:02:35.462  2295  2295 I libperfmgr: Failed to read Node[20]'s HoldFd, set to 'false'
12-25 01:02:35.462  2295  2295 I libperfmgr: Failed to read Node[20]'s WriteOnly, set to 'false'
12-25 01:02:35.462  2295  2295 I libperfmgr: Failed to read Node[20]'s AllowFailure, set to 'false'
12-25 01:02:35.462  2295  2295 W libperfmgr: In nodeLLCCBWHystTriggerCount old node path format detected.
12-25 01:02:35.462  2295  2295 E libperfmgr: Failed to read Node[21]'s Paths
12-25 01:02:35.462  2295  2295 I libperfmgr: Failed to read Node[21]'s DefaultIndex, set to last index: 1
12-25 01:02:35.462  2295  2295 I libperfmgr: Failed to read Node[21]'s Truncate, set to 'true'
12-25 01:02:35.462  2295  2295 I libperfmgr: Failed to read Node[21]'s HoldFd, set to 'false'
12-25 01:02:35.462  2295  2295 I libperfmgr: Failed to read Node[21]'s WriteOnly, set to 'false'
12-25 01:02:35.462  2295  2295 I libperfmgr: Failed to read Node[21]'s AllowFailure, set to 'false'
12-25 01:02:35.462  2295  2295 W libperfmgr: In nodeL3BigClusterMinFreq old node path format detected.
12-25 01:02:35.462  2295  2295 E libperfmgr: Failed to read Node[22]'s Paths
12-25 01:02:35.462  2295  2295 I libperfmgr: Failed to read Node[22]'s DefaultIndex, set to last index: 1
12-25 01:02:35.462  2295  2295 I libperfmgr: Failed to read Node[22]'s Truncate, set to 'true'
12-25 01:02:35.462  2295  2295 I libperfmgr: Failed to read Node[22]'s HoldFd, set to 'false'
12-25 01:02:35.462  2295  2295 I libperfmgr: Failed to read Node[22]'s WriteOnly, set to 'false'
12-25 01:02:35.462  2295  2295 I libperfmgr: Failed to read Node[22]'s AllowFailure, set to 'false'
12-25 01:02:35.462  2295  2295 W libperfmgr: In nodeL3BigPlusClusterMinFreq old node path format detected.
12-25 01:02:35.462  2295  2295 E libperfmgr: Failed to read Node[23]'s Paths
12-25 01:02:35.462  2295  2295 I libperfmgr: Failed to read Node[23]'s DefaultIndex, set to last index: 1
12-25 01:02:35.462  2295  2295 I libperfmgr: Failed to read Node[23]'s Truncate, set to 'true'
12-25 01:02:35.462  2295  2295 I libperfmgr: Failed to read Node[23]'s HoldFd, set to 'false'
12-25 01:02:35.462  2295  2295 I libperfmgr: Failed to read Node[23]'s WriteOnly, set to 'false'
12-25 01:02:35.462  2295  2295 I libperfmgr: Failed to read Node[23]'s AllowFailure, set to 'false'
12-25 01:02:35.462  2295  2295 W libperfmgr: In nodePowerHALMainState old node path format detected.
12-25 01:02:35.462  2295  2295 E libperfmgr: Failed to read Node[24]'s Paths
12-25 01:02:35.462  2295  2295 I libperfmgr: Failed to read Node[24]'s DefaultIndex, set to last index: 1
12-25 01:02:35.462  2295  2295 I libperfmgr: Failed to read Node[24]'s ResetOnInit, set to 'false'
12-25 01:02:35.462  2295  2295 W libperfmgr: In nodePowerHALAudioState old node path format detected.
12-25 01:02:35.462  2295  2295 E libperfmgr: Failed to read Node[25]'s Paths
12-25 01:02:35.462  2295  2295 I libperfmgr: Failed to read Node[25]'s DefaultIndex, set to last index: 1
12-25 01:02:35.462  2295  2295 I libperfmgr: Failed to read Node[25]'s ResetOnInit, set to 'false'
12-25 01:02:35.462  2295  2295 W libperfmgr: In nodePowerHALRenderingState old node path format detected.
12-25 01:02:35.462  2295  2295 E libperfmgr: Failed to read Node[26]'s Paths
12-25 01:02:35.462  2295  2295 I libperfmgr: Failed to read Node[26]'s DefaultIndex, set to last index: 1
12-25 01:02:35.462  2295  2295 I libperfmgr: Failed to read Node[26]'s ResetOnInit, set to 'false'
12-25 01:02:35.462  2295  2295 W libperfmgr: In nodeDoubleTapToWake old node path format detected.
12-25 01:02:35.462  2295  2295 E libperfmgr: Failed to read Node[27]'s Paths
12-25 01:02:35.462  2295  2295 I libperfmgr: Failed to read Node[27]'s Truncate, set to 'true'
12-25 01:02:35.462  2295  2295 I libperfmgr: Failed to read Node[27]'s HoldFd, set to 'false'
12-25 01:02:35.462  2295  2295 I libperfmgr: Failed to read Node[27]'s WriteOnly, set to 'false'
12-25 01:02:35.462  2295  2295 I libperfmgr: Failed to read Node[27]'s AllowFailure, set to 'false'
12-25 01:02:35.462  2295  2295 I libperfmgr: 28 Nodes parsed successfully
12-25 01:02:35.463  2295  2295 I libperfmgr: 0 AdpfConfigs parsed successfully
12-25 01:02:35.463  2295  2295 I libperfmgr: No AdpfConfig section in the /vendor/etc/powerhint.json
12-25 01:02:35.464  2295  2295 E libperfmgr: Failed to read Action[24]'s Value
12-25 01:02:35.464  2295  2295 E libperfmgr: Action[24]'s Value 120 is not defined in Node[GPUIdleTimer]
12-25 01:02:35.464  2295  2295 E libperfmgr: Failed to parse Actions section from /vendor/etc/powerhint.json
12-25 01:02:35.464  2295  2295 F libperfmgr: Invalid config: /vendor/etc/powerhint.json
12-25 01:02:35.464  2295  2295 F libc    : Fatal signal 6 (SIGABRT), code -1 (SI_QUEUE) in tid 2295 (android.hardwar), pid 2295 (android.hardwar)
12-25 01:02:35.471  1767  2306 W libc    : Access denied finding property "persist.vendor.pd_locater_debug"
12-25 01:02:35.471  1767  2306 W libc    : Access denied finding property "persist.vendor.pd_locater_debug"
12-25 01:02:35.473  2304  2304 E cutils-trace: Error opening trace file: No such file or directory (2)
12-25 01:02:35.475  2310  2310 I crash_dump64: obtaining output fd from tombstoned, type: kDebuggerdTombstoneProto
12-25 01:02:35.476   747   747 I tombstoned: received crash request for pid 2295
12-25 01:02:35.476  2310  2310 I crash_dump64: performing dump of process 2295 (target tid = 2295)
12-25 01:02:35.477  2310  2310 E DEBUG   : failed to read process info: failed to open /proc/2295: No such file or directory
12-25 01:02:35.488  1154  2162 I audio_hw_cirrus_playback: audio_extn_cirrus_read_calibration: Read left cal_r: 10093
12-25 01:02:35.488  1154  2162 I audio_hw_cirrus_playback: audio_extn_cirrus_read_calibration: Read right cal_r: 8373
12-25 01:02:35.488  1154  2162 I audio_hw_cirrus_playback: audio_extn_cirrus_boot_thread: calibraion is done, apply 7.22 OHM to left, apply 5.99 OHM to right
12-25 01:02:35.488  1154  2162 D audio_hw_cirrus_playback: audio_extn_cirrus_set_calibration: 
12-25 01:02:35.488  1154  2162 I audio_hw_cirrus_playback: audio_extn_cirrus_boot_thread: Exit: (0)
12-25 01:02:35.497  2310  2310 F DEBUG   : *** *** *** *** *** *** *** *** *** *** *** *** *** *** *** ***
12-25 01:02:35.497  2310  2310 F DEBUG   : PixelOS Version: 'ASCP_alioth-16.1-20251224-1908'
12-25 01:02:35.497  2310  2310 F DEBUG   : Build fingerprint: 'Mi/aliothin/aliothin:13/TKQ1.221114.001/V816.0.2.0.TKHINXM:user/release-keys'
12-25 01:02:35.497  2310  2310 F DEBUG   : Kernel Release: '4.19.404R'
12-25 01:02:35.497  2310  2310 F DEBUG   : Revision: '0'
12-25 01:02:35.497  2310  2310 F DEBUG   : ABI: 'arm64'
12-25 01:02:35.497  2310  2310 F DEBUG   : Timestamp: 2025-12-25 01:02:35.477681612+0530
12-25 01:02:35.497  2310  2310 F DEBUG   : Process uptime: 0s
12-25 01:02:35.497  2310  2310 F DEBUG   : Executable: /vendor/bin/hw/android.hardware.power-service.pixel-libperfmgr
12-25 01:02:35.498  2310  2310 F DEBUG   : Cmdline: /vendor/bin/hw/android.hardware.power-service.pixel-libperfmgr
12-25 01:02:35.498  2310  2310 F DEBUG   : pid: 2295, tid: 2295, name: android.hardwar  >>> /vendor/bin/hw/android.hardware.power-service.pixel-libperfmgr <<<
12-25 01:02:35.498  2310  2310 F DEBUG   : uid: 0
12-25 01:02:35.498  2310  2310 F DEBUG   : signal 6 (SIGABRT), code -1 (SI_QUEUE), fault addr --------
12-25 01:02:35.498  2310  2310 F DEBUG   : Abort message: 'Invalid config: /vendor/etc/powerhint.json'
12-25 01:02:35.498  2310  2310 F DEBUG   :     x0  0000000000000000  x1  00000000000008f7  x2  0000000000000006  x3  0000007fc9dffa60
12-25 01:02:35.498  2310  2310 F DEBUG   :     x4  64766e6f2e627364  x5  64766e6f2e627364  x6  64766e6f2e627364  x7  7f7f7f7f7f7f7f7f
12-25 01:02:35.498  2310  2310 F DEBUG   :     x8  00000000000000f0  x9  57320fa014219965  x10 000000ff00000020  x11 000000003b9ac9ff
12-25 01:02:35.498  2310  2310 F DEBUG   :     x12 0000000018da7477  x13 0000000034155555  x14 0000000000000018  x15 0000000018d9694d
12-25 01:02:35.498  2310  2310 F DEBUG   :     x16 00000073d6d03108  x17 00000073d6cea480  x18 00000073d9fb0000  x19 00000000000008f7
12-25 01:02:35.498  2310  2310 F DEBUG   :     x20 00000000000008f7  x21 00000000ffffffff  x22 b400007296bb19d0  x23 0000000000000030
12-25 01:02:35.498  2310  2310 F DEBUG   :     x24 00000073d992cf40  x25 0000000000000000  x26 0000000000000000  x27 0000000000000000
12-25 01:02:35.498  2310  2310 F DEBUG   :     x28 0000000000000000  x29 0000007fc9dffae0
12-25 01:02:35.498  2310  2310 F DEBUG   :     lr  00000073d6c7e1e8  sp  0000007fc9dffa60  pc  00000073d6c7e208  pst 0000000000001000
12-25 01:02:35.498  2310  2310 F DEBUG   :     esr 0000000000000000
12-25 01:02:35.498  2310  2310 F DEBUG   : 7 total frames
12-25 01:02:35.498  2310  2310 F DEBUG   : backtrace:
12-25 01:02:35.498  2310  2310 F DEBUG   :       #00 pc 0000000000075208  /apex/com.android.runtime/lib64/bionic/libc.so (abort+152) (BuildId: 2f42983ccdb45643436e85afb73bebf6)
12-25 01:02:35.498  2310  2310 F DEBUG   :       #01 pc 000000000000b18c  /system/lib64/liblog.so (__android_log_default_aborter+12) (BuildId: 22e37af1f39e2e998181ae3d3d9722d4)
12-25 01:02:35.498  2310  2310 F DEBUG   :       #02 pc 0000000000014cc0  /vendor/lib64/libbase.so (android::base::LogMessage::~LogMessage()+544) (BuildId: 590f4f9a6018ea02b768bd717b76e5ee)
12-25 01:02:35.498  2310  2310 F DEBUG   :       #03 pc 0000000000021a18  /vendor/lib64/libperfmgr.so (android::perfmgr::HintManager::Reload(bool)+1320) (BuildId: 3d75f3d53258be441a58b3f6883d61b8)
12-25 01:02:35.498  2310  2310 F DEBUG   :       #04 pc 000000000002356c  /vendor/lib64/libperfmgr.so (android::perfmgr::HintManager::GetInstance()+28) (BuildId: 3d75f3d53258be441a58b3f6883d61b8)
12-25 01:02:35.498  2310  2310 F DEBUG   :       #05 pc 000000000001ab2c  /vendor/bin/hw/android.hardware.power-service.pixel-libperfmgr (main+124) (BuildId: d1240194223b74bc6ef2a7c60110beb2)
12-25 01:02:35.498  2310  2310 F DEBUG   :       #06 pc 0000000000069e68  /apex/com.android.runtime/lib64/bionic/libc.so (__libc_init+120) (BuildId: 2f42983ccdb45643436e85afb73bebf6)
12-25 01:02:35.502  2310  2310 E crash_dump64: unable to connect to activity manager: Connection refused
12-25 01:02:35.505   747   747 E tombstoned: Tombstone written to: tombstone_02
12-25 01:02:35.605  1320  1355 I sscrpcd : vendor/qcom/proprietary/adsprpc/src/mod_table.c:687: open_mod_table_open_from_static: reverse module apps_std opened with handle 0xffe569e8 (idx 0)
12-25 01:02:35.606  1320  1355 W sscrpcd : vendor/qcom/proprietary/adsprpc/src/apps_std_imp.c:881: Warning: apps_std_fopen_with_env failed with 0x2 for .//lowi//lowi_lp.conf (No such file or directory)
12-25 01:02:35.612  1363  2149 I tftp_server: pid=1363 tid=2149 tftp-server : INF :[tftp_server.c, 1509] WRQ stats : total-blocks = 1 : total-bytes = 5 : 5 timedout-pkts = 0, wrong-pkts = 0
12-25 01:02:35.612  1363  2149 I tftp_server: pid=1363 tid=2149 tftp-server : INF :[tftp_server.c, 1517] WRQ file stats [port: 20]: Total : [fwrite, fflush] = [2, 303] max: 2 min: 0
12-25 01:02:35.612  1363  2149 I tftp_server: pid=1363 tid=2149 tftp-server : INF :[tftp_server.c, 1521] WRQ time stats : Total : [TX, RX] = [4542, 1214]
12-25 01:02:35.612  1363  2149 I tftp_server: pid=1363 tid=2149 tftp-server : INF :[tftp_server.c, 1525] WRQ time stats : Tx [Min, Max] = [2101, 2441]
12-25 01:02:35.612  1363  2149 I tftp_server: pid=1363 tid=2149 tftp-server : INF :[tftp_server.c, 1530] WRQ time stats [port : 20]: Rx [Min, Max] = [1214, 1214]
12-25 01:02:35.612  1363  2149 I tftp_server: pid=1363 tid=2149 tftp-server : INF :[tftp_server.c, 1817] WRQ Total API = 1059619
12-25 01:02:35.641  1182  2333 E IPCMessagingProxy: Exiting with error _process line 159 "3"
12-25 01:02:35.641  1182  2333 E IzatSvc_IzatManager: Exiting with error handleMsg line 569 "3"
12-25 01:02:35.643  1182  1296 E IzatSvc_QNP: Exiting with error getInstance line 284 2
12-25 01:02:35.643  1182  1296 W IzatSvc_ComboNetworkProvider: Failed to initialize to NLP_MODE_QNP_ONLY for Emergency mode
12-25 01:02:35.644  1182  1302 I LocSvc_api_v02: ---> locClientSendReq line 2409 QMI_LOC_SET_PREMIUM_SERVICES_CONFIG_REQ_V02
12-25 01:02:35.648  1182  2274 I LocSvc_ApiV02: <--- globalRespCb line 221 QMI_LOC_SET_PREMIUM_SERVICES_CONFIG_REQ_V02
12-25 01:02:35.648  1182  1302 I LocSvc_api_v02: ---> locClientSendReq line 2409 QMI_LOC_SET_PREMIUM_SERVICES_CONFIG_REQ_V02
12-25 01:02:35.648  1182  1296 I LocSvc_GnssAdapter: restartSessions:2604] :enter
12-25 01:02:35.648  1182  1296 I LocSvc_SystemStatusOsObserver: proc:70] SetSubsObj::enter
12-25 01:02:35.648  1182  1296 E Subscription: sSubscriptionCb NULL !
12-25 01:02:35.648  1182  1296 E Subscription: sSubscriptionCb NULL !
12-25 01:02:35.648  1182  1296 I LocSvc_SystemStatusOsObserver: proc:80] SetSubsObj::exit
12-25 01:02:35.649  1182  1296 E Subscription: sSubscriptionCb NULL !
12-25 01:02:35.649  1182  1296 E Subscription: sSubscriptionCb NULL !
12-25 01:02:35.649  1182  2333 E IzatSvc_IzatManager: Exiting with error handleMsg line 569 "3"
12-25 01:02:35.649  1182  2333 E IzatSvc_IzatManager: Exiting with error handleMsg line 569 "3"
12-25 01:02:35.649  1729  1747 I LOWI-9.0.0.87: [LOWIUtils] inPostcardToRequest - FROM: FreeWifiScanObserver, TO:   LOWI-SERVER, REQ:  LOWI_ASYNC_DISCOVERY_SCAN_RESULTS
12-25 01:02:35.649  1729  1747 I LOWI-9.0.0.87: [LOWIDiagLog] is Logging Enabled for LOWI log code? :0
12-25 01:02:35.656  1182  2274 I LocSvc_ApiV02: <--- globalRespCb line 221 QMI_LOC_SET_PREMIUM_SERVICES_CONFIG_REQ_V02
12-25 01:02:35.656  1182  1302 I LocSvc_api_v02: ---> locClientSendReq line 2409 QMI_LOC_SET_PREMIUM_SERVICES_CONFIG_REQ_V02
12-25 01:02:35.665  1182  2274 I LocSvc_ApiV02: <--- globalRespCb line 221 QMI_LOC_SET_PREMIUM_SERVICES_CONFIG_REQ_V02
12-25 01:02:35.665  1182  1302 I LocSvc_api_v02: ---> locClientSendReq line 2409 QMI_LOC_SET_ENGINE_LOCK_REQ_V02
12-25 01:02:35.702  1182  2274 I LocSvc_ApiV02: <--- globalRespCb line 221 QMI_LOC_SET_ENGINE_LOCK_REQ_V02
12-25 01:02:35.702  1182  1302 I LocSvc_api_v02: ---> locClientSendReq line 2409 QMI_LOC_SET_SERVER_REQ_V02
12-25 01:02:35.722  1182  2274 I LocSvc_ApiV02: <--- globalRespCb line 221 QMI_LOC_SET_SERVER_REQ_V02
12-25 01:02:35.722  1182  1302 I LocSvc_api_v02: ---> locClientSendReq line 2409 QMI_LOC_SET_PROTOCOL_CONFIG_PARAMETERS_REQ_V02
12-25 01:02:35.734  1182  2274 I LocSvc_ApiV02: <--- globalRespCb line 221 QMI_LOC_SET_PROTOCOL_CONFIG_PARAMETERS_REQ_V02
12-25 01:02:35.734  1182  1302 I LocSvc_api_v02: ---> locClientSendReq line 2409 QMI_LOC_SET_PROTOCOL_CONFIG_PARAMETERS_REQ_V02
12-25 01:02:35.744  1182  2274 I LocSvc_ApiV02: <--- globalRespCb line 221 QMI_LOC_SET_PROTOCOL_CONFIG_PARAMETERS_REQ_V02
12-25 01:02:35.744  1182  1302 I LocSvc_api_v02: ---> locClientSendReq line 2409 QMI_LOC_SET_PROTOCOL_CONFIG_PARAMETERS_REQ_V02
12-25 01:02:35.752  1701  1832 W libc    : Unable to set property "ro.vendor.ril.svlte1x" to "false": PROP_ERROR_READ_ONLY_PROPERTY (0xb)
12-25 01:02:35.752  1701  1832 W libc    : Unable to set property "ro.vendor.ril.svdo" to "false": PROP_ERROR_READ_ONLY_PROPERTY (0xb)
12-25 01:02:35.758  1182  2274 I LocSvc_ApiV02: <--- globalRespCb line 221 QMI_LOC_SET_PROTOCOL_CONFIG_PARAMETERS_REQ_V02
12-25 01:02:35.758  1182  1302 I LocSvc_api_v02: ---> locClientSendReq line 2409 QMI_LOC_SET_BLACKLIST_SV_REQ_V02
12-25 01:02:35.770  1182  2274 I LocSvc_ApiV02: <--- globalRespCb line 221 QMI_LOC_SET_BLACKLIST_SV_REQ_V02
12-25 01:02:35.770  1182  1302 I LocSvc_api_v02: ---> locClientSendReq line 2409 QMI_LOC_SET_NMEA_TYPES_REQ_V02
12-25 01:02:35.782  1182  2274 I LocSvc_ApiV02: <--- globalRespCb line 221 QMI_LOC_SET_NMEA_TYPES_REQ_V02
12-25 01:02:35.782  1182  1302 I LocSvc_api_v02: ---> locClientSendReq line 2409 QMI_LOC_SET_SENSOR_PERFORMANCE_CONTROL_CONFIGURATION_REQ_V02
12-25 01:02:35.796  1182  2274 I LocSvc_ApiV02: <--- globalRespCb line 221 QMI_LOC_SET_SENSOR_PERFORMANCE_CONTROL_CONFIGURATION_REQ_V02
12-25 01:02:35.796  1182  1302 I LocSvc_api_v02: ---> locClientSendReq line 2409 QMI_LOC_SET_BLACKLIST_SV_REQ_V02
12-25 01:02:35.806  1182  2274 I LocSvc_ApiV02: <--- globalRespCb line 221 QMI_LOC_SET_BLACKLIST_SV_REQ_V02
12-25 01:02:35.806  1182  1302 I LocSvc_api_v02: ---> locClientSendReq line 2409 QMI_LOC_SET_XTRA_T_SESSION_CONTROL_REQ_V02
12-25 01:02:35.816  1182  2274 I LocSvc_ApiV02: <--- globalRespCb line 221 QMI_LOC_SET_XTRA_T_SESSION_CONTROL_REQ_V02
12-25 01:02:35.816  1182  1302 E LocSvc_IzatApiV02: Success at the 1st try, index 0
12-25 01:02:35.816  1182  1302 I LocSvc_api_v02: ---> locClientSendReq line 2409 QMI_LOC_SET_XTRA_T_SESSION_CONTROL_REQ_V02
12-25 01:02:35.827  1182  2274 I LocSvc_ApiV02: <--- globalRespCb line 221 QMI_LOC_SET_XTRA_T_SESSION_CONTROL_REQ_V02
12-25 01:02:35.827  1182  1302 E LocSvc_IzatApiV02: Success at the 1st try, index 1
12-25 01:02:35.827  1182  1302 I LocSvc_api_v02: ---> locClientSendReq line 2409 QMI_LOC_SET_XTRA_T_SESSION_CONTROL_REQ_V02
12-25 01:02:35.833  1681  1681 I QC-NETMGR-LIB: NetmgrNetdClientRegisterNetwork(): Looking for Netd service
12-25 01:02:35.833  1681  1681 I QC-NETMGR-LIB: NetmgrNetdClientRegisterNetwork(): register to create new OEM network
12-25 01:02:35.833  1681  1681 I QC-NETMGR-LIB: registerNetwork(): Attempting createOemNetwork
12-25 01:02:35.833  1681  1681 I QC-NETMGR-LIB: registerNetwork(): command completed!
12-25 01:02:35.833  1681  1681 I QC-NETMGR-LIB: registerNetwork(): createOemNetwork succeeded [packet mark : 0xf0002] [net id : 2] [network handle : 0x2cafed00d]
12-25 01:02:35.833  1681  1681 I QC-NETMGR-LIB: NetmgrNetdClientRegisterNetwork(): [packet mark : 0xf0002] [network handle : 0x2cafed00d]
12-25 01:02:35.834  1182  2274 I LocSvc_ApiV02: <--- globalRespCb line 221 QMI_LOC_SET_XTRA_T_SESSION_CONTROL_REQ_V02
12-25 01:02:35.834  1182  1302 E LocSvc_IzatApiV02: Success at the 1st try, index 2
12-25 01:02:35.834  1182  1302 I LocSvc_api_v02: ---> locClientSendReq line 2409 QMI_LOC_SET_XTRA_T_SESSION_CONTROL_REQ_V02
12-25 01:02:35.842  1182  2274 I LocSvc_ApiV02: <--- globalRespCb line 221 QMI_LOC_SET_XTRA_T_SESSION_CONTROL_REQ_V02
12-25 01:02:35.842  1182  1302 E LocSvc_IzatApiV02: Success at the 1st try, index 3
12-25 01:02:35.842  1182  1302 I LocSvc_api_v02: ---> locClientSendReq line 2409 QMI_LOC_SET_XTRA_T_SESSION_CONTROL_REQ_V02
12-25 01:02:35.848  1182  2274 I LocSvc_ApiV02: <--- globalRespCb line 221 QMI_LOC_SET_XTRA_T_SESSION_CONTROL_REQ_V02
12-25 01:02:35.848  1182  1302 E LocSvc_IzatApiV02: Success at the 1st try, index 4
12-25 01:02:35.848  1182  1302 E LocSvc_IzatApiV02: setUserPref success
12-25 01:02:35.848  1182  1302 I LocSvc_api_v02: ---> locClientSendReq line 2409 QMI_LOC_REG_EVENTS_REQ_V02
12-25 01:02:35.853  1182  1302 I LocSvc_api_v02: ---> locClientSendReq line 2409 QMI_LOC_SET_PROTOCOL_CONFIG_PARAMETERS_REQ_V02
12-25 01:02:35.862  1182  2274 I LocSvc_ApiV02: <--- globalRespCb line 221 QMI_LOC_SET_PROTOCOL_CONFIG_PARAMETERS_REQ_V02
12-25 01:02:35.862  1182  1302 I LocSvc_api_v02: ---> locClientSendReq line 2409 QMI_LOC_SET_PROTOCOL_CONFIG_PARAMETERS_REQ_V02
12-25 01:02:35.869  1182  2274 I LocSvc_ApiV02: <--- globalRespCb line 221 QMI_LOC_SET_PROTOCOL_CONFIG_PARAMETERS_REQ_V02
12-25 01:02:35.869  1182  1302 I LocSvc_api_v02: ---> locClientSendReq line 2409 QMI_LOC_SET_CONSTRAINED_TUNC_MODE_REQ_V02
12-25 01:02:35.873  1182  1302 E LocSvc_ApiV02: operator():7170] failed, status: eLOC_CLIENT_FAILURE_UNSUPPORTED, ind status:eQMI_LOC_SUCCESS_V02
12-25 01:02:35.873  1182  1302 I LocSvc_api_v02: ---> locClientSendReq line 2409 QMI_LOC_ENABLE_POSITION_ASSISTED_CLOCK_EST_REQ_V02
12-25 01:02:35.876  1182  2274 E QMI_FW  : QCCI qmi_cci_xport_recv: txn not found. svc_id: 16
12-25 01:02:35.877  1182  1302 E LocSvc_ApiV02: operator():7205] failed. status: eLOC_CLIENT_FAILURE_UNSUPPORTED, ind status:eQMI_LOC_SUCCESS_V02
12-25 01:02:35.879  1701  2367 I HYDRA   : modem_api_release: function entry
12-25 01:02:35.879  1701  2367 I HYDRA   : modem_api_release: function exit
12-25 01:02:35.879  1701  2367 I HYDRA   : modem_api_init: function entry
12-25 01:02:35.879  1701  2367 I HYDRA   : vs_init: function entry
12-25 01:02:35.879  1701  2367 I HYDRA   : modem_api_init: function exit
12-25 01:02:35.879  1701  2367 I HYDRA   : modem_api_init_client: function entry
12-25 01:02:35.879  1182  2274 E QMI_FW  : QCCI qmi_cci_xport_recv: txn not found. svc_id: 16
12-25 01:02:35.879  1701  2367 W libc    : Access denied finding property "persist.hydra.mem_trace"
12-25 01:02:35.880  1701  2367 D HYDRA   : hydra_mem_init: HYDRA_MEM_TRACE_PROP not exist
12-25 01:02:35.880  1701  2367 I HYDRA   : vs_client_init: function entry
12-25 01:02:35.880  1701  2367 D HYDRA   : vs_client_init: Client connecting to QMI FW
12-25 01:02:35.880  1701  2367 I HYDRA   : modem_api_operational_status_cb: function entry
12-25 01:02:35.880  1701  2367 D HYDRA   : modem_api_operational_status_cb: client type 0, client id 0, operational_status 1
12-25 01:02:35.880  1701  2367 I HYDRA   : vs_client_init_client_handles: function entry
12-25 01:02:35.880  1701  2367 I HYDRA   : vs_client_get_master_port: using port 65535
12-25 01:02:35.880  1701  2367 I HYDRA   : vs_client_init_client_handles: Trying qmi_client_init_instance() try # 0 port[65535]
12-25 01:02:35.881  1701  2367 I HYDRA   : vs_client_init_client_handles: qmi_client_init_instance returned (0)
12-25 01:02:35.881  1701  2367 I HYDRA   : vs_client_init_client_handles: function exit with ret 1
12-25 01:02:35.881  1701  2367 I HYDRA   : modem_api_operational_status_cb: function entry
12-25 01:02:35.881  1701  2367 D HYDRA   : modem_api_operational_status_cb: client type 0, client id 0, operational_status 3
12-25 01:02:35.881  1701  2367 I HYDRA   : vs_client_init: function exit with ret 1
12-25 01:02:35.881  1701  2367 D HYDRA   : modem_api_init_client: new client: type 0, id 0
12-25 01:02:35.881  1701  2367 I HYDRA   : modem_api_init_client: function exit with ret 0
12-25 01:02:35.892  1701  1825 D XIAOMI_QCRIL: RIL[lib][xiaomi_extend_nvefs.c:396] xiaomi_efs_read: function entry ------------->
12-25 01:02:35.892  1701  1825 D XIAOMI_QCRIL: RIL[lib][xiaomi_extend_nvefs.c:400] xiaomi_efs_read: xiaomi_efs_read, sub_id 0, path_len: 43
12-25 01:02:35.892  1701  1825 D XIAOMI_QCRIL: RIL[lib][xiaomi_extend_nvefs.c:437] xiaomi_efs_read: buf_len: 1
12-25 01:02:35.892  1701  1825 D XIAOMI_QCRIL: RIL[lib][xiaomi_extend_nvefs.c:454] xiaomi_efs_read: path_value: /nv/item_files/mcfg/mcfg_autoselect_by_uim
12-25 01:02:35.897  1701  1825 D XIAOMI_QCRIL: RIL[lib][xiaomi_extend_nvefs.c:52] xiaomi_qmi_result_map: xiaomi_qmi_result_map, old_result 0, new_result 0
12-25 01:02:35.897  1701  1825 D XIAOMI_QCRIL: RIL[lib][xiaomi_extend_nvefs.c:475] xiaomi_efs_read: result = 0, rsp.result = 0
12-25 01:02:35.897  1701  1825 D XIAOMI_QCRIL: RIL[lib][xiaomi_extend_nvefs.c:493] xiaomi_efs_read: data_len_all = 0, data_len_send = 0, data_len_recv = 0, read_count = 1, data_len_cur = 0
12-25 01:02:35.897  1701  1825 D XIAOMI_QCRIL: RIL[lib][xiaomi_extend_nvefs.c:521] xiaomi_efs_read: abort, data_len_send <= 0
12-25 01:02:35.897  1701  1825 D XIAOMI_QCRIL: RIL[lib][xiaomi_extend_nvefs.c:530] xiaomi_efs_read: function exit <-------------
12-25 01:02:35.897  1701  1825 D XIAOMI_QCRIL: RIL[lib][xiaomi_extend_nvefs.c:396] xiaomi_efs_read: function entry ------------->
12-25 01:02:35.897  1701  1825 D XIAOMI_QCRIL: RIL[lib][xiaomi_extend_nvefs.c:400] xiaomi_efs_read: xiaomi_efs_read, sub_id 0, path_len: 64
12-25 01:02:35.897  1701  1825 D XIAOMI_QCRIL: RIL[lib][xiaomi_extend_nvefs.c:437] xiaomi_efs_read: buf_len: 365
12-25 01:02:35.897  1701  1825 D XIAOMI_QCRIL: RIL[lib][xiaomi_extend_nvefs.c:454] xiaomi_efs_read: path_value: /nv/item_files/modem/uim/uimdrv/uim_extended_slot_mapping_config
12-25 01:02:35.902  1701  1825 D XIAOMI_QCRIL: RIL[lib][xiaomi_extend_nvefs.c:52] xiaomi_qmi_result_map: xiaomi_qmi_result_map, old_result 0, new_result 0
12-25 01:02:35.902  1701  1825 D XIAOMI_QCRIL: RIL[lib][xiaomi_extend_nvefs.c:475] xiaomi_efs_read: result = 0, rsp.result = 0
12-25 01:02:35.902  1701  1825 D XIAOMI_QCRIL: RIL[lib][xiaomi_extend_nvefs.c:493] xiaomi_efs_read: data_len_all = 0, data_len_send = 0, data_len_recv = 0, read_count = 1, data_len_cur = 0
12-25 01:02:35.902  1701  1825 D XIAOMI_QCRIL: RIL[lib][xiaomi_extend_nvefs.c:521] xiaomi_efs_read: abort, data_len_send <= 0
12-25 01:02:35.902  1701  1825 D XIAOMI_QCRIL: RIL[lib][xiaomi_extend_nvefs.c:530] xiaomi_efs_read: function exit <-------------
12-25 01:02:36.041  1847  1847 W libbinder.ServiceManagerCppClient: Waited one second for android.hardware.power.IPower/default (is service started? Number of threads started in the threadpool: 32. Are binder threads started and available?)
12-25 01:02:36.042   647  2385 W libc    : Unable to set property "ctl.interface_start" to "aidl/android.hardware.power.IPower/default": PROP_ERROR_HANDLE_CONTROL_MESSAGE (0x20)
12-25 01:02:36.187  2396  2396 W ims_rtp_daemon: libminijail[2396]: failed to get path of fd 3: No such file or directory
12-25 01:02:36.187  2396  2396 W ims_rtp_daemon: libminijail[2396]: allowing syscall: connect
12-25 01:02:36.187  2396  2396 W ims_rtp_daemon: libminijail[2396]: allowing syscall: fcntl
12-25 01:02:36.187  2396  2396 W ims_rtp_daemon: libminijail[2396]: allowing syscall: sendto
12-25 01:02:36.187  2396  2396 W ims_rtp_daemon: libminijail[2396]: allowing syscall: socket
12-25 01:02:36.187  2396  2396 W ims_rtp_daemon: libminijail[2396]: allowing syscall: writev
12-25 01:02:36.187  2396  2396 W ims_rtp_daemon: libminijail[2396]: compile_file: <fd>(92): syscall socket redefined here
12-25 01:02:36.187  2396  2396 W ims_rtp_daemon: libminijail[2396]: compile_file: <fd>(41): previous definition here
12-25 01:02:36.187  2396  2396 W ims_rtp_daemon: libminijail[2396]: compile_file: <fd>(95): nonexistent syscall 'sigreturn'
12-25 01:02:36.187  2396  2396 W ims_rtp_daemon: libminijail[2396]: logging seccomp filter failures
12-25 01:02:36.188  2396  2396 E Diag_Lib:  Diag_LSM_Init: Failed to open handle to diag driver, error = 13
12-25 01:02:36.188  2396  2396 E Diag_Lib:  Couldn't register with Diag LSM, errno: 25
12-25 01:02:36.188  2396  2396 E Diag_Lib: qpLogDiagInit <== result : 0;
12-25 01:02:36.188  2396  2396 E Diag_Lib: [IMS_AP_RTP]"RTP Daemon main entry : 3e9"
12-25 01:02:36.188  2396  2396 E Diag_Lib: [IMS_AP_RTP]"RTP Daemon bLogRTPMsgs 1, bLogRTPDataMsgs 2, bLogAdbMsgs 0"
12-25 01:02:36.190  2396  2396 E Diag_Lib: [IMS_AP_RTP]"qvp_rtp_task_init"
12-25 01:02:36.190  2396  2396 E Diag_Lib: [IMS_AP_RTP]"ims-rtp-daemon listen done"
12-25 01:02:36.191  2396  2396 E Diag_Lib: [IMS_AP_RTP]"ims-rtp-daemon qmi_rtp_register_service >"
12-25 01:02:36.191  2396  2403 E Diag_Lib:  Diag_LSM_Init: Failed to open handle to diag driver, error = 13
12-25 01:02:36.191  2396  2396 E Diag_Lib: [IMS_AP_RTP]"ims-rtp-daemon qmi_rtp_register_service rc : 0"
12-25 01:02:36.191  2396  2396 E Diag_Lib: [IMS_AP_RTP]"ims-rtp-daemon qmi_rtp_register_service service_cookie.service_handle : 0x1"
12-25 01:02:36.191  2396  2396 E Diag_Lib: [IMS_AP_RTP]"IMSRTP HIDL Service is starting."
12-25 01:02:36.191  2396  2403 E Diag_Lib: DPL : gIsQXDMDisabled 0, gIsADBDisabled 1, gIsDebugDisabled 0, gIsIMSLogsDisabled 0 gIsDebugDataPathDisabled = 0
12-25 01:02:36.191  2396  2404 E Diag_Lib: [IMS_AP_RTP]"ms-rtp-daemon ims_rtp_qmi_handler_thread_func >"
12-25 01:02:36.191  2396  2396 E VIMSVT  : VT-Vendor:: enableImsADB 0, log_priority value 240
12-25 01:02:36.191  2396  2396 E Diag_Lib: [IMS_AP_RTP]"RTPService callback Registraton"
12-25 01:02:36.192  2396  2396 E cutils-trace: Error opening trace file: No such file or directory (2)
12-25 01:02:36.192  2396  2403 E Diag_Lib: [IMS_AP_RTP]"qvp_rtp_handle_signals call ret qpDplInitTaskInfo 1"
12-25 01:02:36.192  2396  2403 E Diag_Lib: [IMS_FATAL]| 2403 |qpNetSetReadFds - DataD IPC socket not available
12-25 01:02:36.192  2396  2396 I HidlServiceManagement: Registered vendor.qti.imsrtpservice@3.0::IRTPService/imsrtpservice
12-25 01:02:36.193  2396  2403 E Diag_Lib: [IMS_FATAL]| 2403 |qpCheckSockEventsOnNetConnProfiles : pNetConnProfileArray NULL
12-25 01:02:36.193  1805  1805 E Diag_Lib:  Diag_LSM_Init: Failed to open handle to diag driver, error = 13
12-25 01:02:36.193  1805  1805 E Diag_Lib: qpLogDiagInit <== result : 0
12-25 01:02:36.193  1805  1805 E Diag_Lib: DATAD : gIsQXDMDisabled 0, gIsADBDisabled 1, gIsDebugDisabled 0, gIsIMSLogsDisabled 0
12-25 01:02:36.193  1805  1805 E Diag_Lib:  Diag_LSM_Init: Failed to open handle to diag driver, error = 13
12-25 01:02:36.193  1805  1805 E Diag_Lib: qpLogDiagInit <== result : 0
12-25 01:02:36.193  1805  1805 E Diag_Lib: DATAD : gIsQXDMDisabled 0, gIsADBDisabled 1, gIsDebugDisabled 0, gIsIMSLogsDisabled 0
12-25 01:02:36.193  1805  1805 E Diag_Lib:  Diag_LSM_Init: Failed to open handle to diag driver, error = 13
12-25 01:02:36.193  1805  1805 E Diag_Lib: qpLogDiagInit <== result : 0
12-25 01:02:36.193  1805  1805 E Diag_Lib: DATAD : gIsQXDMDisabled 0, gIsADBDisabled 1, gIsDebugDisabled 0, gIsIMSLogsDisabled 0
12-25 01:02:36.193  1805  1805 E Diag_Lib:  Diag_LSM_Init: Failed to open handle to diag driver, error = 13
12-25 01:02:36.193  1805  1805 E Diag_Lib: qpLogDiagInit <== result : 0
12-25 01:02:36.193  1805  1805 E Diag_Lib: DATAD : gIsQXDMDisabled 0, gIsADBDisabled 1, gIsDebugDisabled 0, gIsIMSLogsDisabled 0
12-25 01:02:36.193  1805  1805 E Diag_Lib:  Diag_LSM_Init: Failed to open handle to diag driver, error = 13
12-25 01:02:36.193  1805  1805 E Diag_Lib: qpLogDiagInit <== result : 0
12-25 01:02:36.193  1805  1805 E Diag_Lib: DATAD : gIsQXDMDisabled 0, gIsADBDisabled 1, gIsDebugDisabled 0, gIsIMSLogsDisabled 0
12-25 01:02:36.193  1805  1805 E Diag_Lib:  Diag_LSM_Init: Failed to open handle to diag driver, error = 13
12-25 01:02:36.193  1805  1805 E Diag_Lib: qpLogDiagInit <== result : 0
12-25 01:02:36.193  1805  1805 E Diag_Lib: DATAD : gIsQXDMDisabled 0, gIsADBDisabled 1, gIsDebugDisabled 0, gIsIMSLogsDisabled 0
12-25 01:02:36.193  1805  1805 E Diag_Lib:  Diag_LSM_Init: Failed to open handle to diag driver, error = 13
12-25 01:02:36.193  1805  1805 E Diag_Lib: qpLogDiagInit <== result : 0
12-25 01:02:36.193  1805  1805 E Diag_Lib: DATAD : gIsQXDMDisabled 0, gIsADBDisabled 1, gIsDebugDisabled 0, gIsIMSLogsDisabled 0
12-25 01:02:36.193  1805  1805 E Diag_Lib:  Diag_LSM_Init: Failed to open handle to diag driver, error = 13
12-25 01:02:36.193  1805  1805 E Diag_Lib: qpLogDiagInit <== result : 0
12-25 01:02:36.193  1805  1805 E Diag_Lib: DATAD : gIsQXDMDisabled 0, gIsADBDisabled 1, gIsDebugDisabled 0, gIsIMSLogsDisabled 0
12-25 01:02:36.193  1805  1805 E Diag_Lib:  Diag_LSM_Init: Failed to open handle to diag driver, error = 13
12-25 01:02:36.193  1805  1805 E Diag_Lib: qpLogDiagInit <== result : 0
12-25 01:02:36.193  1805  1805 E Diag_Lib: DATAD : gIsQXDMDisabled 0, gIsADBDisabled 1, gIsDebugDisabled 0, gIsIMSLogsDisabled 0
12-25 01:02:36.193  1805  1805 E Diag_Lib:  Diag_LSM_Init: Failed to open handle to diag driver, error = 13
12-25 01:02:36.193  1805  1805 E Diag_Lib: qpLogDiagInit <== result : 0
12-25 01:02:36.193  1805  1805 E Diag_Lib: DATAD : gIsQXDMDisabled 0, gIsADBDisabled 1, gIsDebugDisabled 0, gIsIMSLogsDisabled 0
12-25 01:02:36.193  1805  1805 E Diag_Lib:  Diag_LSM_Init: Failed to open handle to diag driver, error = 13
12-25 01:02:36.193  1805  1805 E Diag_Lib: qpLogDiagInit <== result : 0
12-25 01:02:36.193  1805  1805 E Diag_Lib: DATAD : gIsQXDMDisabled 0, gIsADBDisabled 1, gIsDebugDisabled 0, gIsIMSLogsDisabled 0
12-25 01:02:36.201  2396  2403 E Diag_Lib: [IMS_FATAL]| 2403 |qpCheckSockEventsOnNetConnProfiles : pNetConnProfileArray NULL
12-25 01:02:36.201  2396  2403 E Diag_Lib: [IMS_AP_RTP]"rtp_register :: active num_users 1 "
12-25 01:02:36.203  1668  1668 W libbinder.ServiceManagerCppClient: Service package_native didn't start. Returning NULL
12-25 01:02:36.203  1668  1668 E storaged: getService package_native failed
12-25 01:02:36.204  1668  1668 W libbinder.BpBinder: Linking to death on android.hardware.health.IHealth but there are no threads (yet?) listening to incoming transactions. See ProcessState::startThreadPool and ProcessState::setThreadPoolMaxThreadCount. Generally you should setup the binder threadpool before other initialization steps.
