12-25 01:02:36.758  1805  1805 E Diag_Lib: qpLogDiagInit <== result : 0
12-25 01:02:36.758  1805  1805 E Diag_Lib: DATAD : gIsQXDMDisabled 0, gIsADBDisabled 1, gIsDebugDisabled 0, gIsIMSLogsDisabled 0
12-25 01:02:36.758  1805  1805 E Diag_Lib:  Diag_LSM_Init: Failed to open handle to diag driver, error = 13
12-25 01:02:36.758  1805  1805 E Diag_Lib: qpLogDiagInit <== result : 0
12-25 01:02:36.758  1805  1805 E Diag_Lib: DATAD : gIsQXDMDisabled 0, gIsADBDisabled 1, gIsDebugDisabled 0, gIsIMSLogsDisabled 0
12-25 01:02:36.759  1805  1805 E Diag_Lib:  Diag_LSM_Init: Failed to open handle to diag driver, error = 13
12-25 01:02:36.759  1805  1805 E Diag_Lib: qpLogDiagInit <== result : 0
12-25 01:02:36.759  1805  1805 E Diag_Lib: DATAD : gIsQXDMDisabled 0, gIsADBDisabled 1, gIsDebugDisabled 0, gIsIMSLogsDisabled 0
12-25 01:02:36.759  1805  1805 E Diag_Lib:  Diag_LSM_Init: Failed to open handle to diag driver, error = 13
12-25 01:02:36.759  1805  1805 E Diag_Lib: qpLogDiagInit <== result : 0
12-25 01:02:36.759  1805  1805 E Diag_Lib: DATAD : gIsQXDMDisabled 0, gIsADBDisabled 1, gIsDebugDisabled 0, gIsIMSLogsDisabled 0
12-25 01:02:36.759  1805  1805 E Diag_Lib:  Diag_LSM_Init: Failed to open handle to diag driver, error = 13
12-25 01:02:36.759  1805  1805 E Diag_Lib: qpLogDiagInit <== result : 0
12-25 01:02:36.759  1805  1805 E Diag_Lib: DATAD : gIsQXDMDisabled 0, gIsADBDisabled 1, gIsDebugDisabled 0, gIsIMSLogsDisabled 0
12-25 01:02:36.759  1805  1805 E Diag_Lib:  Diag_LSM_Init: Failed to open handle to diag driver, error = 13
12-25 01:02:36.759  1805  1805 E Diag_Lib: qpLogDiagInit <== result : 0
12-25 01:02:36.759  1805  1805 E Diag_Lib: DATAD : gIsQXDMDisabled 0, gIsADBDisabled 1, gIsDebugDisabled 0, gIsIMSLogsDisabled 0
12-25 01:02:36.759  1805  1805 E Diag_Lib:  Diag_LSM_Init: Failed to open handle to diag driver, error = 13
12-25 01:02:36.759  1805  1805 E Diag_Lib: qpLogDiagInit <== result : 0
12-25 01:02:36.759  1805  1805 E Diag_Lib: DATAD : gIsQXDMDisabled 0, gIsADBDisabled 1, gIsDebugDisabled 0, gIsIMSLogsDisabled 0
12-25 01:02:36.759  1805  1805 E Diag_Lib:  Diag_LSM_Init: Failed to open handle to diag driver, error = 13
12-25 01:02:36.759  1805  1805 E Diag_Lib: qpLogDiagInit <== result : 0
12-25 01:02:36.759  1805  1805 E Diag_Lib: DATAD : gIsQXDMDisabled 0, gIsADBDisabled 1, gIsDebugDisabled 0, gIsIMSLogsDisabled 0
12-25 01:02:36.759  1805  1805 E Diag_Lib:  Diag_LSM_Init: Failed to open handle to diag driver, error = 13
12-25 01:02:36.759  1805  1805 E Diag_Lib: qpLogDiagInit <== result : 0
12-25 01:02:36.759  1805  1805 E Diag_Lib: DATAD : gIsQXDMDisabled 0, gIsADBDisabled 1, gIsDebugDisabled 0, gIsIMSLogsDisabled 0
12-25 01:02:36.759  1805  1805 E Diag_Lib:  Diag_LSM_Init: Failed to open handle to diag driver, error = 13
12-25 01:02:36.759  1805  1805 E Diag_Lib: qpLogDiagInit <== result : 0
12-25 01:02:36.759  1805  1805 E Diag_Lib: DATAD : gIsQXDMDisabled 0, gIsADBDisabled 1, gIsDebugDisabled 0, gIsIMSLogsDisabled 0
12-25 01:02:36.759  1805  1805 E Diag_Lib:  Diag_LSM_Init: Failed to open handle to diag driver, error = 13
12-25 01:02:36.759  1805  1805 E Diag_Lib: qpLogDiagInit <== result : 0
12-25 01:02:36.759  1805  1805 E Diag_Lib: DATAD : gIsQXDMDisabled 0, gIsADBDisabled 1, gIsDebugDisabled 0, gIsIMSLogsDisabled 0
12-25 01:02:36.759  1805  1805 E Diag_Lib:  Diag_LSM_Init: Failed to open handle to diag driver, error = 13
12-25 01:02:36.759  1805  1805 E Diag_Lib: qpLogDiagInit <== result : 0
12-25 01:02:36.759  1805  1805 E Diag_Lib: DATAD : gIsQXDMDisabled 0, gIsADBDisabled 1, gIsDebugDisabled 0, gIsIMSLogsDisabled 0
12-25 01:02:36.759  1805  1805 E Diag_Lib:  Diag_LSM_Init: Failed to open handle to diag driver, error = 13
12-25 01:02:36.759  1805  1805 E Diag_Lib: qpLogDiagInit <== result : 0
12-25 01:02:36.759  1805  1805 E Diag_Lib: DATAD : gIsQXDMDisabled 0, gIsADBDisabled 1, gIsDebugDisabled 0, gIsIMSLogsDisabled 0
12-25 01:02:36.759  1805  1805 E Diag_Lib:  Diag_LSM_Init: Failed to open handle to diag driver, error = 13
12-25 01:02:36.759  1805  1805 E Diag_Lib: qpLogDiagInit <== result : 0
12-25 01:02:36.759  1805  1805 E Diag_Lib: DATAD : gIsQXDMDisabled 0, gIsADBDisabled 1, gIsDebugDisabled 0, gIsIMSLogsDisabled 0
12-25 01:02:36.759  1805  1805 E Diag_Lib:  Diag_LSM_Init: Failed to open handle to diag driver, error = 13
12-25 01:02:36.759  1805  1805 E Diag_Lib: qpLogDiagInit <== result : 0
12-25 01:02:36.759  1805  1805 E Diag_Lib: DATAD : gIsQXDMDisabled 0, gIsADBDisabled 1, gIsDebugDisabled 0, gIsIMSLogsDisabled 0
12-25 01:02:36.759  1805  1805 E Diag_Lib:  Diag_LSM_Init: Failed to open handle to diag driver, error = 13
12-25 01:02:36.759  1805  1805 E Diag_Lib: qpLogDiagInit <== result : 0
12-25 01:02:36.759  1805  1805 E Diag_Lib: DATAD : gIsQXDMDisabled 0, gIsADBDisabled 1, gIsDebugDisabled 0, gIsIMSLogsDisabled 0
12-25 01:02:36.759  1805  1805 E Diag_Lib:  Diag_LSM_Init: Failed to open handle to diag driver, error = 13
12-25 01:02:36.759  1805  1805 E Diag_Lib: qpLogDiagInit <== result : 0
12-25 01:02:36.759  1805  1805 E Diag_Lib: DATAD : gIsQXDMDisabled 0, gIsADBDisabled 1, gIsDebugDisabled 0, gIsIMSLogsDisabled 0
12-25 01:02:36.759  1805  1805 E Diag_Lib:  Diag_LSM_Init: Failed to open handle to diag driver, error = 13
12-25 01:02:36.759  1805  1805 E Diag_Lib: qpLogDiagInit <== result : 0
12-25 01:02:36.759  1805  1805 E Diag_Lib: DATAD : gIsQXDMDisabled 0, gIsADBDisabled 1, gIsDebugDisabled 0, gIsIMSLogsDisabled 0
12-25 01:02:36.759  1805  1805 E Diag_Lib:  Diag_LSM_Init: Failed to open handle to diag driver, error = 13
12-25 01:02:36.759  1805  1805 E Diag_Lib: qpLogDiagInit <== result : 0
12-25 01:02:36.759  1805  1805 E Diag_Lib: DATAD : gIsQXDMDisabled 0, gIsADBDisabled 1, gIsDebugDisabled 0, gIsIMSLogsDisabled 0
12-25 01:02:36.759  1805  1805 E Diag_Lib:  Diag_LSM_Init: Failed to open handle to diag driver, error = 13
12-25 01:02:36.759  1805  1805 E Diag_Lib: qpLogDiagInit <== result : 0
12-25 01:02:36.759  1805  1805 E Diag_Lib: DATAD : gIsQXDMDisabled 0, gIsADBDisabled 1, gIsDebugDisabled 0, gIsIMSLogsDisabled 0
12-25 01:02:36.759  1805  1805 E Diag_Lib:  Diag_LSM_Init: Failed to open handle to diag driver, error = 13
12-25 01:02:36.759  1805  1805 E Diag_Lib: qpLogDiagInit <== result : 0
12-25 01:02:36.759  1805  1805 E Diag_Lib: DATAD : gIsQXDMDisabled 0, gIsADBDisabled 1, gIsDebugDisabled 0, gIsIMSLogsDisabled 0
12-25 01:02:36.759  1805  1805 E Diag_Lib:  Diag_LSM_Init: Failed to open handle to diag driver, error = 13
12-25 01:02:36.759  1805  1805 E Diag_Lib: qpLogDiagInit <== result : 0
12-25 01:02:36.759  1805  1805 E Diag_Lib: DATAD : gIsQXDMDisabled 0, gIsADBDisabled 1, gIsDebugDisabled 0, gIsIMSLogsDisabled 0
12-25 01:02:36.759  1805  1805 E Diag_Lib:  Diag_LSM_Init: Failed to open handle to diag driver, error = 13
12-25 01:02:36.759  1805  1805 E Diag_Lib: qpLogDiagInit <== result : 0
12-25 01:02:36.759  1805  1805 E Diag_Lib: DATAD : gIsQXDMDisabled 0, gIsADBDisabled 1, gIsDebugDisabled 0, gIsIMSLogsDisabled 0
12-25 01:02:36.760  1805  1805 E Diag_Lib:  Diag_LSM_Init: Failed to open handle to diag driver, error = 13
12-25 01:02:36.760  1805  1805 E Diag_Lib: qpLogDiagInit <== result : 0
12-25 01:02:36.760  1805  1805 E Diag_Lib: DATAD : gIsQXDMDisabled 0, gIsADBDisabled 1, gIsDebugDisabled 0, gIsIMSLogsDisabled 0
12-25 01:02:36.760  1805  1805 E Diag_Lib:  Diag_LSM_Init: Failed to open handle to diag driver, error = 13
12-25 01:02:36.760  1805  1805 E Diag_Lib: qpLogDiagInit <== result : 0
12-25 01:02:36.760  1805  1805 E Diag_Lib: DATAD : gIsQXDMDisabled 0, gIsADBDisabled 1, gIsDebugDisabled 0, gIsIMSLogsDisabled 0
12-25 01:02:36.760  1805  1805 E Diag_Lib:  Diag_LSM_Init: Failed to open handle to diag driver, error = 13
12-25 01:02:36.760  1805  1805 E Diag_Lib: qpLogDiagInit <== result : 0
12-25 01:02:36.760  1805  1805 E Diag_Lib: DATAD : gIsQXDMDisabled 0, gIsADBDisabled 1, gIsDebugDisabled 0, gIsIMSLogsDisabled 0
12-25 01:02:36.760  1805  1805 E Diag_Lib:  Diag_LSM_Init: Failed to open handle to diag driver, error = 13
12-25 01:02:36.760  1805  1805 E Diag_Lib: qpLogDiagInit <== result : 0
12-25 01:02:36.760  1805  1805 E Diag_Lib: DATAD : gIsQXDMDisabled 0, gIsADBDisabled 1, gIsDebugDisabled 0, gIsIMSLogsDisabled 0
12-25 01:02:36.760  1805  1805 E Diag_Lib:  Diag_LSM_Init: Failed to open handle to diag driver, error = 13
12-25 01:02:36.760  1805  1805 E Diag_Lib: qpLogDiagInit <== result : 0
12-25 01:02:36.760  1805  1805 E Diag_Lib: DATAD : gIsQXDMDisabled 0, gIsADBDisabled 1, gIsDebugDisabled 0, gIsIMSLogsDisabled 0
12-25 01:02:36.760  1805  1805 E Diag_Lib:  Diag_LSM_Init: Failed to open handle to diag driver, error = 13
12-25 01:02:36.760  1805  1805 E Diag_Lib: qpLogDiagInit <== result : 0
12-25 01:02:36.760  1805  1805 E Diag_Lib: DATAD : gIsQXDMDisabled 0, gIsADBDisabled 1, gIsDebugDisabled 0, gIsIMSLogsDisabled 0
12-25 01:02:36.760  1805  1805 E Diag_Lib:  Diag_LSM_Init: Failed to open handle to diag driver, error = 13
12-25 01:02:36.760  1805  1805 E Diag_Lib: qpLogDiagInit <== result : 0
12-25 01:02:36.760  1805  1805 E Diag_Lib: DATAD : gIsQXDMDisabled 0, gIsADBDisabled 1, gIsDebugDisabled 0, gIsIMSLogsDisabled 0
12-25 01:02:36.760  1805  1805 E Diag_Lib:  Diag_LSM_Init: Failed to open handle to diag driver, error = 13
12-25 01:02:36.760  1805  1805 E Diag_Lib: qpLogDiagInit <== result : 0
12-25 01:02:36.760  1805  1805 E Diag_Lib: DATAD : gIsQXDMDisabled 0, gIsADBDisabled 1, gIsDebugDisabled 0, gIsIMSLogsDisabled 0
12-25 01:02:36.760  1805  1805 E Diag_Lib:  Diag_LSM_Init: Failed to open handle to diag driver, error = 13
12-25 01:02:36.760  1805  1805 E Diag_Lib: qpLogDiagInit <== result : 0
12-25 01:02:36.760  1805  1805 E Diag_Lib: DATAD : gIsQXDMDisabled 0, gIsADBDisabled 1, gIsDebugDisabled 0, gIsIMSLogsDisabled 0
12-25 01:02:36.760  1805  1805 E Diag_Lib:  Diag_LSM_Init: Failed to open handle to diag driver, error = 13
12-25 01:02:36.760  1805  1805 E Diag_Lib: qpLogDiagInit <== result : 0
12-25 01:02:36.760  1805  1805 E Diag_Lib: DATAD : gIsQXDMDisabled 0, gIsADBDisabled 1, gIsDebugDisabled 0, gIsIMSLogsDisabled 0
12-25 01:02:36.760  1805  1805 E Diag_Lib:  Diag_LSM_Init: Failed to open handle to diag driver, error = 13
12-25 01:02:36.760  1805  1805 E Diag_Lib: qpLogDiagInit <== result : 0
12-25 01:02:36.760  1805  1805 E Diag_Lib: DATAD : gIsQXDMDisabled 0, gIsADBDisabled 1, gIsDebugDisabled 0, gIsIMSLogsDisabled 0
12-25 01:02:36.760  1805  1805 E Diag_Lib:  Diag_LSM_Init: Failed to open handle to diag driver, error = 13
12-25 01:02:36.760  1805  1805 E Diag_Lib: qpLogDiagInit <== result : 0
12-25 01:02:36.760  1805  1805 E Diag_Lib: DATAD : gIsQXDMDisabled 0, gIsADBDisabled 1, gIsDebugDisabled 0, gIsIMSLogsDisabled 0
12-25 01:02:36.760  1805  1805 E Diag_Lib:  Diag_LSM_Init: Failed to open handle to diag driver, error = 13
12-25 01:02:36.760  1805  1805 E Diag_Lib: qpLogDiagInit <== result : 0
12-25 01:02:36.760  1805  1805 E Diag_Lib: DATAD : gIsQXDMDisabled 0, gIsADBDisabled 1, gIsDebugDisabled 0, gIsIMSLogsDisabled 0
12-25 01:02:36.760  1805  1805 E Diag_Lib:  Diag_LSM_Init: Failed to open handle to diag driver, error = 13
12-25 01:02:36.760  1805  1805 E Diag_Lib: qpLogDiagInit <== result : 0
12-25 01:02:36.760  1805  1805 E Diag_Lib: DATAD : gIsQXDMDisabled 0, gIsADBDisabled 1, gIsDebugDisabled 0, gIsIMSLogsDisabled 0
12-25 01:02:36.760  1805  1805 E Diag_Lib:  Diag_LSM_Init: Failed to open handle to diag driver, error = 13
12-25 01:02:36.760  1805  1805 E Diag_Lib: qpLogDiagInit <== result : 0
12-25 01:02:36.760  1805  1805 E Diag_Lib: DATAD : gIsQXDMDisabled 0, gIsADBDisabled 1, gIsDebugDisabled 0, gIsIMSLogsDisabled 0
12-25 01:02:36.760  1805  1805 E Diag_Lib:  Diag_LSM_Init: Failed to open handle to diag driver, error = 13
12-25 01:02:36.760  1805  1805 E Diag_Lib: qpLogDiagInit <== result : 0
12-25 01:02:36.760  1805  1805 E Diag_Lib: DATAD : gIsQXDMDisabled 0, gIsADBDisabled 1, gIsDebugDisabled 0, gIsIMSLogsDisabled 0
12-25 01:02:36.760  1805  1805 E Diag_Lib:  Diag_LSM_Init: Failed to open handle to diag driver, error = 13
12-25 01:02:36.760  1805  1805 E Diag_Lib: qpLogDiagInit <== result : 0
12-25 01:02:36.760  1805  1805 E Diag_Lib: DATAD : gIsQXDMDisabled 0, gIsADBDisabled 1, gIsDebugDisabled 0, gIsIMSLogsDisabled 0
12-25 01:02:36.761  2396  2403 E Diag_Lib: qvp_rtp_media_init
12-25 01:02:36.763  2396  2403 E Diag_Lib: [IMS_AP_RTP]"rtp_register :: active num_users 2 "
12-25 01:02:36.763  2396  2403 E Diag_Lib: qvp_rtp_media_init
12-25 01:02:36.764  2396  2403 E Diag_Lib: [IMS_AP_RTP]"qvp_rtp_media_init_pvt: Media is already inited for Video"
12-25 01:02:36.764  2396  2403 E Diag_Lib: [IMS_FATAL]| 2403 |SingoConfig::Init()| FATAL error cannot recover: Unable to get DPLConfig
12-25 01:02:36.764  2396  2403 E Diag_Lib: [IMS_FATAL]| 2403 |InitServiceModules | pSingoConfig->Init() Failed
12-25 01:02:36.764  2396  2403 E Diag_Lib: [IMS_AP_RTP]"qvp_rtp_notify_dpl_init_pvt : DPL initialized \r\n"
12-25 01:02:36.766  2396  2403 E Diag_Lib: DPL : gIsQXDMDisabled 0, gIsADBDisabled 1, gIsDebugDisabled 0, gIsIMSLogsDisabled 0 gIsDebugDataPathDisabled = 0
12-25 01:02:37.042  1847  1847 W libbinder.ServiceManagerCppClient: Waited one second for android.hardware.power.IPower/default (is service started? Number of threads started in the threadpool: 32. Are binder threads started and available?)
12-25 01:02:37.042   647  2467 W libc    : Unable to set property "ctl.interface_start" to "aidl/android.hardware.power.IPower/default": PROP_ERROR_HANDLE_CONTROL_MESSAGE (0x20)
12-25 01:02:37.260  1334  1334 W libbinder.ServiceManagerCppClient: Waited one second for activity (is service started? Number of threads started in the threadpool: 16. Are binder threads started and available?)
12-25 01:02:37.260   647  2470 W libc    : Unable to set property "ctl.interface_start" to "aidl/activity": PROP_ERROR_HANDLE_CONTROL_MESSAGE (0x20)
12-25 01:02:37.309  1727  1727 I Atfwd_Daemon: 
12-25 01:02:37.309  1727  1727 I Atfwd_Daemon:  Out of sleep...
12-25 01:02:37.309  1727  1727 I Atfwd_Daemon: 
12-25 01:02:37.309  1727  1727 I Atfwd_Daemon: 
12-25 01:02:37.309  1727  1727 I Atfwd_Daemon:  TrtyInit: retryCnt: 2
12-25 01:02:37.381  1792  1792 E QTI_SDM_INFO: [qti_rmnet_peripheral.c:768] qti_file_open():Could not open device file. Errno 2 error msg=No such file or directory
12-25 01:02:37.902  1354  1379 D RenderEngine: Shader cache generated 135 shaders in 4910.007812 ms
12-25 01:02:37.951  1155  1646 I SDM     : DisplayBuiltIn::Init: Ready to register display id 29 
12-25 01:02:37.952  1155  1646 W SDM     : DisplayBuiltIn::Init: Failed to load Dpps lib libdpps.so
12-25 01:02:37.952  1155  1646 I SDM     : HWCDisplay::PostCommitLayerStack: Changing active config to 1
12-25 01:02:37.952  1155  1646 I SDM     : HWCDisplay::SetActiveConfig: Active configuration changed to: 1
12-25 01:02:37.953  1155  1646 I SDM     : HWDeviceDRM::UpdateMixerAttributes: Mixer WxH 1080x2400-0 for Peripheral
12-25 01:02:37.965  1155  1646 I SDM     : DisplayBuiltIn::Init: Ready to register display id 29 
12-25 01:02:37.965  1155  1646 I SDM     : DisplayBuiltIn::Init: Register display id 29 successfully
12-25 01:02:38.042  1847  1847 W libbinder.ServiceManagerCppClient: Waited one second for android.hardware.power.IPower/default (is service started? Number of threads started in the threadpool: 32. Are binder threads started and available?)
12-25 01:02:38.043   647  2477 W libc    : Unable to set property "ctl.interface_start" to "aidl/android.hardware.power.IPower/default": PROP_ERROR_HANDLE_CONTROL_MESSAGE (0x20)
12-25 01:02:38.260  1334  1334 W libbinder.ServiceManagerCppClient: Waited one second for activity (is service started? Number of threads started in the threadpool: 16. Are binder threads started and available?)
12-25 01:02:38.261   647  2478 W libc    : Unable to set property "ctl.interface_start" to "aidl/activity": PROP_ERROR_HANDLE_CONTROL_MESSAGE (0x20)
12-25 01:02:38.309  1727  1727 I Atfwd_Daemon: qmi_client_init_instance status retry : 2
12-25 01:02:38.309  1727  1727 I Atfwd_Daemon: 
12-25 01:02:38.309  1727  1727 I Atfwd_Daemon:  qmi_client_init_instance....
12-25 01:02:38.310  1727  1727 I Atfwd_Daemon: qmi_client_init_instance status: 0, num_retries: 3, retryCnt: 2
12-25 01:02:38.310  1727  1727 I Atfwd_Daemon: qmi_client_register_error_cb status: 0
12-25 01:02:38.310  1727  1727 I Atfwd_Daemon: result : 0 	 ,Init step :1 	 ,qmiErrorCode: 0
12-25 01:02:38.310  1727  1727 I Atfwd_Daemon: 
12-25 01:02:38.310  1727  1727 I Atfwd_Daemon:  Back to main.
12-25 01:02:38.310  1727  1727 I Atfwd_Daemon:  tryinit complete with connectresult: 0
12-25 01:02:38.310  1727  1727 I Atfwd_Daemon: 
12-25 01:02:38.310  1727  1727 I Atfwd_Daemon: 
12-25 01:02:38.310  1727  1727 I Atfwd_Daemon:  TrtyInit: retryCnt: 1
12-25 01:02:38.310  1727  1727 I Atfwd_Daemon: Invalid type 2
12-25 01:02:38.310  1727  1727 I Atfwd_Daemon:  tryinit complete with connectresult: 0
12-25 01:02:38.310  1727  1727 I Atfwd_Daemon: Trying to register 7 commands:
12-25 01:02:38.310  1727  1727 I Atfwd_Daemon: cmd0: +CKPD
12-25 01:02:38.310  1727  1727 I Atfwd_Daemon: sending QMI_AT_REG_AT_CMD_FWD_REQ_V01 message
12-25 01:02:38.323  1727  1727 I Atfwd_Daemon: cmd1: +CTSA
12-25 01:02:38.324  1727  1727 I Atfwd_Daemon: sending QMI_AT_REG_AT_CMD_FWD_REQ_V01 message
12-25 01:02:38.326  1727  1727 I Atfwd_Daemon: cmd2: +CFUN
12-25 01:02:38.326  1727  1727 I Atfwd_Daemon: sending QMI_AT_REG_AT_CMD_FWD_REQ_V01 message
12-25 01:02:38.329  1727  1727 I Atfwd_Daemon: cmd3: +CDIS
12-25 01:02:38.329  1727  1727 I Atfwd_Daemon: sending QMI_AT_REG_AT_CMD_FWD_REQ_V01 message
12-25 01:02:38.332  1727  1727 I Atfwd_Daemon: cmd4: +CRSL
12-25 01:02:38.332  1727  1727 I Atfwd_Daemon: sending QMI_AT_REG_AT_CMD_FWD_REQ_V01 message
12-25 01:02:38.336  1727  1727 I Atfwd_Daemon: cmd5: +CSS
12-25 01:02:38.336  1727  1727 I Atfwd_Daemon: sending QMI_AT_REG_AT_CMD_FWD_REQ_V01 message
12-25 01:02:38.339  1727  1727 I Atfwd_Daemon: cmd6: $QCPWRDN
12-25 01:02:38.339  1727  1727 I Atfwd_Daemon: sending QMI_AT_REG_AT_CMD_FWD_REQ_V01 message
12-25 01:02:38.342  1727  1727 I Atfwd_Daemon: Registered AT Commands event handler
12-25 01:02:38.342  1727  1727 I Atfwd_Daemon: Waiting for ctrCond
12-25 01:02:38.381  1792  1792 E QTI_SDM_INFO: [qti_rmnet_peripheral.c:768] qti_file_open():Could not open device file. Errno 2 error msg=No such file or directory
12-25 01:02:38.543  1192  1287 E android.hardware.sensors@1.0-service: ERROR: Fix ultrasound sensor so it does not return error from poll()
12-25 01:02:39.043  1847  1847 W libbinder.ServiceManagerCppClient: Waited one second for android.hardware.power.IPower/default (is service started? Number of threads started in the threadpool: 32. Are binder threads started and available?)
12-25 01:02:39.044   647  2485 W libc    : Unable to set property "ctl.interface_start" to "aidl/android.hardware.power.IPower/default": PROP_ERROR_HANDLE_CONTROL_MESSAGE (0x20)
12-25 01:02:39.260  1334  1334 W libbinder.ServiceManagerCppClient: Waited one second for activity (is service started? Number of threads started in the threadpool: 16. Are binder threads started and available?)
12-25 01:02:39.261   647  2486 W libc    : Unable to set property "ctl.interface_start" to "aidl/activity": PROP_ERROR_HANDLE_CONTROL_MESSAGE (0x20)
12-25 01:02:39.381  1792  1792 E QTI_SDM_INFO: [qti_rmnet_peripheral.c:768] qti_file_open():Could not open device file. Errno 2 error msg=No such file or directory
12-25 01:02:40.043  1847  1847 W libbinder.ServiceManagerCppClient: Waited one second for android.hardware.power.IPower/default (is service started? Number of threads started in the threadpool: 32. Are binder threads started and available?)
12-25 01:02:40.044   647  2492 W libc    : Unable to set property "ctl.interface_start" to "aidl/android.hardware.power.IPower/default": PROP_ERROR_HANDLE_CONTROL_MESSAGE (0x20)
12-25 01:02:40.261  1334  1334 W libbinder.ServiceManagerCppClient: Waited one second for activity (is service started? Number of threads started in the threadpool: 16. Are binder threads started and available?)
12-25 01:02:40.262   647  2493 W libc    : Unable to set property "ctl.interface_start" to "aidl/activity": PROP_ERROR_HANDLE_CONTROL_MESSAGE (0x20)
12-25 01:02:40.382  1792  1792 E QTI_SDM_INFO: [qti_rmnet_peripheral.c:768] qti_file_open():Could not open device file. Errno 2 error msg=No such file or directory
12-25 01:02:40.457  2499  2499 I libperfmgr: Pixel Power HAL AIDL Service with Extension is starting with config: /vendor/etc/powerhint.json
12-25 01:02:40.458  2499  2499 W libperfmgr: In nodeCPULittleClusterMaxFreq old node path format detected.
12-25 01:02:40.458  2499  2499 E libperfmgr: Failed to read Node[0]'s Paths
12-25 01:02:40.458  2499  2499 I libperfmgr: Failed to read Node[0]'s Truncate, set to 'true'
12-25 01:02:40.458  2499  2499 I libperfmgr: Failed to read Node[0]'s HoldFd, set to 'false'
12-25 01:02:40.458  2499  2499 I libperfmgr: Failed to read Node[0]'s WriteOnly, set to 'false'
12-25 01:02:40.458  2499  2499 I libperfmgr: Failed to read Node[0]'s AllowFailure, set to 'false'
12-25 01:02:40.459  2499  2499 W libperfmgr: In nodeCPULittleClusterMinFreq old node path format detected.
12-25 01:02:40.459  2499  2499 E libperfmgr: Failed to read Node[1]'s Paths
12-25 01:02:40.459  2499  2499 I libperfmgr: Failed to read Node[1]'s DefaultIndex, set to last index: 4
12-25 01:02:40.459  2499  2499 I libperfmgr: Failed to read Node[1]'s Truncate, set to 'true'
12-25 01:02:40.459  2499  2499 I libperfmgr: Failed to read Node[1]'s HoldFd, set to 'false'
12-25 01:02:40.459  2499  2499 I libperfmgr: Failed to read Node[1]'s WriteOnly, set to 'false'
12-25 01:02:40.459  2499  2499 I libperfmgr: Failed to read Node[1]'s AllowFailure, set to 'false'
12-25 01:02:40.459  2499  2499 W libperfmgr: In nodeCPUBigClusterMaxFreq old node path format detected.
12-25 01:02:40.459  2499  2499 E libperfmgr: Failed to read Node[2]'s Paths
12-25 01:02:40.459  2499  2499 I libperfmgr: Failed to read Node[2]'s Truncate, set to 'true'
12-25 01:02:40.459  2499  2499 I libperfmgr: Failed to read Node[2]'s HoldFd, set to 'false'
12-25 01:02:40.459  2499  2499 I libperfmgr: Failed to read Node[2]'s WriteOnly, set to 'false'
12-25 01:02:40.459  2499  2499 I libperfmgr: Failed to read Node[2]'s AllowFailure, set to 'false'
12-25 01:02:40.459  2499  2499 W libperfmgr: In nodeCPUBigClusterMinFreq old node path format detected.
12-25 01:02:40.459  2499  2499 E libperfmgr: Failed to read Node[3]'s Paths
12-25 01:02:40.459  2499  2499 I libperfmgr: Failed to read Node[3]'s DefaultIndex, set to last index: 5
12-25 01:02:40.459  2499  2499 I libperfmgr: Failed to read Node[3]'s Truncate, set to 'true'
12-25 01:02:40.459  2499  2499 I libperfmgr: Failed to read Node[3]'s HoldFd, set to 'false'
12-25 01:02:40.459  2499  2499 I libperfmgr: Failed to read Node[3]'s WriteOnly, set to 'false'
12-25 01:02:40.459  2499  2499 I libperfmgr: Failed to read Node[3]'s AllowFailure, set to 'false'
12-25 01:02:40.459  2499  2499 W libperfmgr: In nodeCPUBigPlusClusterMaxFreq old node path format detected.
12-25 01:02:40.459  2499  2499 E libperfmgr: Failed to read Node[4]'s Paths
12-25 01:02:40.459  2499  2499 I libperfmgr: Failed to read Node[4]'s Truncate, set to 'true'
12-25 01:02:40.459  2499  2499 I libperfmgr: Failed to read Node[4]'s HoldFd, set to 'false'
12-25 01:02:40.459  2499  2499 I libperfmgr: Failed to read Node[4]'s WriteOnly, set to 'false'
12-25 01:02:40.459  2499  2499 I libperfmgr: Failed to read Node[4]'s AllowFailure, set to 'false'
12-25 01:02:40.459  2499  2499 W libperfmgr: In nodeCPUBigPlusClusterMinFreq old node path format detected.
12-25 01:02:40.459  2499  2499 E libperfmgr: Failed to read Node[5]'s Paths
12-25 01:02:40.459  2499  2499 I libperfmgr: Failed to read Node[5]'s DefaultIndex, set to last index: 6
12-25 01:02:40.459  2499  2499 I libperfmgr: Failed to read Node[5]'s Truncate, set to 'true'
12-25 01:02:40.459  2499  2499 I libperfmgr: Failed to read Node[5]'s HoldFd, set to 'false'
12-25 01:02:40.459  2499  2499 I libperfmgr: Failed to read Node[5]'s WriteOnly, set to 'false'
12-25 01:02:40.459  2499  2499 I libperfmgr: Failed to read Node[5]'s AllowFailure, set to 'false'
12-25 01:02:40.459  2499  2499 W libperfmgr: In nodeGPUMaxFreq old node path format detected.
12-25 01:02:40.459  2499  2499 E libperfmgr: Failed to read Node[6]'s Paths
12-25 01:02:40.459  2499  2499 I libperfmgr: Failed to read Node[6]'s Truncate, set to 'true'
12-25 01:02:40.459  2499  2499 I libperfmgr: Failed to read Node[6]'s HoldFd, set to 'false'
12-25 01:02:40.459  2499  2499 I libperfmgr: Failed to read Node[6]'s WriteOnly, set to 'false'
12-25 01:02:40.459  2499  2499 I libperfmgr: Failed to read Node[6]'s AllowFailure, set to 'false'
12-25 01:02:40.459  2499  2499 W libperfmgr: In nodeGPUMinFreq old node path format detected.
12-25 01:02:40.459  2499  2499 E libperfmgr: Failed to read Node[7]'s Paths
12-25 01:02:40.459  2499  2499 I libperfmgr: Failed to read Node[7]'s DefaultIndex, set to last index: 7
12-25 01:02:40.459  2499  2499 I libperfmgr: Failed to read Node[7]'s Truncate, set to 'true'
12-25 01:02:40.459  2499  2499 I libperfmgr: Failed to read Node[7]'s HoldFd, set to 'false'
12-25 01:02:40.459  2499  2499 I libperfmgr: Failed to read Node[7]'s WriteOnly, set to 'false'
12-25 01:02:40.459  2499  2499 I libperfmgr: Failed to read Node[7]'s AllowFailure, set to 'false'
12-25 01:02:40.459  2499  2499 W libperfmgr: In nodeGPUForceRailOn old node path format detected.
12-25 01:02:40.459  2499  2499 E libperfmgr: Failed to read Node[8]'s Paths
12-25 01:02:40.459  2499  2499 I libperfmgr: Failed to read Node[8]'s DefaultIndex, set to last index: 1
12-25 01:02:40.459  2499  2499 I libperfmgr: Failed to read Node[8]'s Truncate, set to 'true'
12-25 01:02:40.459  2499  2499 I libperfmgr: Failed to read Node[8]'s HoldFd, set to 'false'
12-25 01:02:40.459  2499  2499 I libperfmgr: Failed to read Node[8]'s WriteOnly, set to 'false'
12-25 01:02:40.459  2499  2499 I libperfmgr: Failed to read Node[8]'s AllowFailure, set to 'false'
12-25 01:02:40.459  2499  2499 W libperfmgr: In nodeGPUForceClkOn old node path format detected.
12-25 01:02:40.459  2499  2499 E libperfmgr: Failed to read Node[9]'s Paths
12-25 01:02:40.459  2499  2499 I libperfmgr: Failed to read Node[9]'s DefaultIndex, set to last index: 1
12-25 01:02:40.459  2499  2499 I libperfmgr: Failed to read Node[9]'s Truncate, set to 'true'
12-25 01:02:40.459  2499  2499 I libperfmgr: Failed to read Node[9]'s HoldFd, set to 'false'
12-25 01:02:40.459  2499  2499 I libperfmgr: Failed to read Node[9]'s WriteOnly, set to 'false'
12-25 01:02:40.459  2499  2499 I libperfmgr: Failed to read Node[9]'s AllowFailure, set to 'false'
12-25 01:02:40.459  2499  2499 W libperfmgr: In nodeGPUIdleTimer old node path format detected.
12-25 01:02:40.459  2499  2499 E libperfmgr: Failed to read Node[10]'s Paths
12-25 01:02:40.459  2499  2499 I libperfmgr: Failed to read Node[10]'s DefaultIndex, set to last index: 1
12-25 01:02:40.459  2499  2499 I libperfmgr: Failed to read Node[10]'s Truncate, set to 'true'
12-25 01:02:40.459  2499  2499 I libperfmgr: Failed to read Node[10]'s HoldFd, set to 'false'
12-25 01:02:40.459  2499  2499 I libperfmgr: Failed to read Node[10]'s WriteOnly, set to 'false'
12-25 01:02:40.459  2499  2499 I libperfmgr: Failed to read Node[10]'s AllowFailure, set to 'false'
12-25 01:02:40.459  2499  2499 W libperfmgr: In nodeCPUBWHystTriggerCount old node path format detected.
12-25 01:02:40.459  2499  2499 E libperfmgr: Failed to read Node[11]'s Paths
12-25 01:02:40.459  2499  2499 I libperfmgr: Failed to read Node[11]'s DefaultIndex, set to last index: 1
12-25 01:02:40.459  2499  2499 I libperfmgr: Failed to read Node[11]'s Truncate, set to 'true'
12-25 01:02:40.459  2499  2499 I libperfmgr: Failed to read Node[11]'s HoldFd, set to 'false'
12-25 01:02:40.459  2499  2499 I libperfmgr: Failed to read Node[11]'s WriteOnly, set to 'false'
12-25 01:02:40.459  2499  2499 I libperfmgr: Failed to read Node[11]'s AllowFailure, set to 'false'
12-25 01:02:40.459  2499  2499 W libperfmgr: In nodeCPUBWHistMemory old node path format detected.
12-25 01:02:40.459  2499  2499 E libperfmgr: Failed to read Node[12]'s Paths
12-25 01:02:40.459  2499  2499 I libperfmgr: Failed to read Node[12]'s DefaultIndex, set to last index: 1
12-25 01:02:40.459  2499  2499 I libperfmgr: Failed to read Node[12]'s Truncate, set to 'true'
12-25 01:02:40.459  2499  2499 I libperfmgr: Failed to read Node[12]'s HoldFd, set to 'false'
12-25 01:02:40.459  2499  2499 I libperfmgr: Failed to read Node[12]'s WriteOnly, set to 'false'
12-25 01:02:40.459  2499  2499 I libperfmgr: Failed to read Node[12]'s AllowFailure, set to 'false'
12-25 01:02:40.459  2499  2499 W libperfmgr: In nodeCPUBWHystLength old node path format detected.
12-25 01:02:40.459  2499  2499 E libperfmgr: Failed to read Node[13]'s Paths
12-25 01:02:40.459  2499  2499 I libperfmgr: Failed to read Node[13]'s DefaultIndex, set to last index: 1
12-25 01:02:40.459  2499  2499 I libperfmgr: Failed to read Node[13]'s Truncate, set to 'true'
12-25 01:02:40.459  2499  2499 I libperfmgr: Failed to read Node[13]'s HoldFd, set to 'false'
12-25 01:02:40.459  2499  2499 I libperfmgr: Failed to read Node[13]'s WriteOnly, set to 'false'
12-25 01:02:40.459  2499  2499 I libperfmgr: Failed to read Node[13]'s AllowFailure, set to 'false'
12-25 01:02:40.459  2499  2499 W libperfmgr: In nodeCPUBWSampleMs old node path format detected.
12-25 01:02:40.459  2499  2499 E libperfmgr: Failed to read Node[14]'s Paths
12-25 01:02:40.459  2499  2499 I libperfmgr: Failed to read Node[14]'s DefaultIndex, set to last index: 1
12-25 01:02:40.459  2499  2499 I libperfmgr: Failed to read Node[14]'s Truncate, set to 'true'
12-25 01:02:40.459  2499  2499 I libperfmgr: Failed to read Node[14]'s HoldFd, set to 'false'
12-25 01:02:40.459  2499  2499 I libperfmgr: Failed to read Node[14]'s WriteOnly, set to 'false'
12-25 01:02:40.459  2499  2499 I libperfmgr: Failed to read Node[14]'s AllowFailure, set to 'false'
12-25 01:02:40.459  2499  2499 W libperfmgr: In nodeCPUBWIOPercent old node path format detected.
12-25 01:02:40.459  2499  2499 E libperfmgr: Failed to read Node[15]'s Paths
12-25 01:02:40.459  2499  2499 I libperfmgr: Failed to read Node[15]'s DefaultIndex, set to last index: 1
12-25 01:02:40.459  2499  2499 I libperfmgr: Failed to read Node[15]'s Truncate, set to 'true'
12-25 01:02:40.459  2499  2499 I libperfmgr: Failed to read Node[15]'s HoldFd, set to 'false'
12-25 01:02:40.459  2499  2499 I libperfmgr: Failed to read Node[15]'s WriteOnly, set to 'false'
12-25 01:02:40.459  2499  2499 I libperfmgr: Failed to read Node[15]'s AllowFailure, set to 'false'
12-25 01:02:40.459  2499  2499 W libperfmgr: In nodeCPUBWMinFreq old node path format detected.
12-25 01:02:40.459  2499  2499 E libperfmgr: Failed to read Node[16]'s Paths
12-25 01:02:40.459  2499  2499 I libperfmgr: Failed to read Node[16]'s DefaultIndex, set to last index: 2
12-25 01:02:40.459  2499  2499 I libperfmgr: Failed to read Node[16]'s Truncate, set to 'true'
12-25 01:02:40.459  2499  2499 I libperfmgr: Failed to read Node[16]'s HoldFd, set to 'false'
12-25 01:02:40.459  2499  2499 I libperfmgr: Failed to read Node[16]'s WriteOnly, set to 'false'
12-25 01:02:40.459  2499  2499 I libperfmgr: Failed to read Node[16]'s AllowFailure, set to 'false'
12-25 01:02:40.459  2499  2499 W libperfmgr: In nodeLLCCBWMinFreq old node path format detected.
12-25 01:02:40.459  2499  2499 E libperfmgr: Failed to read Node[17]'s Paths
12-25 01:02:40.459  2499  2499 I libperfmgr: Failed to read Node[17]'s DefaultIndex, set to last index: 2
12-25 01:02:40.459  2499  2499 I libperfmgr: Failed to read Node[17]'s Truncate, set to 'true'
12-25 01:02:40.459  2499  2499 I libperfmgr: Failed to read Node[17]'s HoldFd, set to 'false'
12-25 01:02:40.459  2499  2499 I libperfmgr: Failed to read Node[17]'s WriteOnly, set to 'false'
12-25 01:02:40.459  2499  2499 I libperfmgr: Failed to read Node[17]'s AllowFailure, set to 'false'
12-25 01:02:40.459  2499  2499 W libperfmgr: In nodeLLCCBWSampleMs old node path format detected.
12-25 01:02:40.460  2499  2499 E libperfmgr: Failed to read Node[18]'s Paths
12-25 01:02:40.460  2499  2499 I libperfmgr: Failed to read Node[18]'s DefaultIndex, set to last index: 1
12-25 01:02:40.460  2499  2499 I libperfmgr: Failed to read Node[18]'s Truncate, set to 'true'
12-25 01:02:40.460  2499  2499 I libperfmgr: Failed to read Node[18]'s HoldFd, set to 'false'
12-25 01:02:40.460  2499  2499 I libperfmgr: Failed to read Node[18]'s WriteOnly, set to 'false'
12-25 01:02:40.460  2499  2499 I libperfmgr: Failed to read Node[18]'s AllowFailure, set to 'false'
12-25 01:02:40.460  2499  2499 W libperfmgr: In nodeLLCCBWHystLength old node path format detected.
12-25 01:02:40.460  2499  2499 E libperfmgr: Failed to read Node[19]'s Paths
12-25 01:02:40.460  2499  2499 I libperfmgr: Failed to read Node[19]'s DefaultIndex, set to last index: 1
12-25 01:02:40.460  2499  2499 I libperfmgr: Failed to read Node[19]'s Truncate, set to 'true'
12-25 01:02:40.460  2499  2499 I libperfmgr: Failed to read Node[19]'s HoldFd, set to 'false'
12-25 01:02:40.460  2499  2499 I libperfmgr: Failed to read Node[19]'s WriteOnly, set to 'false'
12-25 01:02:40.460  2499  2499 I libperfmgr: Failed to read Node[19]'s AllowFailure, set to 'false'
12-25 01:02:40.460  2499  2499 W libperfmgr: In nodeL3LittleClusterMinFreq old node path format detected.
12-25 01:02:40.460  2499  2499 E libperfmgr: Failed to read Node[20]'s Paths
12-25 01:02:40.460  2499  2499 I libperfmgr: Failed to read Node[20]'s DefaultIndex, set to last index: 1
12-25 01:02:40.460  2499  2499 I libperfmgr: Failed to read Node[20]'s Truncate, set to 'true'
12-25 01:02:40.460  2499  2499 I libperfmgr: Failed to read Node[20]'s HoldFd, set to 'false'
12-25 01:02:40.460  2499  2499 I libperfmgr: Failed to read Node[20]'s WriteOnly, set to 'false'
12-25 01:02:40.460  2499  2499 I libperfmgr: Failed to read Node[20]'s AllowFailure, set to 'false'
12-25 01:02:40.460  2499  2499 W libperfmgr: In nodeLLCCBWHystTriggerCount old node path format detected.
12-25 01:02:40.460  2499  2499 E libperfmgr: Failed to read Node[21]'s Paths
12-25 01:02:40.460  2499  2499 I libperfmgr: Failed to read Node[21]'s DefaultIndex, set to last index: 1
12-25 01:02:40.460  2499  2499 I libperfmgr: Failed to read Node[21]'s Truncate, set to 'true'
12-25 01:02:40.460  2499  2499 I libperfmgr: Failed to read Node[21]'s HoldFd, set to 'false'
12-25 01:02:40.460  2499  2499 I libperfmgr: Failed to read Node[21]'s WriteOnly, set to 'false'
12-25 01:02:40.460  2499  2499 I libperfmgr: Failed to read Node[21]'s AllowFailure, set to 'false'
12-25 01:02:40.460  2499  2499 W libperfmgr: In nodeL3BigClusterMinFreq old node path format detected.
12-25 01:02:40.460  2499  2499 E libperfmgr: Failed to read Node[22]'s Paths
12-25 01:02:40.460  2499  2499 I libperfmgr: Failed to read Node[22]'s DefaultIndex, set to last index: 1
12-25 01:02:40.460  2499  2499 I libperfmgr: Failed to read Node[22]'s Truncate, set to 'true'
12-25 01:02:40.460  2499  2499 I libperfmgr: Failed to read Node[22]'s HoldFd, set to 'false'
12-25 01:02:40.460  2499  2499 I libperfmgr: Failed to read Node[22]'s WriteOnly, set to 'false'
12-25 01:02:40.460  2499  2499 I libperfmgr: Failed to read Node[22]'s AllowFailure, set to 'false'
12-25 01:02:40.460  2499  2499 W libperfmgr: In nodeL3BigPlusClusterMinFreq old node path format detected.
12-25 01:02:40.460  2499  2499 E libperfmgr: Failed to read Node[23]'s Paths
12-25 01:02:40.460  2499  2499 I libperfmgr: Failed to read Node[23]'s DefaultIndex, set to last index: 1
12-25 01:02:40.460  2499  2499 I libperfmgr: Failed to read Node[23]'s Truncate, set to 'true'
12-25 01:02:40.460  2499  2499 I libperfmgr: Failed to read Node[23]'s HoldFd, set to 'false'
12-25 01:02:40.460  2499  2499 I libperfmgr: Failed to read Node[23]'s WriteOnly, set to 'false'
12-25 01:02:40.460  2499  2499 I libperfmgr: Failed to read Node[23]'s AllowFailure, set to 'false'
12-25 01:02:40.460  2499  2499 W libperfmgr: In nodePowerHALMainState old node path format detected.
12-25 01:02:40.460  2499  2499 E libperfmgr: Failed to read Node[24]'s Paths
12-25 01:02:40.460  2499  2499 I libperfmgr: Failed to read Node[24]'s DefaultIndex, set to last index: 1
12-25 01:02:40.460  2499  2499 I libperfmgr: Failed to read Node[24]'s ResetOnInit, set to 'false'
12-25 01:02:40.460  2499  2499 W libperfmgr: In nodePowerHALAudioState old node path format detected.
12-25 01:02:40.460  2499  2499 E libperfmgr: Failed to read Node[25]'s Paths
12-25 01:02:40.460  2499  2499 I libperfmgr: Failed to read Node[25]'s DefaultIndex, set to last index: 1
12-25 01:02:40.460  2499  2499 I libperfmgr: Failed to read Node[25]'s ResetOnInit, set to 'false'
12-25 01:02:40.460  2499  2499 W libperfmgr: In nodePowerHALRenderingState old node path format detected.
12-25 01:02:40.460  2499  2499 E libperfmgr: Failed to read Node[26]'s Paths
12-25 01:02:40.460  2499  2499 I libperfmgr: Failed to read Node[26]'s DefaultIndex, set to last index: 1
12-25 01:02:40.460  2499  2499 I libperfmgr: Failed to read Node[26]'s ResetOnInit, set to 'false'
12-25 01:02:40.460  2499  2499 W libperfmgr: In nodeDoubleTapToWake old node path format detected.
12-25 01:02:40.460  2499  2499 E libperfmgr: Failed to read Node[27]'s Paths
12-25 01:02:40.460  2499  2499 I libperfmgr: Failed to read Node[27]'s Truncate, set to 'true'
12-25 01:02:40.460  2499  2499 I libperfmgr: Failed to read Node[27]'s HoldFd, set to 'false'
12-25 01:02:40.460  2499  2499 I libperfmgr: Failed to read Node[27]'s WriteOnly, set to 'false'
12-25 01:02:40.460  2499  2499 I libperfmgr: Failed to read Node[27]'s AllowFailure, set to 'false'
12-25 01:02:40.460  2499  2499 I libperfmgr: 28 Nodes parsed successfully
12-25 01:02:40.461  2499  2499 I libperfmgr: 0 AdpfConfigs parsed successfully
12-25 01:02:40.462  2499  2499 I libperfmgr: No AdpfConfig section in the /vendor/etc/powerhint.json
12-25 01:02:40.463  2499  2499 E libperfmgr: Failed to read Action[24]'s Value
12-25 01:02:40.463  2499  2499 E libperfmgr: Action[24]'s Value 120 is not defined in Node[GPUIdleTimer]
12-25 01:02:40.463  2499  2499 E libperfmgr: Failed to parse Actions section from /vendor/etc/powerhint.json
12-25 01:02:40.463  2499  2499 F libperfmgr: Invalid config: /vendor/etc/powerhint.json
12-25 01:02:40.463  2499  2499 F libc    : Fatal signal 6 (SIGABRT), code -1 (SI_QUEUE) in tid 2499 (android.hardwar), pid 2499 (android.hardwar)
12-25 01:02:40.471  2501  2501 E cutils-trace: Error opening trace file: No such file or directory (2)
12-25 01:02:40.473  2502  2502 I crash_dump64: obtaining output fd from tombstoned, type: kDebuggerdTombstoneProto
12-25 01:02:40.474   747   747 I tombstoned: received crash request for pid 2499
12-25 01:02:40.474  2502  2502 I crash_dump64: performing dump of process 2499 (target tid = 2499)
12-25 01:02:40.475  2502  2502 E DEBUG   : failed to read process info: failed to open /proc/2499: No such file or directory
12-25 01:02:40.489  2502  2502 F DEBUG   : *** *** *** *** *** *** *** *** *** *** *** *** *** *** *** ***
12-25 01:02:40.489  2502  2502 F DEBUG   : PixelOS Version: 'ASCP_alioth-16.1-20251224-1908'
12-25 01:02:40.489  2502  2502 F DEBUG   : Build fingerprint: 'Mi/aliothin/aliothin:13/TKQ1.221114.001/V816.0.2.0.TKHINXM:user/release-keys'
12-25 01:02:40.489  2502  2502 F DEBUG   : Kernel Release: '4.19.404R'
12-25 01:02:40.489  2502  2502 F DEBUG   : Revision: '0'
12-25 01:02:40.489  2502  2502 F DEBUG   : ABI: 'arm64'
12-25 01:02:40.489  2502  2502 F DEBUG   : Timestamp: 2025-12-25 01:02:40.475485777+0530
12-25 01:02:40.489  2502  2502 F DEBUG   : Process uptime: 0s
12-25 01:02:40.489  2502  2502 F DEBUG   : Executable: /vendor/bin/hw/android.hardware.power-service.pixel-libperfmgr
12-25 01:02:40.489  2502  2502 F DEBUG   : Cmdline: /vendor/bin/hw/android.hardware.power-service.pixel-libperfmgr
12-25 01:02:40.489  2502  2502 F DEBUG   : pid: 2499, tid: 2499, name: android.hardwar  >>> /vendor/bin/hw/android.hardware.power-service.pixel-libperfmgr <<<
12-25 01:02:40.489  2502  2502 F DEBUG   : uid: 0
12-25 01:02:40.489  2502  2502 F DEBUG   : signal 6 (SIGABRT), code -1 (SI_QUEUE), fault addr --------
12-25 01:02:40.489  2502  2502 F DEBUG   : Abort message: 'Invalid config: /vendor/etc/powerhint.json'
12-25 01:02:40.489  2502  2502 F DEBUG   :     x0  0000000000000000  x1  00000000000009c3  x2  0000000000000006  x3  0000007fc238fef0
12-25 01:02:40.489  2502  2502 F DEBUG   :     x4  64766e6f2e627364  x5  64766e6f2e627364  x6  64766e6f2e627364  x7  7f7f7f7f7f7f7f7f
12-25 01:02:40.489  2502  2502 F DEBUG   :     x8  00000000000000f0  x9  b72b3dcc662d7e71  x10 000000ff00000020  x11 000000003b9ac9ff
12-25 01:02:40.489  2502  2502 F DEBUG   :     x12 000000001e930637  x13 0000000034155555  x14 0000000000000018  x15 000000001e92414d
12-25 01:02:40.489  2502  2502 F DEBUG   :     x16 00000076ccfde108  x17 00000076ccfc5480  x18 00000076d3b08000  x19 00000000000009c3
12-25 01:02:40.489  2502  2502 F DEBUG   :     x20 00000000000009c3  x21 00000000ffffffff  x22 b4000074d8a87150  x23 0000000000000030
12-25 01:02:40.489  2502  2502 F DEBUG   :     x24 00000076d2d4ef40  x25 0000000000000000  x26 0000000000000000  x27 0000000000000000
12-25 01:02:40.489  2502  2502 F DEBUG   :     x28 0000000000000000  x29 0000007fc238ff70
12-25 01:02:40.489  2502  2502 F DEBUG   :     lr  00000076ccf591e8  sp  0000007fc238fef0  pc  00000076ccf59208  pst 0000000000001000
12-25 01:02:40.489  2502  2502 F DEBUG   :     esr 0000000000000000
12-25 01:02:40.489  2502  2502 F DEBUG   : 7 total frames
12-25 01:02:40.489  2502  2502 F DEBUG   : backtrace:
12-25 01:02:40.489  2502  2502 F DEBUG   :       #00 pc 0000000000075208  /apex/com.android.runtime/lib64/bionic/libc.so (abort+152) (BuildId: 2f42983ccdb45643436e85afb73bebf6)
12-25 01:02:40.489  2502  2502 F DEBUG   :       #01 pc 000000000000b18c  /system/lib64/liblog.so (__android_log_default_aborter+12) (BuildId: 22e37af1f39e2e998181ae3d3d9722d4)
12-25 01:02:40.489  2502  2502 F DEBUG   :       #02 pc 0000000000014cc0  /vendor/lib64/libbase.so (android::base::LogMessage::~LogMessage()+544) (BuildId: 590f4f9a6018ea02b768bd717b76e5ee)
12-25 01:02:40.489  2502  2502 F DEBUG   :       #03 pc 0000000000021a18  /vendor/lib64/libperfmgr.so (android::perfmgr::HintManager::Reload(bool)+1320) (BuildId: 3d75f3d53258be441a58b3f6883d61b8)
12-25 01:02:40.489  2502  2502 F DEBUG   :       #04 pc 000000000002356c  /vendor/lib64/libperfmgr.so (android::perfmgr::HintManager::GetInstance()+28) (BuildId: 3d75f3d53258be441a58b3f6883d61b8)
12-25 01:02:40.489  2502  2502 F DEBUG   :       #05 pc 000000000001ab2c  /vendor/bin/hw/android.hardware.power-service.pixel-libperfmgr (main+124) (BuildId: d1240194223b74bc6ef2a7c60110beb2)
12-25 01:02:40.489  2502  2502 F DEBUG   :       #06 pc 0000000000069e68  /apex/com.android.runtime/lib64/bionic/libc.so (__libc_init+120) (BuildId: 2f42983ccdb45643436e85afb73bebf6)
12-25 01:02:40.492  2502  2502 E crash_dump64: unable to connect to activity manager: Connection refused
12-25 01:02:40.492   747   747 E tombstoned: Tombstone written to: tombstone_03
12-25 01:02:40.893  2027  2035 D BootAnimation: Playing files = /product/media/bootanimation.zip/part1, Requested repeat = 0, playUntilComplete = true
12-25 01:02:41.044  1847  1847 W libbinder.ServiceManagerCppClient: Waited one second for android.hardware.power.IPower/default (is service started? Number of threads started in the threadpool: 32. Are binder threads started and available?)
12-25 01:02:41.045   647  2505 W libc    : Unable to set property "ctl.interface_start" to "aidl/android.hardware.power.IPower/default": PROP_ERROR_HANDLE_CONTROL_MESSAGE (0x20)
12-25 01:02:41.221  1668  2411 W libbinder.ServiceManagerCppClient: Service package_native didn't start. Returning NULL
12-25 01:02:41.221  1668  2411 E storaged: getService package_native failed
12-25 01:02:41.261  1334  1334 W libbinder.ServiceManagerCppClient: Waited one second for activity (is service started? Number of threads started in the threadpool: 16. Are binder threads started and available?)
12-25 01:02:41.262   647  2506 W libc    : Unable to set property "ctl.interface_start" to "aidl/activity": PROP_ERROR_HANDLE_CONTROL_MESSAGE (0x20)
12-25 01:02:41.382  1792  1792 E QTI_SDM_INFO: [qti_rmnet_peripheral.c:785] qti_file_open():Could not open device file. Abort. Errno 2 error msg=No such file or directory
12-25 01:02:41.382  1792  1792 E QTI_SDM_INFO: [qti_rmnet_peripheral.c:867] qti_rmnet_ph_init():Failed to open MHI peripheral device file. Abort. Error 2
12-25 01:02:41.382  1792  1792 I QTI_SDM_INFO: [qti_rmnet_modem.c:153] retrieve_mhi_file():Successful in opening the MHI UCI dir
12-25 01:02:41.382  1792  1792 I QTI_SDM_INFO: [qti_rmnet_modem.c:161] retrieve_mhi_file():MHI pipe name is mhi_0306_02.01.00_pipe_16
12-25 01:02:41.382  1792  1792 E QTI_SDM_INFO: [qti_rmnet_modem.c:225] qti_update_modem_iface_name():qti_update_modem_iface_name(): /dev/mhi_0306_02.01.00_pipe_16
12-25 01:02:41.382  1792  1792 I QTI_SDM_INFO: [qti_rmnet_modem.c:1003] qti_rmnet_modem_init_interface():Open modem interface to send QMI messages
12-25 01:02:41.399  1792  1792 I QTI_SDM_INFO: [qti_rmnet_peripheral.c:776] qti_file_open():Successfully opened device file. FD is 7
12-25 01:02:41.399  1792  1792 I QTI_SDM_INFO: [qti_rmnet_modem.c:1016] qti_rmnet_modem_init_interface():Opened file's fd is 7
12-25 01:02:41.399  1792  1792 I QTI_SDM_INFO: [qti_rmnet_dpm.c:190] qti_dpm_init():qti_dpm_init()
12-25 01:02:41.400  1792  1792 I QTI_SDM_INFO: [qti_rmnet_dpm.c:580] dpm_service_available_cb():dpm_service_available_cb 
12-25 01:02:41.400  1792  1792 E QTI_SDM_INFO: [qti_rmnet_dpm.c:587] dpm_service_available_cb():DPM_INIT
12-25 01:02:41.400  1792  1792 I QTI_SDM_INFO: [qti_rmnet_dpm.c:534] qti_rmnet_dpm_process_msg():Sending QTI_DPM_INIT_EVENT event to main context
12-25 01:02:41.400  1792  1792 I QTI_SDM_INFO: [qti_rmnet_dpm.c:551] qti_rmnet_dpm_process_msg():Successfully sent the event info. to server socket
12-25 01:02:41.400  1792  1792 I QTI_SDM_INFO: [qti_rmnet_dpm.c:218] qti_dpm_init():Successful DPM service registration
12-25 01:02:41.400  1792  1792 I QTI_SDM_INFO: [qti_rmnet_modem.c:1818] qti_rmnet_modem_in_service():qti_rmnet_modem_in_service, set SSR in progress to false
12-25 01:02:41.400  1792  1792 I QTI_SDM_INFO: [qti_rmnet_modem.c:267] qti_rmnet_fusion_modem_handle():Received QMUXD cb event id 1
12-25 01:02:41.400  1792  1792 I QTI_SDM_INFO: [qti_rmnet_peripheral.c:1246] qti_rmnet_ph_set_modem_state():Received set modem state to 1
12-25 01:02:41.400  1792  1792 E QTI_SDM_INFO: [qti_rmnet_peripheral.c:1258] qti_rmnet_ph_set_modem_state():Couldn't set ph_iface_fd
12-25 01:02:41.400  1792  1792 E QTI_SDM_INFO: [qti_rmnet_modem.c:339] qti_rmnet_fusion_modem_handle():Failed to set modem state on peripheral driver file
12-25 01:02:41.400  1792  1792 E QTI_SDM_INFO: [qti_rmnet_modem.c:989] qti_rmnet_modem_init_interface():Modem fd:7 already opened
12-25 01:02:41.400  1792  1792 E QTI_SDM_INFO: [qti_rmnet_modem.c:359] qti_rmnet_fusion_modem_handle():Failed to set ph_iface_fd
12-25 01:02:41.401  1792  1792 I QTI_SDM_INFO: [qti_rmnet_modem.c:1220] qti_rmnet_modem_recv_msg():Read 12 data from modem device file
12-25 01:02:41.401  1792  1792 I QTI_SDM_INFO: [qti_rmnet_qmi.c:652] qti_rmnet_process_qmi_rx_from_modem():Received QMI message of service type 0
12-25 01:02:41.401  1792  1792 E QTI_SDM_INFO: [qti_rmnet_peripheral.c:934] qti_rmnet_ph_send_msg():Couldn't set ph_iface_fd
12-25 01:02:41.401  1792  1792 I QTI_SDM_INFO: [qti_rmnet_modem.c:1220] qti_rmnet_modem_recv_msg():Read 12 data from modem device file
12-25 01:02:41.401  1792  1792 I QTI_SDM_INFO: [qti_rmnet_qmi.c:652] qti_rmnet_process_qmi_rx_from_modem():Received QMI message of service type 0
12-25 01:02:41.401  1792  1792 E QTI_SDM_INFO: [qti_rmnet_peripheral.c:934] qti_rmnet_ph_send_msg():Couldn't set ph_iface_fd
12-25 01:02:41.401  1792  1792 I QTI_SDM_INFO: [qti_rmnet_modem.c:1220] qti_rmnet_modem_recv_msg():Read 12 data from modem device file
12-25 01:02:41.401  1792  1792 I QTI_SDM_INFO: [qti_rmnet_qmi.c:652] qti_rmnet_process_qmi_rx_from_modem():Received QMI message of service type 0
12-25 01:02:41.401  1792  1792 E QTI_SDM_INFO: [qti_rmnet_peripheral.c:934] qti_rmnet_ph_send_msg():Couldn't set ph_iface_fd
12-25 01:02:41.897  2027  2035 D BootAnimation: Playing files = /product/media/bootanimation.zip/part1, Requested repeat = 0, playUntilComplete = true
12-25 01:02:42.045  1847  1847 W libbinder.ServiceManagerCppClient: Waited one second for android.hardware.power.IPower/default (is service started? Number of threads started in the threadpool: 32. Are binder threads started and available?)
12-25 01:02:42.046   647  2513 W libc    : Unable to set property "ctl.interface_start" to "aidl/android.hardware.power.IPower/default": PROP_ERROR_HANDLE_CONTROL_MESSAGE (0x20)
12-25 01:02:42.180  1792  1792 I QTI_SDM_INFO: [qti_rmnet_modem.c:1220] qti_rmnet_modem_recv_msg():Read 12 data from modem device file
12-25 01:02:42.180  1792  1792 I QTI_SDM_INFO: [qti_rmnet_qmi.c:652] qti_rmnet_process_qmi_rx_from_modem():Received QMI message of service type 0
12-25 01:02:42.180  1792  1792 E QTI_SDM_INFO: [qti_rmnet_peripheral.c:934] qti_rmnet_ph_send_msg():Couldn't set ph_iface_fd
12-25 01:02:42.262  1334  1334 W libbinder.ServiceManagerCppClient: Waited one second for activity (is service started? Number of threads started in the threadpool: 16. Are binder threads started and available?)
12-25 01:02:42.262   647  2514 W libc    : Unable to set property "ctl.interface_start" to "aidl/activity": PROP_ERROR_HANDLE_CONTROL_MESSAGE (0x20)
