12-25 01:02:35.089  1154  1233 V msm8974_platform: platform_get_parameters: exit: returns - 
12-25 01:02:35.089  1154  1233 D audio_hw_primary: adev_get_parameters: exit: returns - 
12-25 01:02:35.089  1334  1334 V APM_AudioPolicyManager: checkAndSetVolume if deviceTypes is change from none to device 0x10000, need get index 0
12-25 01:02:35.089  1334  1334 V APM_AudioPolicyManager: checkAndSetVolume if deviceTypes is change from none to device 0x10000, need get index 0
12-25 01:02:35.089  1334  1334 V APM_AudioPolicyManager: checkAndSetVolume if deviceTypes is change from none to device 0x10000, need get index 0
12-25 01:02:35.089  1334  1334 V APM_AudioPolicyManager: checkAndSetVolume if deviceTypes is change from none to device 0x10000, need get index 0
12-25 01:02:35.090  1334  1334 V APM_AudioPolicyManager: checkAndSetVolume if deviceTypes is change from none to device 0x10000, need get index 0
12-25 01:02:35.090  1334  1334 V APM_AudioPolicyManager: checkAndSetVolume if deviceTypes is change from none to device 0x10000, need get index 0
12-25 01:02:35.090  1334  1334 V APM_AudioPolicyManager: checkAndSetVolume if deviceTypes is change from none to device 0x10000, need get index 0
12-25 01:02:35.090  1334  1334 V APM_AudioPolicyManager: checkAndSetVolume if deviceTypes is change from none to device 0x10000, need get index 0
12-25 01:02:35.090  1334  1334 V APM_AudioPolicyManager: checkAndSetVolume if deviceTypes is change from none to device 0x10000, need get index 0
12-25 01:02:35.090  1334  1334 V APM_AudioPolicyManager: computeVolume volume source 9, index 0,  devices 0x10000, compute internal 1 
12-25 01:02:35.090  1334  1334 V APM_AudioPolicyManager: checkAndSetVolume if deviceTypes is change from none to device 0x10000, need get index 0
12-25 01:02:35.090  1334  1334 V APM_AudioPolicyManager: computeVolume volume source 10, index 0,  devices 0x10000, compute internal 1 
12-25 01:02:35.090  1334  1334 V APM_AudioPolicyManager: checkAndSetVolume if deviceTypes is change from none to device 0x10000, need get index 0
12-25 01:02:35.090  1334  1334 V APM_AudioPolicyManager: checkAndSetVolume if deviceTypes is change from none to device 0x10000, need get index 0
12-25 01:02:35.090  1334  1334 V APM_AudioPolicyManager: checkAndSetVolume if deviceTypes is change from none to device 0x10000, need get index 0
12-25 01:02:35.090  1334  1334 V APM_AudioPolicyManager: checkAndSetVolume if deviceTypes is change from none to device 0x10000, need get index 0
12-25 01:02:35.090  1334  1334 V APM_AudioPolicyManager: checkAndSetVolume if deviceTypes is change from none to device 0x10000, need get index 0
12-25 01:02:35.090  1334  1334 V APM_AudioPolicyManager: computeVolume volume source 15, index 0,  devices 0x10000, compute internal 1 
12-25 01:02:35.090  1334  1334 V APM_AudioPolicyManager: selectOutputForMusicEffects selected output 13
12-25 01:02:35.090  1334  1334 V APM_AudioPolicyManager: setOutputDevices caller onNewAudioModulesAvailableInt[[portId:9][io:45, voice_tx]] device {AUDIO_DEVICE_OUT_TELEPHONY_TX, @:} delayMs 0
12-25 01:02:35.091  1334  1334 V APM_AudioPolicyManager: setOutputDevices caller onNewAudioModulesAvailableInt[[portId:9][io:45, voice_tx]] prevDevice {AUDIO_DEVICE_OUT_TELEPHONY_TX, @:}
12-25 01:02:35.091  1334  1334 V APM_AudioPolicyManager: setOutputDevices caller onNewAudioModulesAvailableInt[[portId:9][io:45, voice_tx]] changing device to {AUDIO_DEVICE_OUT_TELEPHONY_TX, @:}
12-25 01:02:35.134  1805  1818 E Diag_Lib:  Diag_LSM_Init: Failed to open handle to diag driver, error = 13
12-25 01:02:35.134  1805  1818 E Diag_Lib: qpLogDiagInit <== result : 0
12-25 01:02:35.134  1805  1818 E Diag_Lib: DATAD : gIsQXDMDisabled 0, gIsADBDisabled 1, gIsDebugDisabled 0, gIsIMSLogsDisabled 0
12-25 01:02:35.134  1805  1805 E Diag_Lib:  Diag_LSM_Init: Failed to open handle to diag driver, error = 13
12-25 01:02:35.134  1805  1805 E Diag_Lib: qpLogDiagInit <== result : 0
12-25 01:02:35.134  1805  1805 E Diag_Lib: DATAD : gIsQXDMDisabled 0, gIsADBDisabled 1, gIsDebugDisabled 0, gIsIMSLogsDisabled 0
12-25 01:02:35.147  1334  2177 W AudioFlinger: no wake lock to update, system not ready yet
12-25 01:02:35.147  1154  1233 D audio_hw_primary: adev_create_audio_patch: enter: num sources 1, num_sinks 1, handle 0
12-25 01:02:35.147  1154  1233 D audio_hw_primary: adev_create_audio_patch: Playback patch from mix handle 45 to device 10000
12-25 01:02:35.147  1154  1233 D audio_hw_primary: update_patch: enter
12-25 01:02:35.147  1154  1233 D audio_hw_primary: route_output_stream: enter: usecase(54: afe-proxy-playback) devices 10000
12-25 01:02:35.147  1154  1233 D audio_hw_primary: adev_create_audio_patch: Added a new patch with handle 3
12-25 01:02:35.147  1154  1233 D audio_hw_primary: adev_create_audio_patch: exit: num sources 1, num_sinks 1, handle 3
12-25 01:02:35.147  1334  2177 D AudioFlinger: updateHalSupportedLatencyModes_l: thread(45) status -38 supported latency modes: { }
12-25 01:02:35.148  1334  1334 V APM_AudioPolicyManager: setOutputDevices() AF::createAudioPatch returned 0 patchHandle 28 num_sources 1 num_sinks 1
12-25 01:02:35.148  1334  1334 V APM_AudioPolicyManager: computeVolume volume source 9, index 0,  devices 0x10000, compute internal 1 
12-25 01:02:35.148  1334  1334 V APM_AudioPolicyManager: computeVolume volume source 10, index 0,  devices 0x10000, compute internal 1 
12-25 01:02:35.148  1334  1334 V APM_AudioPolicyManager: computeVolume volume source 15, index 0,  devices 0x10000, compute internal 1 
12-25 01:02:35.148  1334  1334 I AudioFlinger: openOutput() this 0xb400006f8ac5e840, module 10 Device AUDIO_DEVICE_OUT_SPEAKER, @:, SamplingRate 48000, Format 0x000001, Channels 0x3, flags 0x8000
12-25 01:02:35.148  1154  1233 D audio_hw_primary: adev_open_output_stream: enter: format(0x1) sample_rate(48000) channel_mask(0x3) devices(0x2) flags(0x8000)        stream_handle(0xf04cc000) address()
12-25 01:02:35.148  1154  1233 W audio_hw_utils: audio_extn_utils_is_vendor_enhanced_fwk: is_vendor_enhanced_fwk 1
12-25 01:02:35.148  1154  1233 I audio_hw_utils: audio_extn_utils_update_stream_output_app_type_cfg Allowing 24 and above bits playback on speaker ONLY at default sampling rate
12-25 01:02:35.148  1154  1233 D audio_hw_primary: adev_open_output_stream: Stream (0xf04cc000) picks up usecase (audio-playback-voip)
12-25 01:02:35.148  1154  1233 D audio_hw_primary: io_streams_map_insert: Added stream in io_streams_map with handle 53
12-25 01:02:35.148  1154  1233 D audio_hw_primary: adev_open_output_stream: exit
12-25 01:02:35.148  1334  1334 I AudioFlinger: HAL output buffer size 960 frames, normal sink buffer size 960 frames
12-25 01:02:35.149  1334  1334 D AudioFlinger: Failed to add event callback
12-25 01:02:35.149  1334  2203 I AudioFlinger: AudioFlinger's thread 0xb400007145a2b780 tid=2203 ready to run
12-25 01:02:35.149  1334  2203 W AudioFlinger: no wake lock to update, system not ready yet
12-25 01:02:35.149  1334  1334 V APM_AudioPolicyManager: checkAndSetVolume if deviceTypes is change from none to device 0x2, need get index 0
12-25 01:02:35.149  1334  1334 V APM_AudioPolicyManager: checkAndSetVolume if deviceTypes is change from none to device 0x2, need get index 0
12-25 01:02:35.149  1334  1334 V APM_AudioPolicyManager: checkAndSetVolume if deviceTypes is change from none to device 0x2, need get index 0
12-25 01:02:35.149  1334  1334 V APM_AudioPolicyManager: checkAndSetVolume if deviceTypes is change from none to device 0x2, need get index 0
12-25 01:02:35.149  1334  1334 V APM_AudioPolicyManager: checkAndSetVolume if deviceTypes is change from none to device 0x2, need get index 0
12-25 01:02:35.149  1154  1233 D audio_hw_primary: out_standby: enter: stream (0xf04cc000) usecase(33: audio-playback-voip)
12-25 01:02:35.149  1154  1233 D audio_hw_primary: out_standby: exit
12-25 01:02:35.149  1334  1334 V APM_AudioPolicyManager: checkAndSetVolume if deviceTypes is change from none to device 0x2, need get index 0
12-25 01:02:35.149  1334  1334 V APM_AudioPolicyManager: checkAndSetVolume if deviceTypes is change from none to device 0x2, need get index 0
12-25 01:02:35.149  1334  1334 V APM_AudioPolicyManager: checkAndSetVolume if deviceTypes is change from none to device 0x2, need get index 0
12-25 01:02:35.149  1334  1334 V APM_AudioPolicyManager: checkAndSetVolume if deviceTypes is change from none to device 0x2, need get index 0
12-25 01:02:35.149  1334  1334 V APM_AudioPolicyManager: computeVolume volume source 9, index 0,  devices 0x2, compute internal 1 
12-25 01:02:35.149  1334  1334 V APM_AudioPolicyManager: checkAndSetVolume if deviceTypes is change from none to device 0x2, need get index 0
12-25 01:02:35.149  1334  1334 V APM_AudioPolicyManager: computeVolume volume source 10, index 0,  devices 0x2, compute internal 1 
12-25 01:02:35.149  1334  1334 V APM_AudioPolicyManager: checkAndSetVolume if deviceTypes is change from none to device 0x2, need get index 0
12-25 01:02:35.149  1334  1334 V APM_AudioPolicyManager: checkAndSetVolume if deviceTypes is change from none to device 0x2, need get index 0
12-25 01:02:35.149  1334  1334 V APM_AudioPolicyManager: checkAndSetVolume if deviceTypes is change from none to device 0x2, need get index 0
12-25 01:02:35.149  1334  1334 V APM_AudioPolicyManager: checkAndSetVolume if deviceTypes is change from none to device 0x2, need get index 0
12-25 01:02:35.149  1334  1334 V APM_AudioPolicyManager: checkAndSetVolume if deviceTypes is change from none to device 0x2, need get index 0
12-25 01:02:35.149  1334  1334 V APM_AudioPolicyManager: computeVolume volume source 15, index 0,  devices 0x2, compute internal 1 
12-25 01:02:35.150  1334  1334 V APM_AudioPolicyManager: selectOutputForMusicEffects selected output 13
12-25 01:02:35.150  1334  1334 V APM_AudioPolicyManager: setOutputDevices caller onNewAudioModulesAvailableInt[[portId:12][io:53, voip_rx]] device {AUDIO_DEVICE_OUT_SPEAKER, @:} delayMs 0
12-25 01:02:35.150  1334  1334 V APM_AudioPolicyManager: setOutputDevices caller onNewAudioModulesAvailableInt[[portId:12][io:53, voip_rx]] prevDevice {AUDIO_DEVICE_OUT_SPEAKER, @:}
12-25 01:02:35.150  1334  1334 V APM_AudioPolicyManager: setOutputDevices caller onNewAudioModulesAvailableInt[[portId:12][io:53, voip_rx]] changing device to {AUDIO_DEVICE_OUT_SPEAKER, @:}
12-25 01:02:35.163  1701  1876 E Diag_Lib:  Diag_LSM_Init: Failed to open handle to diag driver, error = 13
12-25 01:02:35.163  1767  2120 E Diag_Lib:  Diag_LSM_Init: Failed to open handle to diag driver, error = 13
12-25 01:02:35.165  1681  1743 E cutils-trace: Error opening trace file: No such file or directory (2)
12-25 01:02:35.165  1681  1743 E cutils-trace: Error opening trace file: No such file or directory (2)
12-25 01:02:35.166  1681  1743 W netmgrd : Thread Pool max thread count is 0. Cannot cache binder as linkToDeath cannot be implemented. serviceName: android.system.suspend.ISystemSuspend/default
12-25 01:02:35.171  1334  2203 W AudioFlinger: no wake lock to update, system not ready yet
12-25 01:02:35.171  1154  1233 D audio_hw_primary: adev_create_audio_patch: enter: num sources 1, num_sinks 1, handle 0
12-25 01:02:35.171  1154  1233 D audio_hw_primary: adev_create_audio_patch: Playback patch from mix handle 53 to device 2
12-25 01:02:35.171  1154  1233 D audio_hw_primary: update_patch: enter
12-25 01:02:35.171  1154  1233 D audio_hw_primary: route_output_stream: enter: usecase(33: audio-playback-voip) devices 2
12-25 01:02:35.171  1154  1233 D audio_hw_primary: adev_create_audio_patch: Added a new patch with handle 4
12-25 01:02:35.171  1154  1233 D audio_hw_primary: adev_create_audio_patch: exit: num sources 1, num_sinks 1, handle 4
12-25 01:02:35.171  1334  2203 D AudioFlinger: updateHalSupportedLatencyModes_l: thread(53) status -38 supported latency modes: { }
12-25 01:02:35.171  1334  1334 V APM_AudioPolicyManager: setOutputDevices() AF::createAudioPatch returned 0 patchHandle 36 num_sources 1 num_sinks 1
12-25 01:02:35.172  1334  1334 V APM_AudioPolicyManager: computeVolume volume source 9, index 0,  devices 0x2, compute internal 1 
12-25 01:02:35.172  1334  1334 V APM_AudioPolicyManager: computeVolume volume source 10, index 0,  devices 0x2, compute internal 1 
12-25 01:02:35.172  1334  1334 V APM_AudioPolicyManager: computeVolume volume source 15, index 0,  devices 0x2, compute internal 1 
12-25 01:02:35.172  1334  1334 I AudioFlinger: openOutput() this 0xb400006f8ac5e840, module 10 Device AUDIO_DEVICE_OUT_TELEPHONY_TX, @:, SamplingRate 48000, Format 0x000001, Channels 0x3, flags 0x10000
12-25 01:02:35.172  1154  1233 D audio_hw_primary: adev_open_output_stream: enter: format(0x1) sample_rate(48000) channel_mask(0x3) devices(0x10000) flags(0x10000)        stream_handle(0xf04ce800) address()
12-25 01:02:35.172  1154  1233 D audio_hw_primary: adev_open_output_stream: Stream (0xf04ce800) picks up usecase (afe-proxy-playback)
12-25 01:02:35.172  1154  1233 D audio_hw_primary: io_streams_map_insert: Added stream in io_streams_map with handle 61
12-25 01:02:35.172  1154  1233 D audio_hw_primary: adev_open_output_stream: exit
12-25 01:02:35.172  1334  1334 I AudioFlinger: HAL output buffer size 768 frames, normal sink buffer size 1152 frames
12-25 01:02:35.173  1334  1334 W libutils.threads: Thread (this=0xb4000071456f83c0): getTid() is undefined before run()
12-25 01:02:35.173  1334  1334 D AudioFlinger: Failed to add event callback
12-25 01:02:35.173  1334  2213 I AudioFlinger: AudioFlinger's thread 0xb400007145876780 tid=2213 ready to run
12-25 01:02:35.173  1334  1334 V APM_AudioPolicyManager: checkAndSetVolume if deviceTypes is change from none to device 0x10000, need get index 0
12-25 01:02:35.173  1334  2213 W AudioFlinger: no wake lock to update, system not ready yet
12-25 01:02:35.173  1334  1334 V APM_AudioPolicyManager: checkAndSetVolume if deviceTypes is change from none to device 0x10000, need get index 0
12-25 01:02:35.173  1334  1334 V APM_AudioPolicyManager: checkAndSetVolume if deviceTypes is change from none to device 0x10000, need get index 0
12-25 01:02:35.173  1334  1334 V APM_AudioPolicyManager: checkAndSetVolume if deviceTypes is change from none to device 0x10000, need get index 0
12-25 01:02:35.173  1334  1334 V APM_AudioPolicyManager: checkAndSetVolume if deviceTypes is change from none to device 0x10000, need get index 0
12-25 01:02:35.173  1154  1233 D audio_hw_primary: out_standby: enter: stream (0xf04ce800) usecase(54: afe-proxy-playback)
12-25 01:02:35.173  1154  1233 D audio_hw_primary: out_standby: exit
12-25 01:02:35.173  1334  1334 V APM_AudioPolicyManager: checkAndSetVolume if deviceTypes is change from none to device 0x10000, need get index 0
12-25 01:02:35.173  1334  1334 V APM_AudioPolicyManager: checkAndSetVolume if deviceTypes is change from none to device 0x10000, need get index 0
12-25 01:02:35.173  1334  1334 V APM_AudioPolicyManager: checkAndSetVolume if deviceTypes is change from none to device 0x10000, need get index 0
12-25 01:02:35.173  1334  1334 V APM_AudioPolicyManager: checkAndSetVolume if deviceTypes is change from none to device 0x10000, need get index 0
12-25 01:02:35.173  1334  1334 V APM_AudioPolicyManager: computeVolume volume source 9, index 0,  devices 0x10000, compute internal 1 
12-25 01:02:35.173  1334  1334 V APM_AudioPolicyManager: checkAndSetVolume if deviceTypes is change from none to device 0x10000, need get index 0
12-25 01:02:35.173  1334  1334 V APM_AudioPolicyManager: computeVolume volume source 10, index 0,  devices 0x10000, compute internal 1 
12-25 01:02:35.173  1334  1334 V APM_AudioPolicyManager: checkAndSetVolume if deviceTypes is change from none to device 0x10000, need get index 0
12-25 01:02:35.173  1334  1334 V APM_AudioPolicyManager: checkAndSetVolume if deviceTypes is change from none to device 0x10000, need get index 0
12-25 01:02:35.173  1334  1334 V APM_AudioPolicyManager: checkAndSetVolume if deviceTypes is change from none to device 0x10000, need get index 0
12-25 01:02:35.173  1334  1334 V APM_AudioPolicyManager: checkAndSetVolume if deviceTypes is change from none to device 0x10000, need get index 0
12-25 01:02:35.173  1334  1334 V APM_AudioPolicyManager: checkAndSetVolume if deviceTypes is change from none to device 0x10000, need get index 0
12-25 01:02:35.173  1334  1334 V APM_AudioPolicyManager: computeVolume volume source 15, index 0,  devices 0x10000, compute internal 1 
12-25 01:02:35.173  1334  1334 V APM_AudioPolicyManager: selectOutputForMusicEffects selected output 13
12-25 01:02:35.173  1334  1334 V APM_AudioPolicyManager: setOutputDevices caller onNewAudioModulesAvailableInt[[portId:14][io:61, incall_music_uplink]] device {AUDIO_DEVICE_OUT_TELEPHONY_TX, @:} delayMs 0
12-25 01:02:35.173  1334  1334 V APM_AudioPolicyManager: setOutputDevices caller onNewAudioModulesAvailableInt[[portId:14][io:61, incall_music_uplink]] prevDevice {AUDIO_DEVICE_OUT_TELEPHONY_TX, @:}
12-25 01:02:35.174  1334  1334 V APM_AudioPolicyManager: setOutputDevices caller onNewAudioModulesAvailableInt[[portId:14][io:61, incall_music_uplink]] changing device to {AUDIO_DEVICE_OUT_TELEPHONY_TX, @:}
12-25 01:02:35.180  1805  1805 E Diag_Lib:  Diag_LSM_Init: Failed to open handle to diag driver, error = 13
12-25 01:02:35.180  1805  1805 E Diag_Lib: qpLogDiagInit <== result : 0
12-25 01:02:35.180  1805  1805 E Diag_Lib: DATAD : gIsQXDMDisabled 0, gIsADBDisabled 1, gIsDebugDisabled 0, gIsIMSLogsDisabled 0
12-25 01:02:35.197  1805  1805 E Diag_Lib:  Diag_LSM_Init: Failed to open handle to diag driver, error = 13
12-25 01:02:35.197  1805  1805 E Diag_Lib: qpLogDiagInit <== result : 0
12-25 01:02:35.197  1805  1805 E Diag_Lib: DATAD : gIsQXDMDisabled 0, gIsADBDisabled 1, gIsDebugDisabled 0, gIsIMSLogsDisabled 0
12-25 01:02:35.198  1805  1805 E Diag_Lib:  Diag_LSM_Init: Failed to open handle to diag driver, error = 13
12-25 01:02:35.198  1805  1805 E Diag_Lib: qpLogDiagInit <== result : 0
12-25 01:02:35.198  1805  1805 E Diag_Lib: DATAD : gIsQXDMDisabled 0, gIsADBDisabled 1, gIsDebugDisabled 0, gIsIMSLogsDisabled 0
12-25 01:02:35.199  1805  1805 E Diag_Lib:  Diag_LSM_Init: Failed to open handle to diag driver, error = 13
12-25 01:02:35.200  1805  1805 E Diag_Lib:  Diag_LSM_Init: Failed to open handle to diag driver, error = 13
12-25 01:02:35.202  1805  1805 E Diag_Lib:  Diag_LSM_Init: Failed to open handle to diag driver, error = 13
12-25 01:02:35.230  1334  2213 W AudioFlinger: no wake lock to update, system not ready yet
12-25 01:02:35.230  1154  1233 D audio_hw_primary: adev_create_audio_patch: enter: num sources 1, num_sinks 1, handle 0
12-25 01:02:35.230  1154  1233 D audio_hw_primary: adev_create_audio_patch: Playback patch from mix handle 61 to device 10000
12-25 01:02:35.230  1154  1233 D audio_hw_primary: update_patch: enter
12-25 01:02:35.230  1154  1233 D audio_hw_primary: route_output_stream: enter: usecase(54: afe-proxy-playback) devices 10000
12-25 01:02:35.230  1154  1233 D audio_hw_primary: adev_create_audio_patch: Added a new patch with handle 5
12-25 01:02:35.230  1154  1233 D audio_hw_primary: adev_create_audio_patch: exit: num sources 1, num_sinks 1, handle 5
12-25 01:02:35.230  1334  2213 D AudioFlinger: updateHalSupportedLatencyModes_l: thread(61) status -38 supported latency modes: { }
12-25 01:02:35.231  1334  1334 V APM_AudioPolicyManager: setOutputDevices() AF::createAudioPatch returned 0 patchHandle 44 num_sources 1 num_sinks 1
12-25 01:02:35.231  1334  1334 V APM_AudioPolicyManager: computeVolume volume source 9, index 0,  devices 0x10000, compute internal 1 
12-25 01:02:35.231  1334  1334 V APM_AudioPolicyManager: computeVolume volume source 10, index 0,  devices 0x10000, compute internal 1 
12-25 01:02:35.231  1334  1334 V APM_AudioPolicyManager: computeVolume volume source 15, index 0,  devices 0x10000, compute internal 1 
12-25 01:02:35.231  1154  1233 D audio_hw_primary: adev_open_input_stream is_karaoke_fastcapture=0
12-25 01:02:35.231  1154  1233 D audio_hw_primary: adev_open_input_stream: enter: sample_rate(48000) channel_mask(0xc) devices(0x80000004)        stream_handle(0xf17a5280) io_handle(14) source(1) format 1
12-25 01:02:35.231  1154  1233 D audio_hw_primary: adev_open_input_stream: using USECASE_AUDIO_RECORD or USECASE_AUDIO_RECORD_HIFI [23]
12-25 01:02:35.231  1154  1233 D audio_hw_primary: io_streams_map_insert: Added stream in io_streams_map with handle 14
12-25 01:02:35.231  1154  1233 D audio_hw_primary: adev_open_input_stream: exit
12-25 01:02:35.231  1154  1233 E device_utils: update_device_list: Invalid device: 0
12-25 01:02:35.232  1334  2240 I AudioFlinger: AudioFlinger's thread 0xb40000714562aa68 tid=2240 ready to run
12-25 01:02:35.232  1154  1233 D audio_hw_primary: in_standby: enter: stream (0xf17a5280) usecase(23: audio-record)
12-25 01:02:35.233  1334  2240 W AudioFlinger: no wake lock to update, system not ready yet
12-25 01:02:35.233  1154  1233 D audio_hw_primary: in_standby: enter: stream (0xf17a5280) usecase(23: audio-record)
12-25 01:02:35.233  1334  2240 W AudioFlinger: no wake lock to update, system not ready yet
12-25 01:02:35.233  1154  1233 D audio_hw_primary: adev_close_input_stream: enter:stream_handle(0xf17a5280)
12-25 01:02:35.233  1154  1233 D audio_hw_primary: io_streams_map_remove: Removed stream with handle 14
12-25 01:02:35.233  1154  1233 D soundtrigger: audio_extn_sound_trigger_check_ec_ref_enable: EC Reference is disabled
12-25 01:02:35.233  1154  1233 D sound_trigger_hw: handle_audio_ec_ref_enabled: Enter
12-25 01:02:35.233  1154  1233 D sound_trigger_hw: handle_audio_ec_ref_enabled: Exit audio ec ref=0
12-25 01:02:35.233  1154  1233 D soundtrigger: audio_extn_sound_trigger_update_ec_ref_status: update audio echo ref status false
12-25 01:02:35.233  1154  1233 D audio_hw_primary: in_standby: enter: stream (0xf17a5280) usecase(23: audio-record)
12-25 01:02:35.233  1154  1233 D audio_hw_primary: adev_close_input_stream: exit:stream_handle(0xf17a5280)
12-25 01:02:35.233  1154  1233 D audio_hw_primary: adev_open_input_stream is_karaoke_fastcapture=0
12-25 01:02:35.233  1154  1233 D audio_hw_primary: adev_open_input_stream: enter: sample_rate(96000) channel_mask(0xc) devices(0x80000004)        stream_handle(0xf17a5280) io_handle(22) source(1) format 1
12-25 01:02:35.233  1154  1233 D audio_hw_primary: adev_open_input_stream: using USECASE_AUDIO_RECORD or USECASE_AUDIO_RECORD_HIFI [23]
12-25 01:02:35.233  1154  1233 W audio_hw_utils: audio_extn_utils_update_stream_input_app_type_cfg: App type could not be selected. Falling back to default
12-25 01:02:35.233  1154  1233 D audio_hw_primary: io_streams_map_insert: Added stream in io_streams_map with handle 22
12-25 01:02:35.233  1154  1233 D audio_hw_primary: adev_open_input_stream: exit
12-25 01:02:35.233  1154  1233 E device_utils: update_device_list: Invalid device: 0
12-25 01:02:35.233  1334  2242 I AudioFlinger: AudioFlinger's thread 0xb40000714562aa68 tid=2242 ready to run
12-25 01:02:35.233  1154  1233 D audio_hw_primary: in_standby: enter: stream (0xf17a5280) usecase(23: audio-record)
12-25 01:02:35.234  1334  2242 W AudioFlinger: no wake lock to update, system not ready yet
12-25 01:02:35.234  1154  1233 D audio_hw_primary: in_standby: enter: stream (0xf17a5280) usecase(23: audio-record)
12-25 01:02:35.234  1334  2242 W AudioFlinger: no wake lock to update, system not ready yet
12-25 01:02:35.234  1154  1233 D audio_hw_primary: adev_close_input_stream: enter:stream_handle(0xf17a5280)
12-25 01:02:35.234  1154  1233 D audio_hw_primary: io_streams_map_remove: Removed stream with handle 22
12-25 01:02:35.234  1154  1233 D soundtrigger: audio_extn_sound_trigger_check_ec_ref_enable: EC Reference is disabled
12-25 01:02:35.234  1154  1233 D sound_trigger_hw: handle_audio_ec_ref_enabled: Enter
12-25 01:02:35.234  1154  1233 D sound_trigger_hw: handle_audio_ec_ref_enabled: Exit audio ec ref=0
12-25 01:02:35.234  1154  1233 D soundtrigger: audio_extn_sound_trigger_update_ec_ref_status: update audio echo ref status false
12-25 01:02:35.234  1154  1233 D audio_hw_primary: in_standby: enter: stream (0xf17a5280) usecase(23: audio-record)
12-25 01:02:35.234  1154  1233 D audio_hw_primary: adev_close_input_stream: exit:stream_handle(0xf17a5280)
12-25 01:02:35.234  1154  1154 D audio_hw_primary: adev_open_input_stream is_karaoke_fastcapture=0
12-25 01:02:35.234  1154  1154 D audio_hw_primary: adev_open_input_stream: enter: sample_rate(48000) channel_mask(0x10) devices(0x80000004)        stream_handle(0xf17a5500) io_handle(30) source(1) format 1
12-25 01:02:35.234  1154  1154 D audio_hw_primary: adev_open_input_stream: using USECASE_AUDIO_RECORD or USECASE_AUDIO_RECORD_HIFI [23]
12-25 01:02:35.234  1154  1154 W audio_hw_utils: audio_extn_utils_update_stream_input_app_type_cfg: App type could not be selected. Falling back to default
12-25 01:02:35.234  1154  1154 D audio_hw_primary: io_streams_map_insert: Added stream in io_streams_map with handle 30
12-25 01:02:35.234  1154  1154 D audio_hw_primary: adev_open_input_stream: exit
12-25 01:02:35.234  1154  1154 E device_utils: update_device_list: Invalid device: 0
12-25 01:02:35.235  1334  2244 I AudioFlinger: AudioFlinger's thread 0xb40000714562aa68 tid=2244 ready to run
12-25 01:02:35.235  1154  1154 D audio_hw_primary: in_standby: enter: stream (0xf17a5500) usecase(23: audio-record)
12-25 01:02:35.235  1334  2244 W AudioFlinger: no wake lock to update, system not ready yet
12-25 01:02:35.235  1154  1154 D audio_hw_primary: in_standby: enter: stream (0xf17a5500) usecase(23: audio-record)
12-25 01:02:35.236  1334  2244 W AudioFlinger: no wake lock to update, system not ready yet
12-25 01:02:35.236  1154  1154 D audio_hw_primary: adev_close_input_stream: enter:stream_handle(0xf17a5500)
12-25 01:02:35.236  1154  1154 D audio_hw_primary: io_streams_map_remove: Removed stream with handle 30
12-25 01:02:35.236  1154  1154 D soundtrigger: audio_extn_sound_trigger_check_ec_ref_enable: EC Reference is disabled
12-25 01:02:35.236  1154  1154 D sound_trigger_hw: handle_audio_ec_ref_enabled: Enter
12-25 01:02:35.236  1154  1154 D sound_trigger_hw: handle_audio_ec_ref_enabled: Exit audio ec ref=0
12-25 01:02:35.236  1154  1154 D soundtrigger: audio_extn_sound_trigger_update_ec_ref_status: update audio echo ref status false
12-25 01:02:35.236  1154  1154 D audio_hw_primary: in_standby: enter: stream (0xf17a5500) usecase(23: audio-record)
12-25 01:02:35.236  1154  1154 D audio_hw_primary: adev_close_input_stream: exit:stream_handle(0xf17a5500)
12-25 01:02:35.236  1334  1334 W APM_AudioPolicyManager: Input profile contains no device on module primary
12-25 01:02:35.237  1154  1154 D audio_hw_primary: adev_open_input_stream is_karaoke_fastcapture=0
12-25 01:02:35.237  1154  1154 D audio_hw_primary: adev_open_input_stream: enter: sample_rate(192000) channel_mask(0x8000000f) devices(0x80000004)        stream_handle(0xf17a5500) io_handle(38) source(1) format 5
12-25 01:02:35.237  1154  1154 D audio_hw_primary: adev_open_input_stream: exit, ret=-22
12-25 01:02:35.237  1154  1154 D audio_hw_primary: adev_open_input_stream is_karaoke_fastcapture=0
12-25 01:02:35.237  1154  1154 D audio_hw_primary: adev_open_input_stream: enter: sample_rate(192000) channel_mask(0x8000000f) devices(0x80000004)        stream_handle(0xf17a5500) io_handle(38) source(1) format 6
12-25 01:02:35.237  1154  1154 D audio_hw_primary: adev_open_input_stream: using USECASE_AUDIO_RECORD or USECASE_AUDIO_RECORD_HIFI [23]
12-25 01:02:35.237  1154  1154 D audio_hw_primary: io_streams_map_insert: Added stream in io_streams_map with handle 38
12-25 01:02:35.237  1154  1154 D audio_hw_primary: adev_open_input_stream: exit
12-25 01:02:35.237  1154  1154 E device_utils: update_device_list: Invalid device: 0
12-25 01:02:35.237  1334  2249 I AudioFlinger: AudioFlinger's thread 0xb40000714562aa68 tid=2249 ready to run
12-25 01:02:35.237  1154  1154 D audio_hw_primary: in_standby: enter: stream (0xf17a5500) usecase(23: audio-record)
12-25 01:02:35.239  1805  1805 E Diag_Lib:  Diag_LSM_Init: Failed to open handle to diag driver, error = 13
12-25 01:02:35.239  1805  1805 E Diag_Lib: qpLogDiagInit <== result : 0
12-25 01:02:35.239  1805  1805 E Diag_Lib: DATAD : gIsQXDMDisabled 0, gIsADBDisabled 1, gIsDebugDisabled 0, gIsIMSLogsDisabled 0
12-25 01:02:35.239  1805  1805 E Diag_Lib:  Diag_LSM_Init: Failed to open handle to diag driver, error = 13
12-25 01:02:35.239  1805  1805 E Diag_Lib: qpLogDiagInit <== result : 0
12-25 01:02:35.239  1805  1805 E Diag_Lib: DATAD : gIsQXDMDisabled 0, gIsADBDisabled 1, gIsDebugDisabled 0, gIsIMSLogsDisabled 0
12-25 01:02:35.239  1805  1805 E Diag_Lib:  Diag_LSM_Init: Failed to open handle to diag driver, error = 13
12-25 01:02:35.239  1805  1805 E Diag_Lib: qpLogDiagInit <== result : 0
12-25 01:02:35.239  1805  1805 E Diag_Lib: DATAD : gIsQXDMDisabled 0, gIsADBDisabled 1, gIsDebugDisabled 0, gIsIMSLogsDisabled 0
12-25 01:02:35.239  1805  1805 E Diag_Lib:  Diag_LSM_Init: Failed to open handle to diag driver, error = 13
12-25 01:02:35.239  1805  1805 E Diag_Lib: qpLogDiagInit <== result : 0
12-25 01:02:35.239  1805  1805 E Diag_Lib: DATAD : gIsQXDMDisabled 0, gIsADBDisabled 1, gIsDebugDisabled 0, gIsIMSLogsDisabled 0
12-25 01:02:35.239  1805  1805 E Diag_Lib:  Diag_LSM_Init: Failed to open handle to diag driver, error = 13
12-25 01:02:35.239  1805  1805 E Diag_Lib: qpLogDiagInit <== result : 0
12-25 01:02:35.239  1805  1805 E Diag_Lib: DATAD : gIsQXDMDisabled 0, gIsADBDisabled 1, gIsDebugDisabled 0, gIsIMSLogsDisabled 0
12-25 01:02:35.239  1805  1805 E Diag_Lib:  Diag_LSM_Init: Failed to open handle to diag driver, error = 13
12-25 01:02:35.239  1805  1805 E Diag_Lib: qpLogDiagInit <== result : 0
12-25 01:02:35.239  1805  1805 E Diag_Lib: DATAD : gIsQXDMDisabled 0, gIsADBDisabled 1, gIsDebugDisabled 0, gIsIMSLogsDisabled 0
12-25 01:02:35.239  1805  1805 E Diag_Lib:  Diag_LSM_Init: Failed to open handle to diag driver, error = 13
12-25 01:02:35.239  1805  1805 E Diag_Lib: qpLogDiagInit <== result : 0
12-25 01:02:35.239  1805  1805 E Diag_Lib: DATAD : gIsQXDMDisabled 0, gIsADBDisabled 1, gIsDebugDisabled 0, gIsIMSLogsDisabled 0
12-25 01:02:35.239  1805  1805 E Diag_Lib:  Diag_LSM_Init: Failed to open handle to diag driver, error = 13
12-25 01:02:35.239  1805  1805 E Diag_Lib: qpLogDiagInit <== result : 0
12-25 01:02:35.239  1805  1805 E Diag_Lib: DATAD : gIsQXDMDisabled 0, gIsADBDisabled 1, gIsDebugDisabled 0, gIsIMSLogsDisabled 0
12-25 01:02:35.239  1805  1805 E Diag_Lib:  Diag_LSM_Init: Failed to open handle to diag driver, error = 13
12-25 01:02:35.239  1805  1805 E Diag_Lib: qpLogDiagInit <== result : 0
12-25 01:02:35.239  1805  1805 E Diag_Lib: DATAD : gIsQXDMDisabled 0, gIsADBDisabled 1, gIsDebugDisabled 0, gIsIMSLogsDisabled 0
12-25 01:02:35.239  1805  1805 E Diag_Lib:  Diag_LSM_Init: Failed to open handle to diag driver, error = 13
12-25 01:02:35.239  1805  1805 E Diag_Lib: qpLogDiagInit <== result : 0
12-25 01:02:35.239  1805  1805 E Diag_Lib: DATAD : gIsQXDMDisabled 0, gIsADBDisabled 1, gIsDebugDisabled 0, gIsIMSLogsDisabled 0
12-25 01:02:35.239  1805  1805 E Diag_Lib:  Diag_LSM_Init: Failed to open handle to diag driver, error = 13
12-25 01:02:35.239  1805  1805 E Diag_Lib: qpLogDiagInit <== result : 0
12-25 01:02:35.239  1805  1805 E Diag_Lib: DATAD : gIsQXDMDisabled 0, gIsADBDisabled 1, gIsDebugDisabled 0, gIsIMSLogsDisabled 0
12-25 01:02:35.239  1805  1805 E Diag_Lib:  Diag_LSM_Init: Failed to open handle to diag driver, error = 13
12-25 01:02:35.239  1805  1805 E Diag_Lib: qpLogDiagInit <== result : 0
12-25 01:02:35.239  1805  1805 E Diag_Lib: DATAD : gIsQXDMDisabled 0, gIsADBDisabled 1, gIsDebugDisabled 0, gIsIMSLogsDisabled 0
12-25 01:02:35.239  1805  1805 E Diag_Lib:  Diag_LSM_Init: Failed to open handle to diag driver, error = 13
12-25 01:02:35.239  1805  1805 E Diag_Lib: qpLogDiagInit <== result : 0
12-25 01:02:35.239  1805  1805 E Diag_Lib: DATAD : gIsQXDMDisabled 0, gIsADBDisabled 1, gIsDebugDisabled 0, gIsIMSLogsDisabled 0
12-25 01:02:35.239  1805  1805 E Diag_Lib:  Diag_LSM_Init: Failed to open handle to diag driver, error = 13
12-25 01:02:35.239  1805  1805 E Diag_Lib: qpLogDiagInit <== result : 0
12-25 01:02:35.239  1805  1805 E Diag_Lib: DATAD : gIsQXDMDisabled 0, gIsADBDisabled 1, gIsDebugDisabled 0, gIsIMSLogsDisabled 0
12-25 01:02:35.240  1805  1805 E Diag_Lib:  Diag_LSM_Init: Failed to open handle to diag driver, error = 13
12-25 01:02:35.240  1805  1805 E Diag_Lib: qpLogDiagInit <== result : 0
12-25 01:02:35.240  1805  1805 E Diag_Lib: DATAD : gIsQXDMDisabled 0, gIsADBDisabled 1, gIsDebugDisabled 0, gIsIMSLogsDisabled 0
12-25 01:02:35.242  1334  2249 W AudioFlinger: no wake lock to update, system not ready yet
12-25 01:02:35.242  1154  1233 D audio_hw_primary: in_standby: enter: stream (0xf17a5500) usecase(23: audio-record)
12-25 01:02:35.242  1334  2249 W AudioFlinger: no wake lock to update, system not ready yet
12-25 01:02:35.242  1154  1233 D audio_hw_primary: adev_close_input_stream: enter:stream_handle(0xf17a5500)
12-25 01:02:35.242  1154  1233 D audio_hw_primary: io_streams_map_remove: Removed stream with handle 38
12-25 01:02:35.242  1154  1233 D soundtrigger: audio_extn_sound_trigger_check_ec_ref_enable: EC Reference is disabled
12-25 01:02:35.242  1154  1233 D sound_trigger_hw: handle_audio_ec_ref_enabled: Enter
12-25 01:02:35.242  1154  1233 D sound_trigger_hw: handle_audio_ec_ref_enabled: Exit audio ec ref=0
12-25 01:02:35.242  1154  1233 D soundtrigger: audio_extn_sound_trigger_update_ec_ref_status: update audio echo ref status false
12-25 01:02:35.242  1154  1233 D audio_hw_primary: in_standby: enter: stream (0xf17a5500) usecase(23: audio-record)
12-25 01:02:35.242  1154  1233 D audio_hw_primary: adev_close_input_stream: exit:stream_handle(0xf17a5500)
12-25 01:02:35.242  1154  1154 D audio_hw_primary: adev_open_input_stream is_karaoke_fastcapture=0
12-25 01:02:35.242  1154  1154 D audio_hw_primary: adev_open_input_stream: enter: sample_rate(48000) channel_mask(0xc) devices(0x80000040)        stream_handle(0xf17a5780) io_handle(46) source(1) format 1
12-25 01:02:35.242  1154  1154 D audio_hw_primary: io_streams_map_insert: Added stream in io_streams_map with handle 46
12-25 01:02:35.242  1154  1154 D audio_hw_primary: adev_open_input_stream: exit
12-25 01:02:35.242  1154  1154 E device_utils: update_device_list: Invalid device: 0
12-25 01:02:35.243  1334  2255 I AudioFlinger: AudioFlinger's thread 0xb40000714562aa68 tid=2255 ready to run
12-25 01:02:35.243  1154  1154 D audio_hw_primary: in_standby: enter: stream (0xf17a5780) usecase(55: afe-proxy-record)
12-25 01:02:35.243  1334  2255 W AudioFlinger: no wake lock to update, system not ready yet
12-25 01:02:35.243  1154  1233 D audio_hw_primary: in_standby: enter: stream (0xf17a5780) usecase(55: afe-proxy-record)
12-25 01:02:35.243  1334  2255 W AudioFlinger: no wake lock to update, system not ready yet
12-25 01:02:35.243  1154  1233 D audio_hw_primary: adev_close_input_stream: enter:stream_handle(0xf17a5780)
12-25 01:02:35.243  1154  1233 D audio_hw_primary: io_streams_map_remove: Removed stream with handle 46
12-25 01:02:35.243  1154  1233 D soundtrigger: audio_extn_sound_trigger_check_ec_ref_enable: EC Reference is disabled
12-25 01:02:35.243  1154  1233 D sound_trigger_hw: handle_audio_ec_ref_enabled: Enter
12-25 01:02:35.243  1154  1233 D sound_trigger_hw: handle_audio_ec_ref_enabled: Exit audio ec ref=0
12-25 01:02:35.243  1154  1233 D soundtrigger: audio_extn_sound_trigger_update_ec_ref_status: update audio echo ref status false
12-25 01:02:35.243  1154  1233 D audio_hw_primary: in_standby: enter: stream (0xf17a5780) usecase(55: afe-proxy-record)
12-25 01:02:35.243  1154  1233 D audio_hw_primary: adev_close_input_stream: exit:stream_handle(0xf17a5780)
12-25 01:02:35.244  1334  1334 V APM_AudioPolicyManager: onNewAudioModulesAvailableInt skip opening input for mmap profile mmap_no_irq_in
12-25 01:02:35.244  1334  1334 V APM_AudioPolicyManager: onNewAudioModulesAvailableInt: Input device list is empty! for profile hifi_input
12-25 01:02:35.244  1154  1154 D audio_hw_primary: adev_open_input_stream is_karaoke_fastcapture=0
12-25 01:02:35.244  1154  1154 D audio_hw_primary: adev_open_input_stream: enter: sample_rate(48000) channel_mask(0x8000000f) devices(0x80000004)        stream_handle(0xf17a5a00) io_handle(54) source(1) format 1
12-25 01:02:35.244  1154  1154 D audio_hw_primary: adev_open_input_stream: using USECASE_AUDIO_RECORD or USECASE_AUDIO_RECORD_HIFI [23]
12-25 01:02:35.244  1154  1154 D audio_hw_primary: io_streams_map_insert: Added stream in io_streams_map with handle 54
12-25 01:02:35.244  1154  1154 D audio_hw_primary: adev_open_input_stream: exit
12-25 01:02:35.244  1154  1154 E device_utils: update_device_list: Invalid device: 0
12-25 01:02:35.244  1805  1805 E Diag_Lib:  Diag_LSM_Init: Failed to open handle to diag driver, error = 13
12-25 01:02:35.244  1805  1805 E Diag_Lib: qpLogDiagInit <== result : 0
12-25 01:02:35.244  1805  1805 E Diag_Lib: DATAD : gIsQXDMDisabled 0, gIsADBDisabled 1, gIsDebugDisabled 0, gIsIMSLogsDisabled 0
12-25 01:02:35.244  1805  1805 E Diag_Lib:  Diag_LSM_Init: Failed to open handle to diag driver, error = 13
12-25 01:02:35.244  1805  1805 E Diag_Lib: qpLogDiagInit <== result : 0
12-25 01:02:35.244  1805  1805 E Diag_Lib: DATAD : gIsQXDMDisabled 0, gIsADBDisabled 1, gIsDebugDisabled 0, gIsIMSLogsDisabled 0
12-25 01:02:35.244  1805  1805 E Diag_Lib:  Diag_LSM_Init: Failed to open handle to diag driver, error = 13
12-25 01:02:35.244  1805  1805 E Diag_Lib: qpLogDiagInit <== result : 0
12-25 01:02:35.244  1805  1805 E Diag_Lib: DATAD : gIsQXDMDisabled 0, gIsADBDisabled 1, gIsDebugDisabled 0, gIsIMSLogsDisabled 0
12-25 01:02:35.245  1334  2257 I AudioFlinger: AudioFlinger's thread 0xb40000714562aa68 tid=2257 ready to run
12-25 01:02:35.245  1154  1154 D audio_hw_primary: in_standby: enter: stream (0xf17a5a00) usecase(23: audio-record)
12-25 01:02:35.245  1334  2257 W AudioFlinger: no wake lock to update, system not ready yet
12-25 01:02:35.245  1154  1233 D audio_hw_primary: in_standby: enter: stream (0xf17a5a00) usecase(23: audio-record)
12-25 01:02:35.247  1334  2257 W AudioFlinger: no wake lock to update, system not ready yet
12-25 01:02:35.247  1154  1233 D audio_hw_primary: adev_close_input_stream: enter:stream_handle(0xf17a5a00)
12-25 01:02:35.247  1154  1233 D audio_hw_primary: io_streams_map_remove: Removed stream with handle 54
12-25 01:02:35.247  1154  1233 D soundtrigger: audio_extn_sound_trigger_check_ec_ref_enable: EC Reference is disabled
12-25 01:02:35.247  1154  1233 D sound_trigger_hw: handle_audio_ec_ref_enabled: Enter
12-25 01:02:35.247  1154  1233 D sound_trigger_hw: handle_audio_ec_ref_enabled: Exit audio ec ref=0
12-25 01:02:35.247  1154  1233 D soundtrigger: audio_extn_sound_trigger_update_ec_ref_status: update audio echo ref status false
12-25 01:02:35.247  1154  1233 D audio_hw_primary: in_standby: enter: stream (0xf17a5a00) usecase(23: audio-record)
12-25 01:02:35.247  1154  1233 D audio_hw_primary: adev_close_input_stream: exit:stream_handle(0xf17a5a00)
12-25 01:02:35.247  1154  1154 E DevicesFactoryHAL: loadAudioInterface couldn't load audio hw module audio.usb (No such file or directory)
12-25 01:02:35.247  1334  1334 W DevicesFactoryHalHidl: The specified device name is not recognized: "usb"
12-25 01:02:35.247  1334  1334 E AudioFlinger: loadHwModule() error -22 loading module usb
12-25 01:02:35.247  1334  1334 W APM_AudioPolicyManager: could not load HW module usb
12-25 01:02:35.250  1154  1154 I r_submix: adev_open(name=audio_hw_if)
12-25 01:02:35.250  1334  1334 W MelReporter: activateHalSoundDoseComputation: HAL cannot provide sound dose interface for module r_submix
12-25 01:02:35.250  1334  1334 W AudioFlinger: loadHwModule() sound dose reporting is not available
12-25 01:02:35.250  1154  1154 I r_submix: adev_init_check()
12-25 01:02:35.250  1334  1334 I AudioFlinger: loadHwModule() Loaded r_submix audio interface, handle 18
12-25 01:02:35.250  1154  1154 D r_submix: adev_open_input_stream(addr=0)
12-25 01:02:35.250  1154  1154 I r_submix: adev_open_input_stream(): about to create pipe at index 9, rate 48000, pipe size 4096
12-25 01:02:35.250  1154  1154 D r_submix: submix_audio_device_create_pipe_l(addr=0, idx=9)
12-25 01:02:35.250  1154  1154 D r_submix:   now using address 0 for route 9
12-25 01:02:35.251  1334  2261 I AudioFlinger: AudioFlinger's thread 0xb40000714562aa68 tid=2261 ready to run
12-25 01:02:35.251  1154  1154 I r_submix: in_standby()
12-25 01:02:35.251  1334  2261 W AudioFlinger: no wake lock to update, system not ready yet
12-25 01:02:35.251  1154  1154 I r_submix: in_standby()
12-25 01:02:35.251  1334  2261 W AudioFlinger: no wake lock to update, system not ready yet
12-25 01:02:35.251  1154  1154 D r_submix: adev_close_input_stream()
12-25 01:02:35.251  1154  1154 D r_submix: submix_audio_device_release_pipe_l(idx=9) addr=0
12-25 01:02:35.251  1154  1154 D r_submix: submix_audio_device_destroy_pipe_l(): pipe destroyed
12-25 01:02:35.253  1805  1805 E Diag_Lib:  Diag_LSM_Init: Failed to open handle to diag driver, error = 13
12-25 01:02:35.253  1805  1805 E Diag_Lib: qpLogDiagInit <== result : 0
12-25 01:02:35.253  1805  1805 E Diag_Lib: DATAD : gIsQXDMDisabled 0, gIsADBDisabled 1, gIsDebugDisabled 0, gIsIMSLogsDisabled 0
12-25 01:02:35.253  1805  1805 E Diag_Lib:  Diag_LSM_Init: Failed to open handle to diag driver, error = 13
12-25 01:02:35.253  1805  1805 E Diag_Lib: qpLogDiagInit <== result : 0
12-25 01:02:35.253  1805  1805 E Diag_Lib: DATAD : gIsQXDMDisabled 0, gIsADBDisabled 1, gIsDebugDisabled 0, gIsIMSLogsDisabled 0
12-25 01:02:35.254  1334  1334 W MelReporter: activateHalSoundDoseComputation: HAL cannot provide sound dose interface for module bluetooth
12-25 01:02:35.254  1334  1334 W AudioFlinger: loadHwModule() sound dose reporting is not available
12-25 01:02:35.254  1334  1334 I AudioFlinger: loadHwModule() Loaded bluetooth audio interface, handle 26
12-25 01:02:35.255  1805  1805 W libc    : Unable to set property "ctl.stop" to "vendor.imsrcsservice": PROP_ERROR_HANDLE_CONTROL_MESSAGE (0x20)
12-25 01:02:35.255  1334  1334 W FactoryHal: hasAidlHalService android.hardware.audio.effect.IFactory/default: false
12-25 01:02:35.255   648   648 I hwservicemanager: getTransport: Cannot find entry android.hardware.audio.effect@7.1::IEffectsFactory/default in either framework or device VINTF manifest.
12-25 01:02:35.255   648   648 I hwservicemanager: getTransport: Cannot find entry android.hardware.audio.effect@7.0::IEffectsFactory/default in either framework or device VINTF manifest.
12-25 01:02:35.256  1334  1334 W FactoryHal: hasAidlHalService android.hardware.audio.core.IModule/default: false
12-25 01:02:35.256   648   648 I hwservicemanager: getTransport: Cannot find entry android.hardware.audio@7.1::IDevicesFactory/default in either framework or device VINTF manifest.
12-25 01:02:35.256   648   648 I hwservicemanager: getTransport: Cannot find entry android.hardware.audio@7.0::IDevicesFactory/default in either framework or device VINTF manifest.
12-25 01:02:35.257  1805  1805 W libc    : Unable to set property "ctl.start" to "vendor.imsrcsservice": PROP_ERROR_HANDLE_CONTROL_MESSAGE (0x20)
12-25 01:02:35.257  1805  1805 E Diag_Lib:  Diag_LSM_Init: Failed to open handle to diag driver, error = 13
12-25 01:02:35.257  1805  1805 E Diag_Lib: qpLogDiagInit <== result : 0
12-25 01:02:35.257  1805  1805 E Diag_Lib: DATAD : gIsQXDMDisabled 0, gIsADBDisabled 1, gIsDebugDisabled 0, gIsIMSLogsDisabled 0
12-25 01:02:35.257  1805  1805 E Diag_Lib:  Diag_LSM_Init: Failed to open handle to diag driver, error = 13
12-25 01:02:35.257  1805  1805 E Diag_Lib: qpLogDiagInit <== result : 0
12-25 01:02:35.257  1805  1805 E Diag_Lib: DATAD : gIsQXDMDisabled 0, gIsADBDisabled 1, gIsDebugDisabled 0, gIsIMSLogsDisabled 0
12-25 01:02:35.257  1805  1805 E Diag_Lib:  Diag_LSM_Init: Failed to open handle to diag driver, error = 13
12-25 01:02:35.257  1805  1805 E Diag_Lib: qpLogDiagInit <== result : 0
12-25 01:02:35.257  1805  1805 E Diag_Lib: DATAD : gIsQXDMDisabled 0, gIsADBDisabled 1, gIsDebugDisabled 0, gIsIMSLogsDisabled 0
12-25 01:02:35.257  1805  1805 E Diag_Lib:  Diag_LSM_Init: Failed to open handle to diag driver, error = 13
12-25 01:02:35.257  1805  1805 E Diag_Lib: qpLogDiagInit <== result : 0
12-25 01:02:35.257  1805  1805 E Diag_Lib: DATAD : gIsQXDMDisabled 0, gIsADBDisabled 1, gIsDebugDisabled 0, gIsIMSLogsDisabled 0
12-25 01:02:35.257  1805  1805 E Diag_Lib:  Diag_LSM_Init: Failed to open handle to diag driver, error = 13
12-25 01:02:35.257  1805  1805 E Diag_Lib: qpLogDiagInit <== result : 0
12-25 01:02:35.257  1805  1805 E Diag_Lib: DATAD : gIsQXDMDisabled 0, gIsADBDisabled 1, gIsDebugDisabled 0, gIsIMSLogsDisabled 0
12-25 01:02:35.257  1805  1805 E Diag_Lib:  Diag_LSM_Init: Failed to open handle to diag driver, error = 13
12-25 01:02:35.257  1805  1805 E Diag_Lib: qpLogDiagInit <== result : 0
12-25 01:02:35.257  1805  1805 E Diag_Lib: DATAD : gIsQXDMDisabled 0, gIsADBDisabled 1, gIsDebugDisabled 0, gIsIMSLogsDisabled 0
12-25 01:02:35.257  1805  1805 E Diag_Lib:  Diag_LSM_Init: Failed to open handle to diag driver, error = 13
12-25 01:02:35.257  1805  1805 E Diag_Lib: qpLogDiagInit <== result : 0
12-25 01:02:35.257  1805  1805 E Diag_Lib: DATAD : gIsQXDMDisabled 0, gIsADBDisabled 1, gIsDebugDisabled 0, gIsIMSLogsDisabled 0
12-25 01:02:35.257  1805  1805 E Diag_Lib:  Diag_LSM_Init: Failed to open handle to diag driver, error = 13
12-25 01:02:35.257  1805  1805 E Diag_Lib: qpLogDiagInit <== result : 0
12-25 01:02:35.257  1805  1805 E Diag_Lib: DATAD : gIsQXDMDisabled 0, gIsADBDisabled 1, gIsDebugDisabled 0, gIsIMSLogsDisabled 0
12-25 01:02:35.257  1805  1805 E Diag_Lib:  Diag_LSM_Init: Failed to open handle to diag driver, error = 13
12-25 01:02:35.257  1805  1805 E Diag_Lib: qpLogDiagInit <== result : 0
12-25 01:02:35.257  1805  1805 E Diag_Lib: DATAD : gIsQXDMDisabled 0, gIsADBDisabled 1, gIsDebugDisabled 0, gIsIMSLogsDisabled 0
12-25 01:02:35.257  1805  1805 E Diag_Lib:  Diag_LSM_Init: Failed to open handle to diag driver, error = 13
12-25 01:02:35.257  1805  1805 E Diag_Lib: qpLogDiagInit <== result : 0
12-25 01:02:35.257  1805  1805 E Diag_Lib: DATAD : gIsQXDMDisabled 0, gIsADBDisabled 1, gIsDebugDisabled 0, gIsIMSLogsDisabled 0
12-25 01:02:35.257  1805  1805 E Diag_Lib:  Diag_LSM_Init: Failed to open handle to diag driver, error = 13
12-25 01:02:35.257  1805  1805 E Diag_Lib: qpLogDiagInit <== result : 0
12-25 01:02:35.257  1805  1805 E Diag_Lib: DATAD : gIsQXDMDisabled 0, gIsADBDisabled 1, gIsDebugDisabled 0, gIsIMSLogsDisabled 0
12-25 01:02:35.258  1805  1805 E Diag_Lib:  Diag_LSM_Init: Failed to open handle to diag driver, error = 13
12-25 01:02:35.258  1805  1805 E Diag_Lib: qpLogDiagInit <== result : 0
12-25 01:02:35.258  1805  1805 E Diag_Lib: DATAD : gIsQXDMDisabled 0, gIsADBDisabled 1, gIsDebugDisabled 0, gIsIMSLogsDisabled 0
12-25 01:02:35.258  1805  1805 E Diag_Lib:  Diag_LSM_Init: Failed to open handle to diag driver, error = 13
12-25 01:02:35.258  1805  1805 E Diag_Lib: qpLogDiagInit <== result : 0
12-25 01:02:35.258  1805  1805 E Diag_Lib: DATAD : gIsQXDMDisabled 0, gIsADBDisabled 1, gIsDebugDisabled 0, gIsIMSLogsDisabled 0
12-25 01:02:35.258  1805  1805 E Diag_Lib:  Diag_LSM_Init: Failed to open handle to diag driver, error = 13
12-25 01:02:35.258  1805  1805 E Diag_Lib: qpLogDiagInit <== result : 0
12-25 01:02:35.258  1805  1805 E Diag_Lib: DATAD : gIsQXDMDisabled 0, gIsADBDisabled 1, gIsDebugDisabled 0, gIsIMSLogsDisabled 0
12-25 01:02:35.258  1805  1805 E Diag_Lib:  Diag_LSM_Init: Failed to open handle to diag driver, error = 13
12-25 01:02:35.258  1805  1805 E Diag_Lib: qpLogDiagInit <== result : 0
12-25 01:02:35.258  1805  1805 E Diag_Lib: DATAD : gIsQXDMDisabled 0, gIsADBDisabled 1, gIsDebugDisabled 0, gIsIMSLogsDisabled 0
12-25 01:02:35.261  1805  1805 E Diag_Lib:  Diag_LSM_Init: Failed to open handle to diag driver, error = 13
12-25 01:02:35.261  1805  1805 E Diag_Lib: qpLogDiagInit <== result : 0
12-25 01:02:35.261  1805  1805 E Diag_Lib: DATAD : gIsQXDMDisabled 0, gIsADBDisabled 1, gIsDebugDisabled 0, gIsIMSLogsDisabled 0
12-25 01:02:35.263  1805  1805 E Diag_Lib:  Diag_LSM_Init: Failed to open handle to diag driver, error = 13
12-25 01:02:35.263  1805  1805 E Diag_Lib: qpLogDiagInit <== result : 0
12-25 01:02:35.263  1805  1805 E Diag_Lib: DATAD : gIsQXDMDisabled 0, gIsADBDisabled 1, gIsDebugDisabled 0, gIsIMSLogsDisabled 0
12-25 01:02:35.265   647  2265 W libc    : Unable to set property "ctl.interface_start" to "aidl/activity": PROP_ERROR_HANDLE_CONTROL_MESSAGE (0x20)
12-25 01:02:35.266  2263  2263 I shsusrd : Initializing shsusrd [2263]- v2.0.24-45
12-25 01:02:35.266  1805  1805 E Diag_Lib:  Diag_LSM_Init: Failed to open handle to diag driver, error = 13
12-25 01:02:35.266  1805  1805 E Diag_Lib: qpLogDiagInit <== result : 0
12-25 01:02:35.266  1805  1805 E Diag_Lib: DATAD : gIsQXDMDisabled 0, gIsADBDisabled 1, gIsDebugDisabled 0, gIsIMSLogsDisabled 0
12-25 01:02:35.266  1805  1805 E Diag_Lib:  Diag_LSM_Init: Failed to open handle to diag driver, error = 13
12-25 01:02:35.266  1805  1805 E Diag_Lib: qpLogDiagInit <== result : 0
12-25 01:02:35.266  1805  1805 E Diag_Lib: DATAD : gIsQXDMDisabled 0, gIsADBDisabled 1, gIsDebugDisabled 0, gIsIMSLogsDisabled 0
12-25 01:02:35.266  1805  1805 E Diag_Lib:  Diag_LSM_Init: Failed to open handle to diag driver, error = 13
12-25 01:02:35.266  1805  1805 E Diag_Lib: qpLogDiagInit <== result : 0
12-25 01:02:35.266  1805  1805 E Diag_Lib: DATAD : gIsQXDMDisabled 0, gIsADBDisabled 1, gIsDebugDisabled 0, gIsIMSLogsDisabled 0
12-25 01:02:35.315  1182  1302 I LocSvc_api_v02: ---> locClientSendReq line 2409 QMI_LOC_REG_EVENTS_REQ_V02
12-25 01:02:35.315  1730  1757 I LocSvc_api_v02: ---> locClientSendReq line 2409 QMI_LOC_REG_EVENTS_REQ_V02
